---
source: crates/nsl-codegen/tests/bitnet_ptx_snapshots.rs
assertion_line: 65
expression: ptx
---
// === BitNet finalize ===
// Cast FP32 -> F16/BF16 and store to HBM.
cvt.rn.f16.f32 %h_y, %f_y_out;
mul.lo.u32 %r_yoff, %r_row_id, %r_out_dim;
add.u32 %r_yoff, %r_yoff, %r_col_id;
shl.b32 %r_yoff, %r_yoff, 1;
cvt.u64.u32 %rd_yoff, %r_yoff;
cvta.to.global.u64 %rd_y_global, %rd_y_out;
add.s64 %rd_y_addr, %rd_y_global, %rd_yoff;
st.global.b16 [%rd_y_addr], %h_y;
// === end BitNet finalize ===
