---
source: crates/nsl-codegen/tests/tier_b1_pipeline_helpers_snapshot.rs
expression: ptx
---
    // Tier B.1 outer prologue: prime slot[0] + slot[1] x_kv loads
    // === slot[0].x_kv <- HBM[kv_iter=0] ===
    cp.async.commit_group; // group 0
    // === slot[1].x_kv <- HBM[kv_iter=1] ===
    cp.async.commit_group; // group 1
    // wait for slot[0] (leaves slot[1] in flight)
    cp.async.wait_group 1;
    bar.sync 0;
