---
source: crates/nsl-codegen/tests/train_clif_snapshots.rs
expression: render(&first)
---
--- IR: model ctor 'Tiny' ---
function <model ctor 'Tiny'>() -> i64 <callconv> {
    sig0 = (i64) -> i64 <callconv>
    sig1 = () -> i64 <callconv>
    sig2 = (i64, i64) <callconv>
    sig3 = (i64) -> i64 <callconv>
    fn0 = nsl_alloc sig0
    fn1 = nsl_list_new sig1
    fn2 = nsl_list_push sig2
    fn3 = nsl_tensor_ones sig3

block0:
    v0 = iconst.i64 8
    v1 = call fn0(v0)  ; v0 = 8
    v2 = call fn1()
    v3 = iconst.i64 64
    call fn2(v2, v3)  ; v3 = 64
    v4 = iconst.i64 4
    call fn2(v2, v4)  ; v4 = 4
    v5 = call fn3(v2)
    store notrap aligned v5, v1
    return v1
}

--- IR: model method '__nsl_model_Tiny_forward' ---
function <model method '__nsl_model_Tiny_forward'>(i64, i64) -> i64 <callconv> {
    sig0 = () -> i64 <callconv>
    sig1 = (i64, i64) <callconv>
    sig2 = (i64, i64) -> i64 <callconv>
    sig3 = (i64, i64) -> i64 <callconv>
    sig4 = (i64) <callconv>
    fn0 = nsl_list_new sig0
    fn1 = nsl_list_push sig1
    fn2 = nsl_tensor_reshape sig2
    fn3 = nsl_tensor_embedding_lookup sig3
    fn4 = nsl_tensor_free sig4

block0(v0: i64, v1: i64):
    v2 = load.i64 notrap aligned v0
    v3 = call fn0()
    v4 = iconst.i64 8
    call fn1(v3, v4)  ; v4 = 8
    v5 = call fn2(v1, v3)
    v6 = call fn3(v2, v5)
    call fn4(v5)
    v7 = iconst.i64 0
    return v6
}

--- IR: main ---
function <main>(i32, i64) -> i32 <callconv> {
    gv0 = symbol colocated .str.1
    gv1 = symbol colocated .str.2
    gv2 = symbol colocated .str.3
    gv3 = symbol colocated .str.4
    gv4 = symbol colocated .str.5
    gv5 = symbol colocated .str.6
    gv6 = symbol colocated .str.7
    gv7 = symbol colocated .str.8
    gv8 = symbol colocated .str.5
    gv9 = symbol colocated .str.9
    gv10 = symbol colocated .str.10
    sig0 = (i32, i64) <callconv>
    sig1 = (i64, i64) -> i64 <callconv>
    sig2 = () -> i64 <callconv>
    sig3 = (f64, f64, f64) -> i64 <callconv>
    sig4 = (i64, i64) -> i64 <callconv>
    sig5 = (i64) -> i64 <callconv>
    sig6 = (i64) <callconv>
    sig7 = (i64, i64, i64, i64) -> i64 <callconv>
    sig8 = (i64) <callconv>
    sig9 = () -> i64 <callconv>
    sig10 = (i64, i64) <callconv>
    sig11 = (i64) -> i64 <callconv>
    sig12 = () <callconv>
    sig13 = () -> i8 <callconv>
    sig14 = (i8) <callconv>
    sig15 = () -> i64 <callconv>
    sig16 = (i64, i64) <callconv>
    sig17 = (i8) <callconv>
    sig18 = () -> i64 <callconv>
    sig19 = (i64, i64) <callconv>
    sig20 = () -> i64 <callconv>
    sig21 = () -> i64 <callconv>
    sig22 = (i64, i64) -> i64 <callconv>
    sig23 = (i8) <callconv>
    sig24 = (i64) -> i64 <callconv>
    sig25 = (i64, i64) <callconv>
    sig26 = (i8) <callconv>
    sig27 = (i64) -> i64 <callconv>
    sig28 = (i64, i64) <callconv>
    sig29 = (i8) <callconv>
    sig30 = (i64, i64) -> i64 <callconv>
    sig31 = (i64) <callconv>
    sig32 = (i64) -> i64 <callconv>
    sig33 = (i64, i64) -> i64 <callconv>
    sig34 = (i64, i64) -> i64 <callconv>
    sig35 = (i64, i64) -> i64 <callconv>
    sig36 = (i64, i64) <callconv>
    sig37 = (i64, i64) <callconv>
    sig38 = (i64, i64) -> i8 <callconv>
    sig39 = (i64, i64) -> i64 <callconv>
    sig40 = (i64, i64) -> i64 <callconv>
    sig41 = (i64) -> i64 <callconv>
    sig42 = (i64) -> i64 <callconv>
    sig43 = (i64, i64) <callconv>
    sig44 = (i64, i64) <callconv>
    sig45 = () <callconv>
    sig46 = (i8) <callconv>
    sig47 = (i64) <callconv>
    sig48 = (i8) <callconv>
    sig49 = (i64, i64) <callconv>
    sig50 = (i64) <callconv>
    sig51 = (i64, i64) -> i64 <callconv>
    sig52 = () -> i64 <callconv>
    sig53 = (i64, i64) <callconv>
    sig54 = (i64, i64) -> i64 <callconv>
    sig55 = (i64, i64) -> i64 <callconv>
    sig56 = (i64, i64, i8) -> i64 <callconv>
    sig57 = (i64, i64, i8) -> i64 <callconv>
    sig58 = (i64, i64, i64) -> i64 <callconv>
    sig59 = (i64) <callconv>
    sig60 = (f64, i64) -> i64 <callconv>
    sig61 = (i64) -> i64 <callconv>
    sig62 = (i64, i64, i8) -> i64 <callconv>
    sig63 = (i64, i64) -> i64 <callconv>
    sig64 = (i64, i64, i8) -> i64 <callconv>
    sig65 = (i64, i64) -> i64 <callconv>
    sig66 = (i64, i64, i8) -> i64 <callconv>
    sig67 = (i64, i64, i64) -> i64 <callconv>
    sig68 = () -> i64 <callconv>
    sig69 = () -> i8 <callconv>
    sig70 = (i8) <callconv>
    sig71 = (i64, i64) -> i64 <callconv>
    sig72 = (i64) -> i64 <callconv>
    sig73 = (i64, i64) <callconv>
    sig74 = (i8) <callconv>
    sig75 = (i64, i64) -> i64 <callconv>
    sig76 = (i64, i64) -> i64 <callconv>
    sig77 = (i64, i64, i8) -> i64 <callconv>
    sig78 = (i64) <callconv>
    sig79 = (i64, i64, i64) <callconv>
    sig80 = (i8, i64) <callconv>
    sig81 = (i64) <callconv>
    sig82 = (i64) <callconv>
    sig83 = (i64) <callconv>
    sig84 = (i64) <callconv>
    sig85 = (i64) <callconv>
    sig86 = (i64) <callconv>
    sig87 = (i64) <callconv>
    sig88 = (i64) <callconv>
    sig89 = (i64) <callconv>
    sig90 = (i64) <callconv>
    sig91 = (i64) <callconv>
    sig92 = (i64) <callconv>
    sig93 = (i8) <callconv>
    sig94 = (i64, i64) -> i64 <callconv>
    sig95 = (i64, i64) -> i64 <callconv>
    sig96 = (i64, i64) -> i64 <callconv>
    sig97 = (i64, i64) -> i64 <callconv>
    sig98 = (i64, i64, i64, i64, f64, f64, f64, f64, f64, f64) <callconv>
    sig99 = (i64, i64) -> i64 <callconv>
    sig100 = (i64) <callconv>
    sig101 = (i64) <callconv>
    sig102 = (i64, i64, i64, i64, i64, i64, i64, i64, i64) <callconv>
    sig103 = (i64) <callconv>
    sig104 = (i64) <callconv>
    sig105 = (i64) <callconv>
    sig106 = () <callconv>
    sig107 = (i8) <callconv>
    sig108 = () <callconv>
    sig109 = (i64) <callconv>
    sig110 = (i64) <callconv>
    sig111 = (i64) <callconv>
    sig112 = (i64, i64) -> i64 <callconv>
    sig113 = (i64) <callconv>
    sig114 = (i64, i64) -> i64 <callconv>
    sig115 = (i64) <callconv>
    sig116 = (i64) <callconv>
    sig117 = (i64) <callconv>
    sig118 = (i64) -> i64 <callconv>
    sig119 = (i64) <callconv>
    sig120 = (i64) <callconv>
    sig121 = (i64) <callconv>
    sig122 = (i64) <callconv>
    sig123 = (i64) <callconv>
    sig124 = (i64) <callconv>
    fn0 = nsl_args_init sig0
    fn1 = nsl_set_exec_fingerprint sig1
    fn2 = colocated __nsl_model_Tiny sig2
    fn3 = nsl_tensor_arange sig3
    fn4 = nsl_tensor_to_device sig4
    fn5 = nsl_tensor_contiguous sig5
    fn6 = nsl_tensor_free sig6
    fn7 = nsl_dataloader_create sig7
    fn8 = nsl_dataloader_start sig8
    fn9 = nsl_list_new sig9
    fn10 = nsl_list_push sig10
    fn11 = nsl_tensor_zeros sig11
    fn12 = nsl_gpu_set_persistent_pool sig12
    fn13 = nsl_gpu_get_alloc_surface sig13
    fn14 = nsl_gpu_set_alloc_surface sig14
    fn15 = nsl_list_new sig15
    fn16 = nsl_list_push sig16
    fn17 = nsl_gpu_set_alloc_surface sig17
    fn18 = nsl_list_new sig18
    fn19 = nsl_list_push sig19
    fn20 = nsl_list_new sig20
    fn21 = nsl_list_new sig21
    fn22 = nsl_list_get sig22
    fn23 = nsl_gpu_set_alloc_surface sig23
    fn24 = nsl_tensor_zeros_like sig24
    fn25 = nsl_list_push sig25
    fn26 = nsl_gpu_set_alloc_surface sig26
    fn27 = nsl_tensor_zeros_like sig27
    fn28 = nsl_list_push sig28
    fn29 = nsl_gpu_set_alloc_surface sig29
    fn30 = nsl_set_train_config_record sig30
    fn31 = nsl_dataloader_reset sig31
    fn32 = nsl_dataloader_next_batch sig32
    fn33 = nsl_packed_batch_align_device sig33
    fn34 = nsl_dict_get_str sig34
    fn35 = nsl_dict_get_str sig35
    fn36 = nsl_tensor_prefetch sig36
    fn37 = nsl_tensor_prefetch sig37
    fn38 = nsl_dict_contains sig38
    fn39 = nsl_dict_get_str sig39
    fn40 = nsl_dict_get_str sig40
    fn41 = nsl_tensor_data_ptr sig41
    fn42 = nsl_tensor_data_ptr sig42
    fn43 = nsl_packing_metadata_set sig43
    fn44 = nsl_packing_metadata_set sig44
    fn45 = nsl_gpu_set_transient_pool sig45
    fn46 = nsl_gpu_set_alloc_surface sig46
    fn47 = nsl_debug_gpu_mem sig47
    fn48 = nsl_set_training_mode sig48
    fn49 = nsl_train_input_device_guard sig49
    fn50 = nsl_set_inplace_suppressed sig50
    fn51 = nsl_dict_get_str sig51
    fn52 = nsl_list_new sig52
    fn53 = nsl_list_push sig53
    fn54 = nsl_tensor_reshape sig54
    fn55 = nsl_tensor_embedding_lookup sig55
    fn56 = nsl_tensor_sub sig56
    fn57 = nsl_tensor_mul sig57
    fn58 = nsl_tensor_mean_dim sig58
    fn59 = nsl_set_inplace_suppressed sig59
    fn60 = nsl_tensor_scalar sig60
    fn61 = nsl_tensor_clone sig61
    fn62 = nsl_tensor_mul sig62
    fn63 = nsl_tensor_reduce_to_shape sig63
    fn64 = nsl_tensor_mul sig64
    fn65 = nsl_tensor_reduce_to_shape sig65
    fn66 = nsl_tensor_add sig66
    fn67 = nsl_embedding_backward sig67
    fn68 = nsl_list_new sig68
    fn69 = nsl_gpu_get_alloc_surface sig69
    fn70 = nsl_gpu_set_alloc_surface sig70
    fn71 = nsl_list_get sig71
    fn72 = nsl_tensor_zeros_like sig72
    fn73 = nsl_list_push sig73
    fn74 = nsl_gpu_set_alloc_surface sig74
    fn75 = nsl_list_get sig75
    fn76 = nsl_list_get sig76
    fn77 = nsl_tensor_add sig77
    fn78 = nsl_tensor_free sig78
    fn79 = nsl_list_set sig79
    fn80 = nsl_assert sig80
    fn81 = nsl_tensor_free sig81
    fn82 = nsl_tensor_free sig82
    fn83 = nsl_tensor_free sig83
    fn84 = nsl_tensor_free sig84
    fn85 = nsl_tensor_free sig85
    fn86 = nsl_tensor_free sig86
    fn87 = nsl_tensor_free sig87
    fn88 = nsl_list_free sig88
    fn89 = nsl_tensor_free sig89
    fn90 = nsl_tensor_free sig90
    fn91 = nsl_tensor_free sig91
    fn92 = nsl_tensor_free sig92
    fn93 = nsl_set_training_mode sig93
    fn94 = nsl_list_get sig94
    fn95 = nsl_list_get sig95
    fn96 = nsl_list_get sig96
    fn97 = nsl_list_get sig97
    fn98 = nsl_optim_adamw__adamw_step sig98
    fn99 = nsl_list_get sig99
    fn100 = nsl_tensor_free sig100
    fn101 = nsl_list_free sig101
    fn102 = nsl_train_checkpoint_save sig102
    fn103 = nsl_print_int sig103
    fn104 = nsl_tensor_free sig104
    fn105 = nsl_dict_free_tensor_values sig105
    fn106 = nsl_gpu_set_persistent_pool sig106
    fn107 = nsl_gpu_set_alloc_surface sig107
    fn108 = nsl_gpu_drain_cache sig108
    fn109 = nsl_debug_gpu_mem sig109
    fn110 = nsl_debug_gpu_alloc_summary sig110
    fn111 = nsl_list_free sig111
    fn112 = nsl_list_get sig112
    fn113 = nsl_tensor_free sig113
    fn114 = nsl_list_get sig114
    fn115 = nsl_tensor_free sig115
    fn116 = nsl_list_free sig116
    fn117 = nsl_list_free sig117
    fn118 = nsl_tensor_sum sig118
    fn119 = nsl_tensor_print sig119
    fn120 = nsl_tensor_free sig120
    fn121 = nsl_dataloader_stop sig121
    fn122 = nsl_dataloader_free sig122
    fn123 = nsl_tensor_free_if_valid sig123
    fn124 = nsl_tensor_free_if_valid sig124

block0(v0: i32, v1: i64):
    call fn0(v0, v1)
    v2 = symbol_value.i64 gv0
    v3 = iconst.i64 160
    v4 = call fn1(v2, v3)  ; v3 = 160
    v5 = call fn2()
    v272 -> v5
    v295 -> v5
    v309 -> v5
    v102 -> v272
    v101 -> v102
    v273 -> v102
    v274 -> v102
    v275 -> v102
    v276 -> v102
    v277 -> v102
    v278 -> v276
    v6 = iconst.i64 64
    v7 = fcvt_from_sint.f64 v6  ; v6 = 64
    v8 = f64const 0.0
    v9 = f64const 0x1.0000000000000p0
    v10 = call fn3(v8, v7, v9)  ; v8 = 0.0, v9 = 0x1.0000000000000p0
    v258 -> v10
    v293 -> v10
    v316 -> v10
    v98 -> v258
    v97 -> v98
    v259 -> v98
    v260 -> v98
    v261 -> v98
    v262 -> v98
    v263 -> v98
    v264 -> v262
    v11 = symbol_value.i64 gv1
    v12 = iconst.i64 61
    v13 = iconst.i64 0
    v14 = call fn4(v10, v13)  ; v13 = 0
    v15 = call fn5(v14)
    call fn6(v14)
    v16 = iconst.i64 0
    v17 = iconst.i64 0
    v18 = call fn7(v15, v17, v11, v12)  ; v17 = 0, v12 = 61
    v265 -> v18
    v294 -> v18
    v100 -> v265
    v99 -> v100
    v266 -> v100
    v267 -> v100
    v268 -> v100
    v269 -> v100
    v270 -> v100
    v271 -> v269
    call fn8(v18)
    v19 = iconst.i64 0
    v20 = call fn9()
    v21 = iconst.i64 8
    call fn10(v20, v21)  ; v21 = 8
    v22 = iconst.i64 4
    call fn10(v20, v22)  ; v22 = 4
    v23 = call fn11(v20)
    v279 -> v23
    v296 -> v23
    v318 -> v23
    v104 -> v279
    v103 -> v104
    v280 -> v104
    v281 -> v104
    v282 -> v104
    v283 -> v104
    v284 -> v104
    v285 -> v283
    call fn12()
    v24 = iconst.i64 0
    v25 = call fn13()
    v26 = iconst.i8 1
    call fn14(v26)  ; v26 = 1
    v27 = iconst.i64 0
    v28 = call fn15()
    v29 = load.i64 notrap aligned v5
    call fn16(v28, v29)
    v30 = iconst.i64 0
    call fn17(v25)
    v31 = iconst.i64 0
    v32 = call fn18()
    v33 = symbol_value.i64 gv2
    call fn19(v32, v33)
    v34 = iconst.i64 0
    v35 = iconst.i64 1
    v36 = call fn20()
    v37 = call fn21()
    v38 = iconst.i64 0
    jump block1(v38)  ; v38 = 0

block1(v39: i64):
    v40 = icmp slt v39, v35  ; v35 = 1
    brif v40, block2, block3

block2:
    v41 = call fn22(v28, v39)
    v42 = iconst.i8 2
    call fn23(v42)  ; v42 = 2
    v43 = iconst.i64 0
    v44 = call fn24(v41)
    call fn25(v36, v44)
    v45 = iconst.i64 0
    v46 = iconst.i8 3
    call fn26(v46)  ; v46 = 3
    v47 = iconst.i64 0
    v48 = call fn27(v41)
    call fn28(v37, v48)
    v49 = iconst.i64 0
    v50 = iconst.i64 1
    v51 = iadd.i64 v39, v50  ; v50 = 1
    jump block1(v51)

block3:
    call fn29(v25)
    v52 = iconst.i64 0
    v53 = f64const 0x1.47ae147ae147bp-7
    v286 -> v53
    v189 -> v286
    v186 -> v189
    v187 -> v189
    v188 -> v189
    v287 -> v189
    v288 -> v189
    v289 -> v189
    v190 -> v186
    v54 = iconst.i64 0
    v55 = symbol_value.i64 gv3
    v56 = iconst.i64 161
    v57 = call fn30(v55, v56)  ; v56 = 161
    v58 = iconst.i64 0
    v59 = iconst.i64 2
    jump block4(v58, v54)  ; v58 = 0, v54 = 0

block4(v60: i64, v257: i64):
    v237 -> v60
    v232 -> v237
    v233 -> v237
    v234 -> v237
    v235 -> v237
    v236 -> v237
    v290 -> v237
    v238 -> v234
    v61 = icmp slt v60, v59  ; v59 = 2
    brif v61, block5, block7

block5:
    v62 = iconst.i64 0
    v63 = iconst.i64 0
    call fn31(v18)
    v64 = iconst.i64 0
    jump block9(v257)

block9(v92: i64):
    v91 -> v92
    v205 -> v92
    v212 -> v92
    v213 -> v92
    v223 -> v92
    v214 -> v212
    v65 = call fn32(v18)
    v96 -> v65
    v244 -> v65
    v245 -> v65
    v246 -> v65
    v247 -> v65
    v248 -> v65
    v249 -> v247
    v66 = iconst.i64 0
    v67 = icmp eq v65, v66  ; v66 = 0
    brif v67, block8, block10

block10:
    v68 = call fn33(v65, v28)
    v69 = symbol_value.i64 gv4
    v70 = symbol_value.i64 gv5
    v71 = call fn34(v65, v69)
    v72 = call fn35(v65, v70)
    v73 = iconst.i64 1
    call fn36(v71, v73)  ; v73 = 1
    v74 = iconst.i64 0
    call fn37(v72, v73)  ; v73 = 1
    v75 = iconst.i64 0
    v76 = symbol_value.i64 gv6
    v77 = call fn38(v65, v76)
    v78 = iconst.i8 0
    v79 = icmp ne v77, v78  ; v78 = 0
    brif v79, block11, block12

block11:
    v80 = call fn39(v65, v76)
    v81 = symbol_value.i64 gv7
    v82 = call fn40(v65, v81)
    v83 = call fn41(v80)
    v84 = call fn42(v82)
    call fn43(v83, v84)
    v85 = iconst.i64 0
    jump block13

block12:
    v86 = iconst.i64 0
    call fn44(v86, v86)  ; v86 = 0, v86 = 0
    v87 = iconst.i64 0
    jump block13

block13:
    call fn45()
    v88 = iconst.i64 0
    v89 = iconst.i8 6
    call fn46(v89)  ; v89 = 6
    v90 = iconst.i64 0
    call fn47(v92)
    v93 = iconst.i64 0
    v94 = iconst.i8 1
    call fn48(v94)  ; v94 = 1
    v95 = iconst.i64 0
    call fn49(v103, v28)
    v105 = iconst.i64 0
    v106 = load.i64 notrap aligned v5
    v107 = iconst.i64 1
    call fn50(v107)  ; v107 = 1
    v108 = iconst.i64 0
    v109 = symbol_value.i64 gv8
    v110 = call fn51(v96, v109)
    v111 = iconst.i64 8
    v112 = call fn52()
    call fn53(v112, v111)  ; v111 = 8
    v113 = iconst.i64 0
    v114 = call fn54(v110, v112)
    v115 = call fn55(v106, v114)
    v116 = iconst.i8 0
    v117 = call fn56(v115, v103, v116)  ; v116 = 0
    v118 = iconst.i8 0
    v119 = call fn57(v117, v117, v118)  ; v118 = 0
    v120 = iconst.i64 -1
    v121 = iconst.i64 0
    v122 = call fn58(v119, v120, v121)  ; v120 = -1, v121 = 0
    v123 = iconst.i64 0
    call fn59(v123)  ; v123 = 0
    v124 = iconst.i64 0
    v125 = f64const 0x1.0000000000000p0
    v126 = iconst.i64 1
    v127 = call fn60(v125, v126)  ; v125 = 0x1.0000000000000p0, v126 = 1
    v128 = call fn61(v127)
    v129 = iconst.i8 0
    v130 = call fn62(v128, v117, v129)  ; v129 = 0
    v131 = call fn63(v130, v117)
    v132 = iconst.i8 0
    v133 = call fn64(v128, v117, v132)  ; v132 = 0
    v134 = call fn65(v133, v117)
    v135 = iconst.i8 0
    v136 = call fn66(v131, v134, v135)  ; v135 = 0
    v137 = call fn67(v136, v114, v106)
    v138 = call fn68()
    v139 = call fn69()
    v140 = iconst.i8 5
    call fn70(v140)  ; v140 = 5
    v141 = iconst.i64 0
    v142 = iconst.i64 0
    jump block14(v142)  ; v142 = 0

block14(v143: i64):
    v144 = icmp slt v143, v35  ; v35 = 1
    brif v144, block15, block16

block15:
    v145 = call fn71(v28, v143)
    v146 = call fn72(v145)
    call fn73(v138, v146)
    v147 = iconst.i64 0
    v148 = iconst.i64 1
    v149 = iadd.i64 v143, v148  ; v148 = 1
    jump block14(v149)

block16:
    call fn74(v139)
    v150 = iconst.i64 0
    v151 = iconst.i64 0
    jump block17(v151, v151)  ; v151 = 0, v151 = 0

block17(v152: i64, v159: i64):
    v153 = icmp slt v152, v35  ; v35 = 1
    brif v153, block18, block21

block18:
    v154 = call fn75(v28, v152)
    v155 = icmp eq v154, v106
    brif v155, block19, block20(v159)

block19:
    v156 = call fn76(v138, v152)
    v157 = iconst.i8 0
    v158 = call fn77(v156, v137, v157)  ; v157 = 0
    v160 = iconst.i64 1
    v161 = iadd.i64 v159, v160  ; v160 = 1
    call fn78(v156)
    v162 = iconst.i64 0
    call fn79(v138, v152, v158)
    v163 = iconst.i64 0
    jump block20(v161)

block20(v166: i64):
    v164 = iconst.i64 1
    v165 = iadd.i64 v152, v164  ; v164 = 1
    jump block17(v165, v166)

block21:
    v167 = iconst.i64 0
    v168 = icmp.i64 ne v159, v167  ; v167 = 0
    v169 = symbol_value.i64 gv9
    call fn80(v168, v169)
    v170 = iconst.i64 0
    call fn81(v128)
    v171 = iconst.i64 0
    call fn82(v130)
    v172 = iconst.i64 0
    call fn83(v131)
    v173 = iconst.i64 0
    call fn84(v133)
    v174 = iconst.i64 0
    call fn85(v134)
    v175 = iconst.i64 0
    call fn86(v136)
    v176 = iconst.i64 0
    call fn87(v137)
    v177 = iconst.i64 0
    call fn88(v112)
    v178 = iconst.i64 0
    call fn89(v114)
    v179 = iconst.i64 0
    call fn90(v115)
    v180 = iconst.i64 0
    call fn91(v117)
    v181 = iconst.i64 0
    call fn92(v119)
    v182 = iconst.i64 0
    v183 = iconst.i8 0
    call fn93(v183)  ; v183 = 0
    v184 = iconst.i64 0
    v185 = iconst.i8 1
    jump block22

block22:
    v191 = f64const 0.0
    v192 = f64const 0.0
    v193 = f64const 0.0
    v194 = iconst.i8 0
    v195 = f64const 0x1.ccccccccccccdp-1
    v196 = f64const 0x1.ff7ced916872bp-1
    v197 = f64const 0x1.5798ee2308c3ap-27
    v198 = iconst.i64 0
    jump block24(v198)  ; v198 = 0

block24(v199: i64):
    v200 = icmp slt v199, v35  ; v35 = 1
    brif v200, block25, block26

block25:
    v201 = call fn94(v28, v199)
    v202 = call fn95(v138, v199)
    v203 = call fn96(v36, v199)
    v204 = call fn97(v37, v199)
    v206 = iconst.i64 1
    v207 = iadd.i64 v205, v206  ; v206 = 1
    v208 = fcvt_from_sint.f64 v207
    call fn98(v201, v202, v203, v204, v189, v195, v196, v197, v193, v208)  ; v189 = 0x1.47ae147ae147bp-7, v195 = 0x1.ccccccccccccdp-1, v196 = 0x1.ff7ced916872bp-1, v197 = 0x1.5798ee2308c3ap-27, v193 = 0.0
    v209 = iconst.i64 0
    v210 = iconst.i64 1
    v211 = iadd.i64 v199, v210  ; v210 = 1
    jump block24(v211)

block26:
    v215 = iconst.i64 0
    jump block27(v215)  ; v215 = 0

block27(v216: i64):
    v217 = icmp slt v216, v35  ; v35 = 1
    brif v217, block28, block29

block28:
    v218 = call fn99(v138, v216)
    call fn100(v218)
    v219 = iconst.i64 0
    v220 = iconst.i64 1
    v221 = iadd.i64 v216, v220  ; v220 = 1
    jump block27(v221)

block29:
    call fn101(v138)
    v222 = iconst.i64 0
    jump block23

block23:
    v224 = iconst.i64 1
    v225 = iadd.i64 v92, v224  ; v224 = 1
    v240 -> v225
    v226 = iconst.i64 3
    v227 = srem v225, v226  ; v226 = 3
    v228 = iconst.i64 0
    v229 = icmp eq v227, v228  ; v228 = 0
    brif v229, block30, block31

block30:
    v230 = symbol_value.i64 gv10
    v231 = iconst.i64 7
    call fn102(v230, v231, v32, v28, v36, v37, v225, v18, v237)  ; v231 = 7
    v239 = iconst.i64 0
    jump block31

block31:
    call fn103(v225)
    v241 = iconst.i64 0
    call fn104(v122)
    v242 = iconst.i64 0
    v243 = iconst.i64 0
    call fn105(v65)
    v250 = iconst.i64 0
    v251 = iconst.i64 0
    call fn106()
    v252 = iconst.i64 0
    call fn107(v25)
    v253 = iconst.i64 0
    call fn108()
    v254 = iconst.i64 0
    call fn109(v240)
    v255 = iconst.i64 0
    call fn110(v240)
    v256 = iconst.i64 0
    jump block9(v240)

block8:
    jump block6

block6:
    v291 = iconst.i64 1
    v292 = iadd.i64 v237, v291  ; v291 = 1
    jump block4(v292, v92)

block7:
    call fn111(v28)
    v297 = iconst.i64 0
    v298 = iconst.i64 0
    jump block32(v298)  ; v298 = 0

block32(v299: i64):
    v300 = icmp slt v299, v35  ; v35 = 1
    brif v300, block33, block34

block33:
    v301 = call fn112(v36, v299)
    call fn113(v301)
    v302 = iconst.i64 0
    v303 = call fn114(v37, v299)
    call fn115(v303)
    v304 = iconst.i64 0
    v305 = iconst.i64 1
    v306 = iadd.i64 v299, v305  ; v305 = 1
    jump block32(v306)

block34:
    call fn116(v36)
    v307 = iconst.i64 0
    call fn117(v37)
    v308 = iconst.i64 0
    v310 = load.i64 notrap aligned v5
    v311 = call fn118(v310)
    call fn119(v311)
    v312 = iconst.i64 0
    call fn120(v311)
    v313 = iconst.i64 0
    call fn121(v18)
    v314 = iconst.i64 0
    call fn122(v18)
    v315 = iconst.i64 0
    call fn123(v10)
    v317 = iconst.i64 0
    call fn124(v23)
    v319 = iconst.i64 0
    v320 = iconst.i32 0
    return v320  ; v320 = 0
}
