---
source: crates/nsl-codegen/tests/train_clif_snapshots.rs
expression: render(&first)
---
--- IR: model ctor 'Mlp' ---
function <model ctor 'Mlp'>() -> i64 <callconv> {
    sig0 = (i64) -> i64 <callconv>
    sig1 = () -> i64 <callconv>
    sig2 = (i64, i64) <callconv>
    sig3 = (i64) -> i64 <callconv>
    sig4 = () -> i64 <callconv>
    sig5 = (i64, i64) <callconv>
    sig6 = (i64) -> i64 <callconv>
    sig7 = () -> i64 <callconv>
    sig8 = (i64, i64) <callconv>
    sig9 = (i64) -> i64 <callconv>
    fn0 = nsl_alloc sig0
    fn1 = nsl_list_new sig1
    fn2 = nsl_list_push sig2
    fn3 = nsl_tensor_ones sig3
    fn4 = nsl_list_new sig4
    fn5 = nsl_list_push sig5
    fn6 = nsl_tensor_zeros sig6
    fn7 = nsl_list_new sig7
    fn8 = nsl_list_push sig8
    fn9 = nsl_tensor_ones sig9

block0:
    v0 = iconst.i64 24
    v1 = call fn0(v0)  ; v0 = 24
    v2 = call fn1()
    v3 = iconst.i64 4
    call fn2(v2, v3)  ; v3 = 4
    v4 = iconst.i64 8
    call fn2(v2, v4)  ; v4 = 8
    v5 = call fn3(v2)
    store notrap aligned v5, v1
    v6 = call fn4()
    v7 = iconst.i64 8
    call fn5(v6, v7)  ; v7 = 8
    v8 = call fn6(v6)
    store notrap aligned v8, v1+8
    v9 = call fn7()
    v10 = iconst.i64 8
    call fn8(v9, v10)  ; v10 = 8
    v11 = iconst.i64 2
    call fn8(v9, v11)  ; v11 = 2
    v12 = call fn9(v9)
    store notrap aligned v12, v1+16
    return v1
}

--- IR: model method '__nsl_model_Mlp_forward' ---
function <model method '__nsl_model_Mlp_forward'>(i64, i64) -> i64 <callconv> {
    sig0 = (i64, i64, i8) -> i64 <callconv>
    sig1 = (i64, i64, i8) -> i64 <callconv>
    sig2 = (i64) -> i64 <callconv>
    sig3 = (i64) <callconv>
    sig4 = (i64) <callconv>
    sig5 = (i64, i64, i8) -> i64 <callconv>
    sig6 = (i64) <callconv>
    fn0 = nsl_tensor_matmul sig0
    fn1 = nsl_tensor_add sig1
    fn2 = nsl_tensor_silu sig2
    fn3 = nsl_tensor_free sig3
    fn4 = nsl_tensor_free sig4
    fn5 = nsl_tensor_matmul sig5
    fn6 = nsl_tensor_free_if_valid sig6

block0(v0: i64, v1: i64):
    v2 = load.i64 notrap aligned v0
    v3 = iconst.i8 0
    v4 = call fn0(v1, v2, v3)  ; v3 = 0
    v5 = load.i64 notrap aligned v0+8
    v6 = iconst.i8 0
    v7 = call fn1(v4, v5, v6)  ; v6 = 0
    v8 = call fn2(v7)
    call fn3(v4)
    v9 = iconst.i64 0
    call fn4(v7)
    v10 = iconst.i64 0
    v11 = load.i64 notrap aligned v0+16
    v12 = iconst.i8 0
    v13 = call fn5(v8, v11, v12)  ; v12 = 0
    call fn6(v8)
    v14 = iconst.i64 0
    return v13
}

--- IR: main ---
function <main>(i32, i64) -> i32 <callconv> {
    gv0 = symbol colocated .str.1
    gv1 = symbol colocated .str.2
    gv2 = symbol colocated .str.3
    gv3 = symbol colocated .str.4
    gv4 = symbol colocated .str.5
    sig0 = (i32, i64) <callconv>
    sig1 = (i64, i64) -> i64 <callconv>
    sig2 = (i64, i64, f64, i64, i64, i64, i64) -> i64 <callconv>
    sig3 = () -> i64 <callconv>
    sig4 = () -> i64 <callconv>
    sig5 = (i64, i64) <callconv>
    sig6 = (i64) -> i64 <callconv>
    sig7 = () -> i64 <callconv>
    sig8 = (i64, i64) <callconv>
    sig9 = (i64) -> i64 <callconv>
    sig10 = () <callconv>
    sig11 = () -> i8 <callconv>
    sig12 = (i8) <callconv>
    sig13 = () -> i64 <callconv>
    sig14 = (i64, i64) <callconv>
    sig15 = (i64, i64) <callconv>
    sig16 = (i64, i64) <callconv>
    sig17 = (i8) <callconv>
    sig18 = () -> i64 <callconv>
    sig19 = (i64, i64) <callconv>
    sig20 = (i64, i64) <callconv>
    sig21 = (i64, i64) <callconv>
    sig22 = () -> i64 <callconv>
    sig23 = () -> i64 <callconv>
    sig24 = (i64, i64) -> i64 <callconv>
    sig25 = (i8) <callconv>
    sig26 = (i64, i64) -> i64 <callconv>
    sig27 = (i64) -> i64 <callconv>
    sig28 = (i64) -> i64 <callconv>
    sig29 = (i64) -> i64 <callconv>
    sig30 = (i64, i64) <callconv>
    sig31 = (i8) <callconv>
    sig32 = (i64) -> i64 <callconv>
    sig33 = (i64, i64) <callconv>
    sig34 = (i8) <callconv>
    sig35 = (i64, i64) -> i64 <callconv>
    sig36 = () -> i64 <callconv>
    sig37 = (i8) <callconv>
    sig38 = (i64, i64) -> i64 <callconv>
    sig39 = (i64) -> i64 <callconv>
    sig40 = (i64, i64) <callconv>
    sig41 = (i8) <callconv>
    sig42 = () <callconv>
    sig43 = (i8) <callconv>
    sig44 = (i64) <callconv>
    sig45 = (i8) <callconv>
    sig46 = (i64, i64) <callconv>
    sig47 = (i64, i64) <callconv>
    sig48 = (i64) <callconv>
    sig49 = (i64, i64, i8) -> i64 <callconv>
    sig50 = (i64, i64, i8) -> i64 <callconv>
    sig51 = (i64) -> i64 <callconv>
    sig52 = (i64, i64, i8) -> i64 <callconv>
    sig53 = (i64, i64, i8) -> i64 <callconv>
    sig54 = (i64, i64, i8) -> i64 <callconv>
    sig55 = (i64, i64, i64) -> i64 <callconv>
    sig56 = (i64) <callconv>
    sig57 = (f64, i64) -> i64 <callconv>
    sig58 = (i64) -> i64 <callconv>
    sig59 = (i64, i64, i8) -> i64 <callconv>
    sig60 = (i64, i64) -> i64 <callconv>
    sig61 = (i64, i64, i8) -> i64 <callconv>
    sig62 = (i64, i64) -> i64 <callconv>
    sig63 = (i64, i64, i8) -> i64 <callconv>
    sig64 = (i64, i64, i64) -> i64 <callconv>
    sig65 = (i64, i64, i8) -> i64 <callconv>
    sig66 = (i64, i64, i64) -> i64 <callconv>
    sig67 = (i64, i64, i8) -> i64 <callconv>
    sig68 = (i64, i64) -> i64 <callconv>
    sig69 = (i64, i64) -> i64 <callconv>
    sig70 = (i64, i64, i64) -> i64 <callconv>
    sig71 = (i64, i64, i8) -> i64 <callconv>
    sig72 = (i64, i64) -> i64 <callconv>
    sig73 = () -> i64 <callconv>
    sig74 = () -> i8 <callconv>
    sig75 = (i8) <callconv>
    sig76 = (i64, i64) -> i64 <callconv>
    sig77 = (i64) -> i64 <callconv>
    sig78 = (i64, i64) <callconv>
    sig79 = (i8) <callconv>
    sig80 = (i64, i64) -> i64 <callconv>
    sig81 = (i64, i64) -> i64 <callconv>
    sig82 = (i64, i64, i8) -> i64 <callconv>
    sig83 = (i64) <callconv>
    sig84 = (i64, i64, i64) <callconv>
    sig85 = (i8, i64) <callconv>
    sig86 = (i64, i64) -> i64 <callconv>
    sig87 = (i64, i64) -> i64 <callconv>
    sig88 = (i64, i64, i8) -> i64 <callconv>
    sig89 = (i64) <callconv>
    sig90 = (i64, i64, i64) <callconv>
    sig91 = (i8, i64) <callconv>
    sig92 = (i64, i64) -> i64 <callconv>
    sig93 = (i64, i64) -> i64 <callconv>
    sig94 = (i64, i64, i8) -> i64 <callconv>
    sig95 = (i64) <callconv>
    sig96 = (i64, i64, i64) <callconv>
    sig97 = (i8, i64) <callconv>
    sig98 = (i64) <callconv>
    sig99 = (i64) <callconv>
    sig100 = (i64) <callconv>
    sig101 = (i64) <callconv>
    sig102 = (i64) <callconv>
    sig103 = (i64) <callconv>
    sig104 = (i64) <callconv>
    sig105 = (i64) <callconv>
    sig106 = (i64) <callconv>
    sig107 = (i64) <callconv>
    sig108 = (i64) <callconv>
    sig109 = (i64) <callconv>
    sig110 = (i64) <callconv>
    sig111 = (i64) <callconv>
    sig112 = (i64) <callconv>
    sig113 = (i64) <callconv>
    sig114 = (i64) <callconv>
    sig115 = (i64) <callconv>
    sig116 = (i64) <callconv>
    sig117 = (i64) <callconv>
    sig118 = (i64) <callconv>
    sig119 = (i8) <callconv>
    sig120 = (i64, i64) -> i64 <callconv>
    sig121 = (i64, i64) -> i64 <callconv>
    sig122 = (i64) -> i64 <callconv>
    sig123 = (i64, i64, i64) -> i64 <callconv>
    sig124 = (i64) <callconv>
    sig125 = (i64) <callconv>
    sig126 = (i64, i64) -> i64 <callconv>
    sig127 = (i64, i64) -> i64 <callconv>
    sig128 = (i64, i64) -> i64 <callconv>
    sig129 = (i64, i64) -> i64 <callconv>
    sig130 = (i64, i64) -> i64 <callconv>
    sig131 = (i64) -> i64 <callconv>
    sig132 = (i64) <callconv>
    sig133 = (i64, i64) -> i64 <callconv>
    sig134 = (i64, i64) -> i64 <callconv>
    sig135 = (i64) <callconv>
    sig136 = (i64, i64, i64, i64, f64, f64, f64, f64, f64, f64, f64, f64, i8, f64, f64) <callconv>
    sig137 = (i64) <callconv>
    sig138 = (i64, i64) <callconv>
    sig139 = (i64, i64) <callconv>
    sig140 = (i64) <callconv>
    sig141 = () <callconv>
    sig142 = (i64, i64) -> i64 <callconv>
    sig143 = (i64) -> i64 <callconv>
    sig144 = (i64, i64) -> i64 <callconv>
    sig145 = (i64) <callconv>
    sig146 = () <callconv>
    sig147 = (i8) <callconv>
    sig148 = () <callconv>
    sig149 = (i64) <callconv>
    sig150 = (i64) <callconv>
    sig151 = (i64) <callconv>
    sig152 = (i64, i64) -> i64 <callconv>
    sig153 = (i64) <callconv>
    sig154 = (i64, i64) -> i64 <callconv>
    sig155 = (i64) <callconv>
    sig156 = (i64) <callconv>
    sig157 = (i64) <callconv>
    sig158 = (i64, i64) -> i64 <callconv>
    sig159 = (i64) <callconv>
    sig160 = (i64) <callconv>
    sig161 = (i64) -> i64 <callconv>
    sig162 = (i64) <callconv>
    sig163 = (i64) <callconv>
    sig164 = (i64) <callconv>
    sig165 = (i64) <callconv>
    fn0 = nsl_args_init sig0
    fn1 = nsl_set_exec_fingerprint sig1
    fn2 = nsl_set_matmul_config sig2
    fn3 = colocated __nsl_model_Mlp sig3
    fn4 = nsl_list_new sig4
    fn5 = nsl_list_push sig5
    fn6 = nsl_tensor_ones sig6
    fn7 = nsl_list_new sig7
    fn8 = nsl_list_push sig8
    fn9 = nsl_tensor_zeros sig9
    fn10 = nsl_gpu_set_persistent_pool sig10
    fn11 = nsl_gpu_get_alloc_surface sig11
    fn12 = nsl_gpu_set_alloc_surface sig12
    fn13 = nsl_list_new sig13
    fn14 = nsl_list_push sig14
    fn15 = nsl_list_push sig15
    fn16 = nsl_list_push sig16
    fn17 = nsl_gpu_set_alloc_surface sig17
    fn18 = nsl_list_new sig18
    fn19 = nsl_list_push sig19
    fn20 = nsl_list_push sig20
    fn21 = nsl_list_push sig21
    fn22 = nsl_list_new sig22
    fn23 = nsl_list_new sig23
    fn24 = nsl_list_get sig24
    fn25 = nsl_gpu_set_alloc_surface sig25
    fn26 = nsl_list_get sig26
    fn27 = nsl_tensor_ndim sig27
    fn28 = nsl_tensor_zeros_like sig28
    fn29 = nsl_tensor_zeros_like_host_f32 sig29
    fn30 = nsl_list_push sig30
    fn31 = nsl_gpu_set_alloc_surface sig31
    fn32 = nsl_tensor_zeros_like_host_f32 sig32
    fn33 = nsl_list_push sig33
    fn34 = nsl_gpu_set_alloc_surface sig34
    fn35 = nsl_set_train_config_record sig35
    fn36 = nsl_list_new sig36
    fn37 = nsl_gpu_set_alloc_surface sig37
    fn38 = nsl_list_get sig38
    fn39 = nsl_tensor_zeros_like_host_f32 sig39
    fn40 = nsl_list_push sig40
    fn41 = nsl_gpu_set_alloc_surface sig41
    fn42 = nsl_gpu_set_transient_pool sig42
    fn43 = nsl_gpu_set_alloc_surface sig43
    fn44 = nsl_debug_gpu_mem sig44
    fn45 = nsl_set_training_mode sig45
    fn46 = nsl_train_input_device_guard sig46
    fn47 = nsl_train_input_device_guard sig47
    fn48 = nsl_set_inplace_suppressed sig48
    fn49 = nsl_tensor_matmul sig49
    fn50 = nsl_tensor_add sig50
    fn51 = nsl_tensor_silu sig51
    fn52 = nsl_tensor_matmul sig52
    fn53 = nsl_tensor_sub sig53
    fn54 = nsl_tensor_mul sig54
    fn55 = nsl_tensor_mean_dim sig55
    fn56 = nsl_set_inplace_suppressed sig56
    fn57 = nsl_tensor_scalar sig57
    fn58 = nsl_tensor_clone sig58
    fn59 = nsl_tensor_mul sig59
    fn60 = nsl_tensor_reduce_to_shape sig60
    fn61 = nsl_tensor_mul sig61
    fn62 = nsl_tensor_reduce_to_shape sig62
    fn63 = nsl_tensor_add sig63
    fn64 = nsl_tensor_transpose sig64
    fn65 = nsl_tensor_matmul sig65
    fn66 = nsl_tensor_transpose sig66
    fn67 = nsl_tensor_matmul sig67
    fn68 = nsl_tensor_reduce_to_shape sig68
    fn69 = nsl_tensor_silu_backward sig69
    fn70 = nsl_tensor_transpose sig70
    fn71 = nsl_tensor_matmul sig71
    fn72 = nsl_tensor_reduce_to_shape sig72
    fn73 = nsl_list_new sig73
    fn74 = nsl_gpu_get_alloc_surface sig74
    fn75 = nsl_gpu_set_alloc_surface sig75
    fn76 = nsl_list_get sig76
    fn77 = nsl_tensor_zeros_like sig77
    fn78 = nsl_list_push sig78
    fn79 = nsl_gpu_set_alloc_surface sig79
    fn80 = nsl_list_get sig80
    fn81 = nsl_list_get sig81
    fn82 = nsl_tensor_add sig82
    fn83 = nsl_tensor_free sig83
    fn84 = nsl_list_set sig84
    fn85 = nsl_assert sig85
    fn86 = nsl_list_get sig86
    fn87 = nsl_list_get sig87
    fn88 = nsl_tensor_add sig88
    fn89 = nsl_tensor_free sig89
    fn90 = nsl_list_set sig90
    fn91 = nsl_assert sig91
    fn92 = nsl_list_get sig92
    fn93 = nsl_list_get sig93
    fn94 = nsl_tensor_add sig94
    fn95 = nsl_tensor_free sig95
    fn96 = nsl_list_set sig96
    fn97 = nsl_assert sig97
    fn98 = nsl_tensor_free sig98
    fn99 = nsl_tensor_free sig99
    fn100 = nsl_tensor_free sig100
    fn101 = nsl_tensor_free sig101
    fn102 = nsl_tensor_free sig102
    fn103 = nsl_tensor_free sig103
    fn104 = nsl_tensor_free sig104
    fn105 = nsl_tensor_free sig105
    fn106 = nsl_tensor_free sig106
    fn107 = nsl_tensor_free sig107
    fn108 = nsl_tensor_free sig108
    fn109 = nsl_tensor_free sig109
    fn110 = nsl_tensor_free sig110
    fn111 = nsl_tensor_free sig111
    fn112 = nsl_tensor_free sig112
    fn113 = nsl_tensor_free sig113
    fn114 = nsl_tensor_free sig114
    fn115 = nsl_tensor_free sig115
    fn116 = nsl_tensor_free sig116
    fn117 = nsl_tensor_free sig117
    fn118 = nsl_tensor_free sig118
    fn119 = nsl_set_training_mode sig119
    fn120 = nsl_list_get sig120
    fn121 = nsl_list_get sig121
    fn122 = nsl_tensor_len sig122
    fn123 = nsl_grad_accumulate_add sig123
    fn124 = nsl_tensor_free sig124
    fn125 = nsl_list_free sig125
    fn126 = nsl_list_get sig126
    fn127 = nsl_list_get sig127
    fn128 = nsl_list_get sig128
    fn129 = nsl_list_get sig129
    fn130 = nsl_list_get sig130
    fn131 = nsl_tensor_ndim sig131
    fn132 = nsl_muon_prof_begin sig132
    fn133 = nsl_tensor_to_device_like sig133
    fn134 = nsl_tensor_to_device_like sig134
    fn135 = nsl_muon_prof_end sig135
    fn136 = nsl_optim_muon__muon_step sig136
    fn137 = nsl_muon_prof_begin sig137
    fn138 = nsl_tensor_copy_data_async sig138
    fn139 = nsl_tensor_copy_data_async sig139
    fn140 = nsl_muon_prof_end sig140
    fn141 = nsl_offload_drain sig141
    fn142 = nsl_list_get sig142
    fn143 = nsl_tensor_len sig143
    fn144 = nsl_grad_zero sig144
    fn145 = nsl_tensor_free sig145
    fn146 = nsl_gpu_set_persistent_pool sig146
    fn147 = nsl_gpu_set_alloc_surface sig147
    fn148 = nsl_gpu_drain_cache sig148
    fn149 = nsl_debug_gpu_mem sig149
    fn150 = nsl_debug_gpu_alloc_summary sig150
    fn151 = nsl_list_free sig151
    fn152 = nsl_list_get sig152
    fn153 = nsl_tensor_free sig153
    fn154 = nsl_list_get sig154
    fn155 = nsl_tensor_free sig155
    fn156 = nsl_list_free sig156
    fn157 = nsl_list_free sig157
    fn158 = nsl_list_get sig158
    fn159 = nsl_tensor_free sig159
    fn160 = nsl_list_free sig160
    fn161 = nsl_tensor_sum sig161
    fn162 = nsl_tensor_print sig162
    fn163 = nsl_tensor_free sig163
    fn164 = nsl_tensor_free_if_valid sig164
    fn165 = nsl_tensor_free_if_valid sig165

block0(v0: i32, v1: i64):
    call fn0(v0, v1)
    v2 = symbol_value.i64 gv0
    v3 = iconst.i64 230
    v4 = call fn1(v2, v3)  ; v3 = 230
    v5 = iconst.i64 0
    v6 = iconst.i64 0
    v7 = f64const 0x1.0000000000000p9
    v8 = iconst.i64 1
    v9 = iconst.i64 0
    v10 = iconst.i64 64
    v11 = iconst.i64 1
    v12 = call fn2(v5, v6, v7, v8, v9, v10, v11)  ; v5 = 0, v6 = 0, v7 = 0x1.0000000000000p9, v8 = 1, v9 = 0, v10 = 64, v11 = 1
    v13 = call fn3()
    v99 -> v13
    v368 -> v13
    v369 -> v13
    v442 -> v13
    v443 -> v13
    v370 -> v369
    v371 -> v99
    v372 -> v99
    v373 -> v99
    v374 -> v99
    v375 -> v99
    v376 -> v99
    v380 -> v99
    v381 -> v99
    v382 -> v381
    v383 -> v381
    v377 -> v375
    v378 -> v374
    v379 -> v373
    v14 = call fn4()
    v15 = iconst.i64 4
    call fn5(v14, v15)  ; v15 = 4
    v16 = iconst.i64 4
    call fn5(v14, v16)  ; v16 = 4
    v17 = call fn6(v14)
    v100 -> v17
    v384 -> v17
    v385 -> v17
    v448 -> v17
    v449 -> v17
    v386 -> v385
    v387 -> v100
    v388 -> v100
    v389 -> v100
    v390 -> v100
    v391 -> v100
    v392 -> v100
    v396 -> v100
    v397 -> v100
    v398 -> v397
    v399 -> v397
    v393 -> v391
    v394 -> v390
    v395 -> v389
    v18 = call fn7()
    v19 = iconst.i64 4
    call fn8(v18, v19)  ; v19 = 4
    v20 = iconst.i64 2
    call fn8(v18, v20)  ; v20 = 2
    v21 = call fn9(v18)
    v101 -> v21
    v400 -> v21
    v401 -> v21
    v451 -> v21
    v452 -> v21
    v402 -> v401
    v403 -> v101
    v404 -> v101
    v405 -> v101
    v406 -> v101
    v407 -> v101
    v408 -> v101
    v412 -> v101
    v413 -> v101
    v414 -> v413
    v415 -> v413
    v409 -> v407
    v410 -> v406
    v411 -> v405
    call fn10()
    v22 = iconst.i64 0
    v23 = call fn11()
    v24 = iconst.i8 1
    call fn12(v24)  ; v24 = 1
    v25 = iconst.i64 0
    v26 = call fn13()
    v27 = load.i64 notrap aligned v13
    call fn14(v26, v27)
    v28 = iconst.i64 0
    v29 = load.i64 notrap aligned v13+8
    call fn15(v26, v29)
    v30 = iconst.i64 0
    v31 = load.i64 notrap aligned v13+16
    call fn16(v26, v31)
    v32 = iconst.i64 0
    call fn17(v23)
    v33 = iconst.i64 0
    v34 = iconst.i64 3
    v35 = call fn18()
    v36 = iconst.i64 0
    call fn19(v35, v36)  ; v36 = 0
    v37 = iconst.i64 0
    v38 = iconst.i64 1
    call fn20(v35, v38)  ; v38 = 1
    v39 = iconst.i64 0
    v40 = iconst.i64 0
    call fn21(v35, v40)  ; v40 = 0
    v41 = iconst.i64 0
    v42 = call fn22()
    v43 = call fn23()
    v44 = iconst.i64 0
    jump block1(v44)  ; v44 = 0

block1(v45: i64):
    v46 = icmp slt v45, v34  ; v34 = 3
    brif v46, block2, block3

block2:
    v47 = call fn24(v26, v45)
    v48 = iconst.i8 2
    call fn25(v48)  ; v48 = 2
    v49 = iconst.i64 0
    v50 = call fn26(v35, v45)
    v51 = call fn27(v47)
    v52 = iconst.i64 0
    v53 = iconst.i64 2
    v54 = icmp eq v50, v52  ; v52 = 0
    v55 = icmp eq v51, v53  ; v53 = 2
    v56 = band v54, v55
    brif v56, block4, block5

block4:
    v58 = call fn28(v47)
    jump block6(v58)

block5:
    v59 = call fn29(v47)
    jump block6(v59)

block6(v57: i64):
    call fn30(v42, v57)
    v60 = iconst.i64 0
    v61 = iconst.i8 3
    call fn31(v61)  ; v61 = 3
    v62 = iconst.i64 0
    v63 = call fn32(v47)
    call fn33(v43, v63)
    v64 = iconst.i64 0
    v65 = iconst.i64 1
    v66 = iadd.i64 v45, v65  ; v65 = 1
    jump block1(v66)

block3:
    call fn34(v23)
    v67 = iconst.i64 0
    v68 = f64const 0x1.0624dd2f1a9fcp-9
    v281 -> v68
    v416 -> v68
    v276 -> v281
    v277 -> v281
    v278 -> v281
    v279 -> v281
    v280 -> v281
    v417 -> v281
    v418 -> v281
    v419 -> v281
    v420 -> v419
    v421 -> v419
    v282 -> v279
    v283 -> v278
    v284 -> v277
    v69 = iconst.i64 0
    v367 -> v69
    v70 = symbol_value.i64 gv1
    v71 = iconst.i64 166
    v72 = call fn35(v70, v71)  ; v71 = 166
    v73 = iconst.i64 0
    v74 = call fn36()
    v75 = iconst.i8 4
    call fn37(v75)  ; v75 = 4
    v76 = iconst.i64 0
    v77 = iconst.i64 0
    jump block7(v77)  ; v77 = 0

block7(v78: i64):
    v79 = icmp slt v78, v34  ; v34 = 3
    brif v79, block8, block9

block8:
    v80 = call fn38(v26, v78)
    v81 = call fn39(v80)
    call fn40(v74, v81)
    v82 = iconst.i64 0
    v83 = iconst.i64 1
    v84 = iadd.i64 v78, v83  ; v83 = 1
    jump block7(v84)

block9:
    call fn41(v23)
    v85 = iconst.i64 0
    v86 = iconst.i64 0
    v87 = iconst.i64 1
    jump block10(v86, v69)  ; v86 = 0, v69 = 0

block10(v88: i64, v95: i64):
    v352 -> v88
    v353 -> v88
    v354 -> v88
    v355 -> v88
    v356 -> v88
    v357 -> v88
    v361 -> v88
    v362 -> v88
    v363 -> v362
    v364 -> v362
    v358 -> v356
    v359 -> v355
    v360 -> v354
    v251 -> v95
    v252 -> v95
    v253 -> v95
    v254 -> v95
    v318 -> v95
    v330 -> v95
    v341 -> v95
    v342 -> v95
    v317 -> v318
    v331 -> v318
    v255 -> v253
    v256 -> v252
    v257 -> v251
    v89 = icmp slt v88, v87  ; v87 = 1
    brif v89, block11, block13

block11:
    v90 = iconst.i64 0
    v91 = iconst.i64 0
    call fn42()
    v92 = iconst.i64 0
    v93 = iconst.i8 6
    call fn43(v93)  ; v93 = 6
    v94 = iconst.i64 0
    call fn44(v95)
    v96 = iconst.i64 0
    v97 = iconst.i8 1
    call fn45(v97)  ; v97 = 1
    v98 = iconst.i64 0
    call fn46(v100, v26)
    v102 = iconst.i64 0
    call fn47(v101, v26)
    v103 = iconst.i64 0
    v104 = load.i64 notrap aligned v13
    v105 = load.i64 notrap aligned v13+8
    v106 = load.i64 notrap aligned v13+16
    v107 = iconst.i64 1
    call fn48(v107)  ; v107 = 1
    v108 = iconst.i64 0
    v109 = iconst.i8 0
    v110 = call fn49(v100, v104, v109)  ; v109 = 0
    v111 = iconst.i8 0
    v112 = call fn50(v110, v105, v111)  ; v111 = 0
    v113 = call fn51(v112)
    v114 = iconst.i8 0
    v115 = call fn52(v113, v106, v114)  ; v114 = 0
    v116 = iconst.i8 0
    v117 = call fn53(v115, v101, v116)  ; v116 = 0
    v118 = iconst.i8 0
    v119 = call fn54(v117, v117, v118)  ; v118 = 0
    v120 = iconst.i64 -1
    v121 = iconst.i64 0
    v122 = call fn55(v119, v120, v121)  ; v120 = -1, v121 = 0
    v123 = iconst.i64 0
    call fn56(v123)  ; v123 = 0
    v124 = iconst.i64 0
    v125 = f64const 0x1.0000000000000p0
    v126 = iconst.i64 1
    v127 = call fn57(v125, v126)  ; v125 = 0x1.0000000000000p0, v126 = 1
    v128 = call fn58(v127)
    v129 = iconst.i8 0
    v130 = call fn59(v128, v117, v129)  ; v129 = 0
    v131 = call fn60(v130, v117)
    v132 = iconst.i8 0
    v133 = call fn61(v128, v117, v132)  ; v132 = 0
    v134 = call fn62(v133, v117)
    v135 = iconst.i8 0
    v136 = call fn63(v131, v134, v135)  ; v135 = 0
    v137 = iconst.i64 -2
    v138 = iconst.i64 -1
    v139 = call fn64(v106, v137, v138)  ; v137 = -2, v138 = -1
    v140 = iconst.i8 0
    v141 = call fn65(v136, v139, v140)  ; v140 = 0
    v142 = iconst.i64 -2
    v143 = iconst.i64 -1
    v144 = call fn66(v113, v142, v143)  ; v142 = -2, v143 = -1
    v145 = iconst.i8 0
    v146 = call fn67(v144, v136, v145)  ; v145 = 0
    v147 = call fn68(v146, v106)
    v148 = call fn69(v141, v112)
    v149 = iconst.i64 -2
    v150 = iconst.i64 -1
    v151 = call fn70(v100, v149, v150)  ; v149 = -2, v150 = -1
    v152 = iconst.i8 0
    v153 = call fn71(v151, v148, v152)  ; v152 = 0
    v154 = call fn72(v153, v104)
    v155 = call fn73()
    v156 = call fn74()
    v157 = iconst.i8 5
    call fn75(v157)  ; v157 = 5
    v158 = iconst.i64 0
    v159 = iconst.i64 0
    jump block15(v159)  ; v159 = 0

block15(v160: i64):
    v161 = icmp slt v160, v34  ; v34 = 3
    brif v161, block16, block17

block16:
    v162 = call fn76(v26, v160)
    v163 = call fn77(v162)
    call fn78(v155, v163)
    v164 = iconst.i64 0
    v165 = iconst.i64 1
    v166 = iadd.i64 v160, v165  ; v165 = 1
    jump block15(v166)

block17:
    call fn79(v156)
    v167 = iconst.i64 0
    v168 = iconst.i64 0
    jump block18(v168, v168)  ; v168 = 0, v168 = 0

block18(v169: i64, v176: i64):
    v170 = icmp slt v169, v34  ; v34 = 3
    brif v170, block19, block22

block19:
    v171 = call fn80(v26, v169)
    v172 = icmp eq v171, v104
    brif v172, block20, block21(v176)

block20:
    v173 = call fn81(v155, v169)
    v174 = iconst.i8 0
    v175 = call fn82(v173, v154, v174)  ; v174 = 0
    v177 = iconst.i64 1
    v178 = iadd.i64 v176, v177  ; v177 = 1
    call fn83(v173)
    v179 = iconst.i64 0
    call fn84(v155, v169, v175)
    v180 = iconst.i64 0
    jump block21(v178)

block21(v183: i64):
    v181 = iconst.i64 1
    v182 = iadd.i64 v169, v181  ; v181 = 1
    jump block18(v182, v183)

block22:
    v184 = iconst.i64 0
    v185 = icmp.i64 ne v176, v184  ; v184 = 0
    v186 = symbol_value.i64 gv2
    call fn85(v185, v186)
    v187 = iconst.i64 0
    v188 = iconst.i64 0
    jump block23(v188, v188)  ; v188 = 0, v188 = 0

block23(v189: i64, v196: i64):
    v190 = icmp slt v189, v34  ; v34 = 3
    brif v190, block24, block27

block24:
    v191 = call fn86(v26, v189)
    v192 = icmp eq v191, v105
    brif v192, block25, block26(v196)

block25:
    v193 = call fn87(v155, v189)
    v194 = iconst.i8 0
    v195 = call fn88(v193, v148, v194)  ; v194 = 0
    v197 = iconst.i64 1
    v198 = iadd.i64 v196, v197  ; v197 = 1
    call fn89(v193)
    v199 = iconst.i64 0
    call fn90(v155, v189, v195)
    v200 = iconst.i64 0
    jump block26(v198)

block26(v203: i64):
    v201 = iconst.i64 1
    v202 = iadd.i64 v189, v201  ; v201 = 1
    jump block23(v202, v203)

block27:
    v204 = iconst.i64 0
    v205 = icmp.i64 ne v196, v204  ; v204 = 0
    v206 = symbol_value.i64 gv3
    call fn91(v205, v206)
    v207 = iconst.i64 0
    v208 = iconst.i64 0
    jump block28(v208, v208)  ; v208 = 0, v208 = 0

block28(v209: i64, v216: i64):
    v210 = icmp slt v209, v34  ; v34 = 3
    brif v210, block29, block32

block29:
    v211 = call fn92(v26, v209)
    v212 = icmp eq v211, v106
    brif v212, block30, block31(v216)

block30:
    v213 = call fn93(v155, v209)
    v214 = iconst.i8 0
    v215 = call fn94(v213, v147, v214)  ; v214 = 0
    v217 = iconst.i64 1
    v218 = iadd.i64 v216, v217  ; v217 = 1
    call fn95(v213)
    v219 = iconst.i64 0
    call fn96(v155, v209, v215)
    v220 = iconst.i64 0
    jump block31(v218)

block31(v223: i64):
    v221 = iconst.i64 1
    v222 = iadd.i64 v209, v221  ; v221 = 1
    jump block28(v222, v223)

block32:
    v224 = iconst.i64 0
    v225 = icmp.i64 ne v216, v224  ; v224 = 0
    v226 = symbol_value.i64 gv4
    call fn97(v225, v226)
    v227 = iconst.i64 0
    call fn98(v128)
    v228 = iconst.i64 0
    call fn99(v130)
    v229 = iconst.i64 0
    call fn100(v131)
    v230 = iconst.i64 0
    call fn101(v133)
    v231 = iconst.i64 0
    call fn102(v134)
    v232 = iconst.i64 0
    call fn103(v136)
    v233 = iconst.i64 0
    call fn104(v139)
    v234 = iconst.i64 0
    call fn105(v141)
    v235 = iconst.i64 0
    call fn106(v144)
    v236 = iconst.i64 0
    call fn107(v146)
    v237 = iconst.i64 0
    call fn108(v147)
    v238 = iconst.i64 0
    call fn109(v148)
    v239 = iconst.i64 0
    call fn110(v151)
    v240 = iconst.i64 0
    call fn111(v153)
    v241 = iconst.i64 0
    call fn112(v154)
    v242 = iconst.i64 0
    call fn113(v110)
    v243 = iconst.i64 0
    call fn114(v112)
    v244 = iconst.i64 0
    call fn115(v113)
    v245 = iconst.i64 0
    call fn116(v115)
    v246 = iconst.i64 0
    call fn117(v117)
    v247 = iconst.i64 0
    call fn118(v119)
    v248 = iconst.i64 0
    v249 = iconst.i8 0
    call fn119(v249)  ; v249 = 0
    v250 = iconst.i64 0
    v258 = iconst.i64 1
    v259 = iadd.i64 v95, v258  ; v258 = 1
    v260 = iconst.i64 2
    v261 = srem v259, v260  ; v260 = 2
    v262 = iconst.i64 0
    v263 = icmp eq v261, v262  ; v262 = 0
    v275 -> v263
    v264 = iconst.i64 0
    jump block33(v264)  ; v264 = 0

block33(v265: i64):
    v266 = icmp slt v265, v34  ; v34 = 3
    brif v266, block34, block35

block34:
    v267 = call fn120(v74, v265)
    v268 = call fn121(v155, v265)
    v269 = call fn122(v267)
    v270 = call fn123(v267, v268, v269)
    call fn124(v268)
    v271 = iconst.i64 0
    v272 = iconst.i64 1
    v273 = iadd.i64 v265, v272  ; v272 = 1
    jump block33(v273)

block35:
    call fn125(v155)
    v274 = iconst.i64 0
    brif.i8 v263, block36, block37

block36:
    v285 = f64const 0x1.e666666666666p-1
    v286 = f64const 0.0
    v287 = f64const 0x1.47ae147ae147bp-7
    v288 = iconst.i8 1
    v289 = f64const 0x1.ccccccccccccdp-1
    v290 = f64const 0x1.e666666666666p-1
    v291 = f64const 0x1.5798ee2308c3ap-27
    v292 = iconst.i64 0
    jump block38(v292)  ; v292 = 0

block38(v293: i64):
    v294 = icmp slt v293, v34  ; v34 = 3
    brif v294, block39, block40

block39:
    v295 = call fn126(v26, v293)
    v296 = call fn127(v74, v293)
    v297 = call fn128(v42, v293)
    v298 = call fn129(v43, v293)
    v299 = call fn130(v35, v293)
    v300 = fcvt_from_sint.f64 v299
    v301 = f64const 0x1.4000000000000p2
    v302 = f64const 0x1.0000000000000p0
    v303 = fmul.f64 v281, v302  ; v281 = 0x1.0624dd2f1a9fcp-9, v302 = 0x1.0000000000000p0
    v304 = f64const 0x1.0000000000000p-1
    v305 = fcmp lt v300, v304  ; v304 = 0x1.0000000000000p-1
    v306 = call fn131(v295)
    v307 = iconst.i64 2
    v308 = icmp eq v306, v307  ; v307 = 2
    v309 = band v305, v308
    brif v309, block42(v297, v298), block41

block41:
    v312 = iconst.i64 0
    call fn132(v312)  ; v312 = 0
    v313 = iconst.i64 0
    v314 = call fn133(v297, v295)
    v315 = call fn134(v298, v295)
    call fn135(v312)  ; v312 = 0
    v316 = iconst.i64 0
    jump block42(v314, v315)

block42(v310: i64, v311: i64):
    v319 = iconst.i64 1
    v320 = iadd.i64 v318, v319  ; v319 = 1
    v321 = fcvt_from_sint.f64 v320
    call fn136(v295, v296, v310, v311, v300, v281, v303, v285, v289, v290, v291, v287, v288, v301, v321)  ; v281 = 0x1.0624dd2f1a9fcp-9, v285 = 0x1.e666666666666p-1, v289 = 0x1.ccccccccccccdp-1, v290 = 0x1.e666666666666p-1, v291 = 0x1.5798ee2308c3ap-27, v287 = 0x1.47ae147ae147bp-7, v288 = 1, v301 = 0x1.4000000000000p2
    v322 = iconst.i64 0
    brif.i8 v309, block44, block43

block43:
    v323 = iconst.i64 10
    call fn137(v323)  ; v323 = 10
    v324 = iconst.i64 0
    call fn138(v297, v310)
    v325 = iconst.i64 0
    call fn139(v298, v311)
    v326 = iconst.i64 0
    call fn140(v323)  ; v323 = 10
    v327 = iconst.i64 0
    jump block44

block44:
    v328 = iconst.i64 1
    v329 = iadd.i64 v293, v328  ; v328 = 1
    jump block38(v329)

block40:
    call fn141()
    v332 = iconst.i64 0
    v333 = iconst.i64 0
    jump block45(v333)  ; v333 = 0

block45(v334: i64):
    v335 = icmp slt v334, v34  ; v34 = 3
    brif v335, block46, block47

block46:
    v336 = call fn142(v74, v334)
    v337 = call fn143(v336)
    v338 = call fn144(v336, v337)
    v339 = iconst.i64 1
    v340 = iadd.i64 v334, v339  ; v339 = 1
    jump block45(v340)

block47:
    jump block37

block37:
    v343 = iconst.i64 1
    v344 = iadd.i64 v95, v343  ; v343 = 1
    call fn145(v122)
    v345 = iconst.i64 0
    v346 = iconst.i64 0
    call fn146()
    v347 = iconst.i64 0
    call fn147(v23)
    v348 = iconst.i64 0
    call fn148()
    v349 = iconst.i64 0
    call fn149(v344)
    v350 = iconst.i64 0
    call fn150(v344)
    v351 = iconst.i64 0
    jump block12

block12:
    v365 = iconst.i64 1
    v366 = iadd.i64 v88, v365  ; v365 = 1
    jump block10(v366, v344)

block13:
    call fn151(v26)
    v422 = iconst.i64 0
    v423 = iconst.i64 0
    jump block48(v423)  ; v423 = 0

block48(v424: i64):
    v425 = icmp slt v424, v34  ; v34 = 3
    brif v425, block49, block50

block49:
    v426 = call fn152(v42, v424)
    call fn153(v426)
    v427 = iconst.i64 0
    v428 = call fn154(v43, v424)
    call fn155(v428)
    v429 = iconst.i64 0
    v430 = iconst.i64 1
    v431 = iadd.i64 v424, v430  ; v430 = 1
    jump block48(v431)

block50:
    call fn156(v42)
    v432 = iconst.i64 0
    call fn157(v43)
    v433 = iconst.i64 0
    v434 = iconst.i64 0
    jump block51(v434)  ; v434 = 0

block51(v435: i64):
    v436 = icmp slt v435, v34  ; v34 = 3
    brif v436, block52, block53

block52:
    v437 = call fn158(v74, v435)
    call fn159(v437)
    v438 = iconst.i64 0
    v439 = iconst.i64 1
    v440 = iadd.i64 v435, v439  ; v439 = 1
    jump block51(v440)

block53:
    call fn160(v74)
    v441 = iconst.i64 0
    v444 = load.i64 notrap aligned v13+16
    v445 = call fn161(v444)
    call fn162(v445)
    v446 = iconst.i64 0
    call fn163(v445)
    v447 = iconst.i64 0
    call fn164(v17)
    v450 = iconst.i64 0
    call fn165(v21)
    v453 = iconst.i64 0
    v454 = iconst.i32 0
    return v454  ; v454 = 0
}
