---
source: crates/nsl-codegen/tests/train_clif_snapshots.rs
expression: render(&first)
---
--- IR: model ctor 'Mlp' ---
function <model ctor 'Mlp'>() -> i64 <callconv> {
    sig0 = (i64) -> i64 <callconv>
    sig1 = () -> i64 <callconv>
    sig2 = (i64, i64) <callconv>
    sig3 = (i64) -> i64 <callconv>
    sig4 = () -> i64 <callconv>
    sig5 = (i64, i64) <callconv>
    sig6 = (i64) -> i64 <callconv>
    sig7 = () -> i64 <callconv>
    sig8 = (i64, i64) <callconv>
    sig9 = (i64) -> i64 <callconv>
    fn0 = nsl_alloc sig0
    fn1 = nsl_list_new sig1
    fn2 = nsl_list_push sig2
    fn3 = nsl_tensor_ones sig3
    fn4 = nsl_list_new sig4
    fn5 = nsl_list_push sig5
    fn6 = nsl_tensor_zeros sig6
    fn7 = nsl_list_new sig7
    fn8 = nsl_list_push sig8
    fn9 = nsl_tensor_ones sig9

block0:
    v0 = iconst.i64 24
    v1 = call fn0(v0)  ; v0 = 24
    v2 = call fn1()
    v3 = iconst.i64 4
    call fn2(v2, v3)  ; v3 = 4
    v4 = iconst.i64 8
    call fn2(v2, v4)  ; v4 = 8
    v5 = call fn3(v2)
    store notrap aligned v5, v1
    v6 = call fn4()
    v7 = iconst.i64 8
    call fn5(v6, v7)  ; v7 = 8
    v8 = call fn6(v6)
    store notrap aligned v8, v1+8
    v9 = call fn7()
    v10 = iconst.i64 8
    call fn8(v9, v10)  ; v10 = 8
    v11 = iconst.i64 2
    call fn8(v9, v11)  ; v11 = 2
    v12 = call fn9(v9)
    store notrap aligned v12, v1+16
    return v1
}

--- IR: model method '__nsl_model_Mlp_forward' ---
function <model method '__nsl_model_Mlp_forward'>(i64, i64) -> i64 <callconv> {
    sig0 = (i64, i64, i8) -> i64 <callconv>
    sig1 = (i64, i64, i8) -> i64 <callconv>
    sig2 = (i64) -> i64 <callconv>
    sig3 = (i64) <callconv>
    sig4 = (i64) <callconv>
    sig5 = (i64, i64, i8) -> i64 <callconv>
    sig6 = (i64) <callconv>
    fn0 = nsl_tensor_matmul sig0
    fn1 = nsl_tensor_add sig1
    fn2 = nsl_tensor_silu sig2
    fn3 = nsl_tensor_free sig3
    fn4 = nsl_tensor_free sig4
    fn5 = nsl_tensor_matmul sig5
    fn6 = nsl_tensor_free_if_valid sig6

block0(v0: i64, v1: i64):
    v2 = load.i64 notrap aligned v0
    v3 = iconst.i8 0
    v4 = call fn0(v1, v2, v3)  ; v3 = 0
    v5 = load.i64 notrap aligned v0+8
    v6 = iconst.i8 0
    v7 = call fn1(v4, v5, v6)  ; v6 = 0
    v8 = call fn2(v7)
    call fn3(v4)
    v9 = iconst.i64 0
    call fn4(v7)
    v10 = iconst.i64 0
    v11 = load.i64 notrap aligned v0+16
    v12 = iconst.i8 0
    v13 = call fn5(v8, v11, v12)  ; v12 = 0
    call fn6(v8)
    v14 = iconst.i64 0
    return v13
}

--- IR: main ---
function <main>(i32, i64) -> i32 <callconv> {
    gv0 = symbol colocated .str.1
    gv1 = symbol colocated .str.2
    gv2 = symbol colocated .str.3
    gv3 = symbol colocated .str.4
    gv4 = symbol colocated .str.5
    sig0 = (i32, i64) <callconv>
    sig1 = (i64, i64) -> i64 <callconv>
    sig2 = () -> i64 <callconv>
    sig3 = () -> i64 <callconv>
    sig4 = (i64, i64) <callconv>
    sig5 = (i64) -> i64 <callconv>
    sig6 = () -> i64 <callconv>
    sig7 = (i64, i64) <callconv>
    sig8 = (i64) -> i64 <callconv>
    sig9 = () <callconv>
    sig10 = () -> i8 <callconv>
    sig11 = (i8) <callconv>
    sig12 = () -> i64 <callconv>
    sig13 = (i64, i64) <callconv>
    sig14 = (i64, i64) <callconv>
    sig15 = (i64, i64) <callconv>
    sig16 = (i8) <callconv>
    sig17 = () -> i64 <callconv>
    sig18 = (i64, i64) <callconv>
    sig19 = (i64, i64) <callconv>
    sig20 = (i64, i64) <callconv>
    sig21 = () -> i64 <callconv>
    sig22 = () -> i64 <callconv>
    sig23 = (i64, i64) -> i64 <callconv>
    sig24 = (i8) <callconv>
    sig25 = (i64) -> i64 <callconv>
    sig26 = (i64, i64) <callconv>
    sig27 = (i8) <callconv>
    sig28 = (i64, i64) -> i64 <callconv>
    sig29 = (i64) -> i64 <callconv>
    sig30 = (i64) -> i64 <callconv>
    sig31 = (i64, i64) <callconv>
    sig32 = (i8) <callconv>
    sig33 = (i64, i64) -> i64 <callconv>
    sig34 = () -> i64 <callconv>
    sig35 = (i8) <callconv>
    sig36 = (i64, i64) -> i64 <callconv>
    sig37 = (i64) -> i64 <callconv>
    sig38 = (i64, i64) <callconv>
    sig39 = (i8) <callconv>
    sig40 = () <callconv>
    sig41 = (i8) <callconv>
    sig42 = (i64) <callconv>
    sig43 = (i8) <callconv>
    sig44 = (i64, i64) <callconv>
    sig45 = (i64, i64) <callconv>
    sig46 = (i64) <callconv>
    sig47 = (i64, i64, i8) -> i64 <callconv>
    sig48 = (i64, i64, i8) -> i64 <callconv>
    sig49 = (i64) -> i64 <callconv>
    sig50 = (i64, i64, i8) -> i64 <callconv>
    sig51 = (i64, i64, i8) -> i64 <callconv>
    sig52 = (i64, i64, i8) -> i64 <callconv>
    sig53 = (i64, i64, i64) -> i64 <callconv>
    sig54 = (i64) <callconv>
    sig55 = (f64, i64) -> i64 <callconv>
    sig56 = (i64) -> i64 <callconv>
    sig57 = (i64, i64, i8) -> i64 <callconv>
    sig58 = (i64, i64) -> i64 <callconv>
    sig59 = (i64, i64, i8) -> i64 <callconv>
    sig60 = (i64, i64) -> i64 <callconv>
    sig61 = (i64, i64, i8) -> i64 <callconv>
    sig62 = (i64, i64, i64) -> i64 <callconv>
    sig63 = (i64, i64, i8) -> i64 <callconv>
    sig64 = (i64, i64, i64) -> i64 <callconv>
    sig65 = (i64, i64, i8) -> i64 <callconv>
    sig66 = (i64, i64) -> i64 <callconv>
    sig67 = (i64, i64) -> i64 <callconv>
    sig68 = (i64, i64, i64) -> i64 <callconv>
    sig69 = (i64, i64, i8) -> i64 <callconv>
    sig70 = (i64, i64) -> i64 <callconv>
    sig71 = () -> i64 <callconv>
    sig72 = () -> i8 <callconv>
    sig73 = (i8) <callconv>
    sig74 = (i64, i64) -> i64 <callconv>
    sig75 = (i64) -> i64 <callconv>
    sig76 = (i64, i64) <callconv>
    sig77 = (i8) <callconv>
    sig78 = (i64, i64) -> i64 <callconv>
    sig79 = (i64, i64) -> i64 <callconv>
    sig80 = (i64, i64, i8) -> i64 <callconv>
    sig81 = (i64) <callconv>
    sig82 = (i64, i64, i64) <callconv>
    sig83 = (i8, i64) <callconv>
    sig84 = (i64, i64) -> i64 <callconv>
    sig85 = (i64, i64) -> i64 <callconv>
    sig86 = (i64, i64, i8) -> i64 <callconv>
    sig87 = (i64) <callconv>
    sig88 = (i64, i64, i64) <callconv>
    sig89 = (i8, i64) <callconv>
    sig90 = (i64, i64) -> i64 <callconv>
    sig91 = (i64, i64) -> i64 <callconv>
    sig92 = (i64, i64, i8) -> i64 <callconv>
    sig93 = (i64) <callconv>
    sig94 = (i64, i64, i64) <callconv>
    sig95 = (i8, i64) <callconv>
    sig96 = (i64) <callconv>
    sig97 = (i64) <callconv>
    sig98 = (i64) <callconv>
    sig99 = (i64) <callconv>
    sig100 = (i64) <callconv>
    sig101 = (i64) <callconv>
    sig102 = (i64) <callconv>
    sig103 = (i64) <callconv>
    sig104 = (i64) <callconv>
    sig105 = (i64) <callconv>
    sig106 = (i64) <callconv>
    sig107 = (i64) <callconv>
    sig108 = (i64) <callconv>
    sig109 = (i64) <callconv>
    sig110 = (i64) <callconv>
    sig111 = (i64) <callconv>
    sig112 = (i64) <callconv>
    sig113 = (i64) <callconv>
    sig114 = (i64) <callconv>
    sig115 = (i64) <callconv>
    sig116 = (i64) <callconv>
    sig117 = (i8) <callconv>
    sig118 = (i64, i64) -> i64 <callconv>
    sig119 = (i64, i64) -> i64 <callconv>
    sig120 = (i64) -> i64 <callconv>
    sig121 = (i64, i64, i64) -> i64 <callconv>
    sig122 = (i64) <callconv>
    sig123 = (i64) <callconv>
    sig124 = (i64, i64) -> i64 <callconv>
    sig125 = (i64, i64) -> i64 <callconv>
    sig126 = (i64, i64) -> i64 <callconv>
    sig127 = (i64, i64) -> i64 <callconv>
    sig128 = (i64, i64) -> i64 <callconv>
    sig129 = (i64, i64, i64, i64, f64, f64, f64, f64, f64, f64, f64, f64, i8, f64, f64) <callconv>
    sig130 = (i64, i64) -> i64 <callconv>
    sig131 = (i64) -> i64 <callconv>
    sig132 = (i64, i64) -> i64 <callconv>
    sig133 = (i64) <callconv>
    sig134 = () <callconv>
    sig135 = (i8) <callconv>
    sig136 = () <callconv>
    sig137 = (i64) <callconv>
    sig138 = (i64) <callconv>
    sig139 = (i64) <callconv>
    sig140 = (i64, i64) -> i64 <callconv>
    sig141 = (i64) <callconv>
    sig142 = (i64, i64) -> i64 <callconv>
    sig143 = (i64) <callconv>
    sig144 = (i64) <callconv>
    sig145 = (i64) <callconv>
    sig146 = (i64, i64) -> i64 <callconv>
    sig147 = (i64) <callconv>
    sig148 = (i64) <callconv>
    sig149 = (i64) -> i64 <callconv>
    sig150 = (i64) <callconv>
    sig151 = (i64) <callconv>
    sig152 = (i64) <callconv>
    sig153 = (i64) <callconv>
    fn0 = nsl_args_init sig0
    fn1 = nsl_set_exec_fingerprint sig1
    fn2 = colocated __nsl_model_Mlp sig2
    fn3 = nsl_list_new sig3
    fn4 = nsl_list_push sig4
    fn5 = nsl_tensor_ones sig5
    fn6 = nsl_list_new sig6
    fn7 = nsl_list_push sig7
    fn8 = nsl_tensor_zeros sig8
    fn9 = nsl_gpu_set_persistent_pool sig9
    fn10 = nsl_gpu_get_alloc_surface sig10
    fn11 = nsl_gpu_set_alloc_surface sig11
    fn12 = nsl_list_new sig12
    fn13 = nsl_list_push sig13
    fn14 = nsl_list_push sig14
    fn15 = nsl_list_push sig15
    fn16 = nsl_gpu_set_alloc_surface sig16
    fn17 = nsl_list_new sig17
    fn18 = nsl_list_push sig18
    fn19 = nsl_list_push sig19
    fn20 = nsl_list_push sig20
    fn21 = nsl_list_new sig21
    fn22 = nsl_list_new sig22
    fn23 = nsl_list_get sig23
    fn24 = nsl_gpu_set_alloc_surface sig24
    fn25 = nsl_tensor_zeros_like sig25
    fn26 = nsl_list_push sig26
    fn27 = nsl_gpu_set_alloc_surface sig27
    fn28 = nsl_list_get sig28
    fn29 = nsl_tensor_ndim sig29
    fn30 = nsl_tensor_zeros_like sig30
    fn31 = nsl_list_push sig31
    fn32 = nsl_gpu_set_alloc_surface sig32
    fn33 = nsl_set_train_config_record sig33
    fn34 = nsl_list_new sig34
    fn35 = nsl_gpu_set_alloc_surface sig35
    fn36 = nsl_list_get sig36
    fn37 = nsl_tensor_zeros_like sig37
    fn38 = nsl_list_push sig38
    fn39 = nsl_gpu_set_alloc_surface sig39
    fn40 = nsl_gpu_set_transient_pool sig40
    fn41 = nsl_gpu_set_alloc_surface sig41
    fn42 = nsl_debug_gpu_mem sig42
    fn43 = nsl_set_training_mode sig43
    fn44 = nsl_train_input_device_guard sig44
    fn45 = nsl_train_input_device_guard sig45
    fn46 = nsl_set_inplace_suppressed sig46
    fn47 = nsl_tensor_matmul sig47
    fn48 = nsl_tensor_add sig48
    fn49 = nsl_tensor_silu sig49
    fn50 = nsl_tensor_matmul sig50
    fn51 = nsl_tensor_sub sig51
    fn52 = nsl_tensor_mul sig52
    fn53 = nsl_tensor_mean_dim sig53
    fn54 = nsl_set_inplace_suppressed sig54
    fn55 = nsl_tensor_scalar sig55
    fn56 = nsl_tensor_clone sig56
    fn57 = nsl_tensor_mul sig57
    fn58 = nsl_tensor_reduce_to_shape sig58
    fn59 = nsl_tensor_mul sig59
    fn60 = nsl_tensor_reduce_to_shape sig60
    fn61 = nsl_tensor_add sig61
    fn62 = nsl_tensor_transpose sig62
    fn63 = nsl_tensor_matmul sig63
    fn64 = nsl_tensor_transpose sig64
    fn65 = nsl_tensor_matmul sig65
    fn66 = nsl_tensor_reduce_to_shape sig66
    fn67 = nsl_tensor_silu_backward sig67
    fn68 = nsl_tensor_transpose sig68
    fn69 = nsl_tensor_matmul sig69
    fn70 = nsl_tensor_reduce_to_shape sig70
    fn71 = nsl_list_new sig71
    fn72 = nsl_gpu_get_alloc_surface sig72
    fn73 = nsl_gpu_set_alloc_surface sig73
    fn74 = nsl_list_get sig74
    fn75 = nsl_tensor_zeros_like sig75
    fn76 = nsl_list_push sig76
    fn77 = nsl_gpu_set_alloc_surface sig77
    fn78 = nsl_list_get sig78
    fn79 = nsl_list_get sig79
    fn80 = nsl_tensor_add sig80
    fn81 = nsl_tensor_free sig81
    fn82 = nsl_list_set sig82
    fn83 = nsl_assert sig83
    fn84 = nsl_list_get sig84
    fn85 = nsl_list_get sig85
    fn86 = nsl_tensor_add sig86
    fn87 = nsl_tensor_free sig87
    fn88 = nsl_list_set sig88
    fn89 = nsl_assert sig89
    fn90 = nsl_list_get sig90
    fn91 = nsl_list_get sig91
    fn92 = nsl_tensor_add sig92
    fn93 = nsl_tensor_free sig93
    fn94 = nsl_list_set sig94
    fn95 = nsl_assert sig95
    fn96 = nsl_tensor_free sig96
    fn97 = nsl_tensor_free sig97
    fn98 = nsl_tensor_free sig98
    fn99 = nsl_tensor_free sig99
    fn100 = nsl_tensor_free sig100
    fn101 = nsl_tensor_free sig101
    fn102 = nsl_tensor_free sig102
    fn103 = nsl_tensor_free sig103
    fn104 = nsl_tensor_free sig104
    fn105 = nsl_tensor_free sig105
    fn106 = nsl_tensor_free sig106
    fn107 = nsl_tensor_free sig107
    fn108 = nsl_tensor_free sig108
    fn109 = nsl_tensor_free sig109
    fn110 = nsl_tensor_free sig110
    fn111 = nsl_tensor_free sig111
    fn112 = nsl_tensor_free sig112
    fn113 = nsl_tensor_free sig113
    fn114 = nsl_tensor_free sig114
    fn115 = nsl_tensor_free sig115
    fn116 = nsl_tensor_free sig116
    fn117 = nsl_set_training_mode sig117
    fn118 = nsl_list_get sig118
    fn119 = nsl_list_get sig119
    fn120 = nsl_tensor_len sig120
    fn121 = nsl_grad_accumulate_add sig121
    fn122 = nsl_tensor_free sig122
    fn123 = nsl_list_free sig123
    fn124 = nsl_list_get sig124
    fn125 = nsl_list_get sig125
    fn126 = nsl_list_get sig126
    fn127 = nsl_list_get sig127
    fn128 = nsl_list_get sig128
    fn129 = nsl_optim_muon__muon_step sig129
    fn130 = nsl_list_get sig130
    fn131 = nsl_tensor_len sig131
    fn132 = nsl_grad_zero sig132
    fn133 = nsl_tensor_free sig133
    fn134 = nsl_gpu_set_persistent_pool sig134
    fn135 = nsl_gpu_set_alloc_surface sig135
    fn136 = nsl_gpu_drain_cache sig136
    fn137 = nsl_debug_gpu_mem sig137
    fn138 = nsl_debug_gpu_alloc_summary sig138
    fn139 = nsl_list_free sig139
    fn140 = nsl_list_get sig140
    fn141 = nsl_tensor_free sig141
    fn142 = nsl_list_get sig142
    fn143 = nsl_tensor_free sig143
    fn144 = nsl_list_free sig144
    fn145 = nsl_list_free sig145
    fn146 = nsl_list_get sig146
    fn147 = nsl_tensor_free sig147
    fn148 = nsl_list_free sig148
    fn149 = nsl_tensor_sum sig149
    fn150 = nsl_tensor_print sig150
    fn151 = nsl_tensor_free sig151
    fn152 = nsl_tensor_free_if_valid sig152
    fn153 = nsl_tensor_free_if_valid sig153

block0(v0: i32, v1: i64):
    call fn0(v0, v1)
    v2 = symbol_value.i64 gv0
    v3 = iconst.i64 160
    v4 = call fn1(v2, v3)  ; v3 = 160
    v5 = call fn2()
    v93 -> v5
    v339 -> v5
    v340 -> v5
    v405 -> v5
    v406 -> v5
    v341 -> v340
    v342 -> v93
    v343 -> v93
    v344 -> v93
    v345 -> v93
    v346 -> v93
    v347 -> v93
    v351 -> v93
    v352 -> v93
    v348 -> v346
    v349 -> v345
    v350 -> v344
    v6 = call fn3()
    v7 = iconst.i64 4
    call fn4(v6, v7)  ; v7 = 4
    v8 = iconst.i64 4
    call fn4(v6, v8)  ; v8 = 4
    v9 = call fn5(v6)
    v94 -> v9
    v353 -> v9
    v354 -> v9
    v411 -> v9
    v412 -> v9
    v355 -> v354
    v356 -> v94
    v357 -> v94
    v358 -> v94
    v359 -> v94
    v360 -> v94
    v361 -> v94
    v365 -> v94
    v366 -> v94
    v362 -> v360
    v363 -> v359
    v364 -> v358
    v10 = call fn6()
    v11 = iconst.i64 4
    call fn7(v10, v11)  ; v11 = 4
    v12 = iconst.i64 2
    call fn7(v10, v12)  ; v12 = 2
    v13 = call fn8(v10)
    v95 -> v13
    v367 -> v13
    v368 -> v13
    v414 -> v13
    v415 -> v13
    v369 -> v368
    v370 -> v95
    v371 -> v95
    v372 -> v95
    v373 -> v95
    v374 -> v95
    v375 -> v95
    v379 -> v95
    v380 -> v95
    v376 -> v374
    v377 -> v373
    v378 -> v372
    call fn9()
    v14 = iconst.i64 0
    v15 = call fn10()
    v16 = iconst.i8 1
    call fn11(v16)  ; v16 = 1
    v17 = iconst.i64 0
    v18 = call fn12()
    v19 = load.i64 notrap aligned v5
    call fn13(v18, v19)
    v20 = iconst.i64 0
    v21 = load.i64 notrap aligned v5+8
    call fn14(v18, v21)
    v22 = iconst.i64 0
    v23 = load.i64 notrap aligned v5+16
    call fn15(v18, v23)
    v24 = iconst.i64 0
    call fn16(v15)
    v25 = iconst.i64 0
    v26 = iconst.i64 3
    v27 = call fn17()
    v28 = iconst.i64 0
    call fn18(v27, v28)  ; v28 = 0
    v29 = iconst.i64 0
    v30 = iconst.i64 1
    call fn19(v27, v30)  ; v30 = 1
    v31 = iconst.i64 0
    v32 = iconst.i64 0
    call fn20(v27, v32)  ; v32 = 0
    v33 = iconst.i64 0
    v34 = call fn21()
    v35 = call fn22()
    v36 = iconst.i64 0
    jump block1(v36)  ; v36 = 0

block1(v37: i64):
    v38 = icmp slt v37, v26  ; v26 = 3
    brif v38, block2, block3

block2:
    v39 = call fn23(v18, v37)
    v40 = iconst.i8 2
    call fn24(v40)  ; v40 = 2
    v41 = iconst.i64 0
    v42 = call fn25(v39)
    call fn26(v34, v42)
    v43 = iconst.i64 0
    v44 = iconst.i8 3
    call fn27(v44)  ; v44 = 3
    v45 = iconst.i64 0
    v46 = call fn28(v27, v37)
    v47 = call fn29(v39)
    v48 = iconst.i64 0
    v49 = iconst.i64 2
    v50 = icmp eq v46, v48  ; v48 = 0
    v51 = icmp eq v47, v49  ; v49 = 2
    v52 = band v50, v51
    v53 = iconst.i8 0
    v54 = icmp eq v52, v53  ; v53 = 0
    brif v54, block4, block5

block4:
    v56 = call fn30(v39)
    jump block6(v56)

block5:
    v57 = iconst.i64 0
    jump block6(v57)  ; v57 = 0

block6(v55: i64):
    call fn31(v35, v55)
    v58 = iconst.i64 0
    v59 = iconst.i64 1
    v60 = iadd.i64 v37, v59  ; v59 = 1
    jump block1(v60)

block3:
    call fn32(v15)
    v61 = iconst.i64 0
    v62 = f64const 0x1.0624dd2f1a9fcp-9
    v275 -> v62
    v381 -> v62
    v270 -> v275
    v271 -> v275
    v272 -> v275
    v273 -> v275
    v274 -> v275
    v382 -> v275
    v383 -> v275
    v384 -> v275
    v276 -> v273
    v277 -> v272
    v278 -> v271
    v63 = iconst.i64 0
    v338 -> v63
    v64 = symbol_value.i64 gv1
    v65 = iconst.i64 166
    v66 = call fn33(v64, v65)  ; v65 = 166
    v67 = iconst.i64 0
    v68 = call fn34()
    v69 = iconst.i8 4
    call fn35(v69)  ; v69 = 4
    v70 = iconst.i64 0
    v71 = iconst.i64 0
    jump block7(v71)  ; v71 = 0

block7(v72: i64):
    v73 = icmp slt v72, v26  ; v26 = 3
    brif v73, block8, block9

block8:
    v74 = call fn36(v18, v72)
    v75 = call fn37(v74)
    call fn38(v68, v75)
    v76 = iconst.i64 0
    v77 = iconst.i64 1
    v78 = iadd.i64 v72, v77  ; v77 = 1
    jump block7(v78)

block9:
    call fn39(v15)
    v79 = iconst.i64 0
    v80 = iconst.i64 0
    v81 = iconst.i64 1
    jump block10(v80, v63)  ; v80 = 0, v63 = 0

block10(v82: i64, v89: i64):
    v325 -> v82
    v326 -> v82
    v327 -> v82
    v328 -> v82
    v329 -> v82
    v330 -> v82
    v334 -> v82
    v335 -> v82
    v331 -> v329
    v332 -> v328
    v333 -> v327
    v245 -> v89
    v246 -> v89
    v247 -> v89
    v248 -> v89
    v298 -> v89
    v305 -> v89
    v314 -> v89
    v315 -> v89
    v249 -> v247
    v250 -> v246
    v251 -> v245
    v83 = icmp slt v82, v81  ; v81 = 1
    brif v83, block11, block13

block11:
    v84 = iconst.i64 0
    v85 = iconst.i64 0
    call fn40()
    v86 = iconst.i64 0
    v87 = iconst.i8 6
    call fn41(v87)  ; v87 = 6
    v88 = iconst.i64 0
    call fn42(v89)
    v90 = iconst.i64 0
    v91 = iconst.i8 1
    call fn43(v91)  ; v91 = 1
    v92 = iconst.i64 0
    call fn44(v94, v18)
    v96 = iconst.i64 0
    call fn45(v95, v18)
    v97 = iconst.i64 0
    v98 = load.i64 notrap aligned v5
    v99 = load.i64 notrap aligned v5+8
    v100 = load.i64 notrap aligned v5+16
    v101 = iconst.i64 1
    call fn46(v101)  ; v101 = 1
    v102 = iconst.i64 0
    v103 = iconst.i8 0
    v104 = call fn47(v94, v98, v103)  ; v103 = 0
    v105 = iconst.i8 0
    v106 = call fn48(v104, v99, v105)  ; v105 = 0
    v107 = call fn49(v106)
    v108 = iconst.i8 0
    v109 = call fn50(v107, v100, v108)  ; v108 = 0
    v110 = iconst.i8 0
    v111 = call fn51(v109, v95, v110)  ; v110 = 0
    v112 = iconst.i8 0
    v113 = call fn52(v111, v111, v112)  ; v112 = 0
    v114 = iconst.i64 -1
    v115 = iconst.i64 0
    v116 = call fn53(v113, v114, v115)  ; v114 = -1, v115 = 0
    v117 = iconst.i64 0
    call fn54(v117)  ; v117 = 0
    v118 = iconst.i64 0
    v119 = f64const 0x1.0000000000000p0
    v120 = iconst.i64 1
    v121 = call fn55(v119, v120)  ; v119 = 0x1.0000000000000p0, v120 = 1
    v122 = call fn56(v121)
    v123 = iconst.i8 0
    v124 = call fn57(v122, v111, v123)  ; v123 = 0
    v125 = call fn58(v124, v111)
    v126 = iconst.i8 0
    v127 = call fn59(v122, v111, v126)  ; v126 = 0
    v128 = call fn60(v127, v111)
    v129 = iconst.i8 0
    v130 = call fn61(v125, v128, v129)  ; v129 = 0
    v131 = iconst.i64 -2
    v132 = iconst.i64 -1
    v133 = call fn62(v100, v131, v132)  ; v131 = -2, v132 = -1
    v134 = iconst.i8 0
    v135 = call fn63(v130, v133, v134)  ; v134 = 0
    v136 = iconst.i64 -2
    v137 = iconst.i64 -1
    v138 = call fn64(v107, v136, v137)  ; v136 = -2, v137 = -1
    v139 = iconst.i8 0
    v140 = call fn65(v138, v130, v139)  ; v139 = 0
    v141 = call fn66(v140, v100)
    v142 = call fn67(v135, v106)
    v143 = iconst.i64 -2
    v144 = iconst.i64 -1
    v145 = call fn68(v94, v143, v144)  ; v143 = -2, v144 = -1
    v146 = iconst.i8 0
    v147 = call fn69(v145, v142, v146)  ; v146 = 0
    v148 = call fn70(v147, v98)
    v149 = call fn71()
    v150 = call fn72()
    v151 = iconst.i8 5
    call fn73(v151)  ; v151 = 5
    v152 = iconst.i64 0
    v153 = iconst.i64 0
    jump block15(v153)  ; v153 = 0

block15(v154: i64):
    v155 = icmp slt v154, v26  ; v26 = 3
    brif v155, block16, block17

block16:
    v156 = call fn74(v18, v154)
    v157 = call fn75(v156)
    call fn76(v149, v157)
    v158 = iconst.i64 0
    v159 = iconst.i64 1
    v160 = iadd.i64 v154, v159  ; v159 = 1
    jump block15(v160)

block17:
    call fn77(v150)
    v161 = iconst.i64 0
    v162 = iconst.i64 0
    jump block18(v162, v162)  ; v162 = 0, v162 = 0

block18(v163: i64, v170: i64):
    v164 = icmp slt v163, v26  ; v26 = 3
    brif v164, block19, block22

block19:
    v165 = call fn78(v18, v163)
    v166 = icmp eq v165, v98
    brif v166, block20, block21(v170)

block20:
    v167 = call fn79(v149, v163)
    v168 = iconst.i8 0
    v169 = call fn80(v167, v148, v168)  ; v168 = 0
    v171 = iconst.i64 1
    v172 = iadd.i64 v170, v171  ; v171 = 1
    call fn81(v167)
    v173 = iconst.i64 0
    call fn82(v149, v163, v169)
    v174 = iconst.i64 0
    jump block21(v172)

block21(v177: i64):
    v175 = iconst.i64 1
    v176 = iadd.i64 v163, v175  ; v175 = 1
    jump block18(v176, v177)

block22:
    v178 = iconst.i64 0
    v179 = icmp.i64 ne v170, v178  ; v178 = 0
    v180 = symbol_value.i64 gv2
    call fn83(v179, v180)
    v181 = iconst.i64 0
    v182 = iconst.i64 0
    jump block23(v182, v182)  ; v182 = 0, v182 = 0

block23(v183: i64, v190: i64):
    v184 = icmp slt v183, v26  ; v26 = 3
    brif v184, block24, block27

block24:
    v185 = call fn84(v18, v183)
    v186 = icmp eq v185, v99
    brif v186, block25, block26(v190)

block25:
    v187 = call fn85(v149, v183)
    v188 = iconst.i8 0
    v189 = call fn86(v187, v142, v188)  ; v188 = 0
    v191 = iconst.i64 1
    v192 = iadd.i64 v190, v191  ; v191 = 1
    call fn87(v187)
    v193 = iconst.i64 0
    call fn88(v149, v183, v189)
    v194 = iconst.i64 0
    jump block26(v192)

block26(v197: i64):
    v195 = iconst.i64 1
    v196 = iadd.i64 v183, v195  ; v195 = 1
    jump block23(v196, v197)

block27:
    v198 = iconst.i64 0
    v199 = icmp.i64 ne v190, v198  ; v198 = 0
    v200 = symbol_value.i64 gv3
    call fn89(v199, v200)
    v201 = iconst.i64 0
    v202 = iconst.i64 0
    jump block28(v202, v202)  ; v202 = 0, v202 = 0

block28(v203: i64, v210: i64):
    v204 = icmp slt v203, v26  ; v26 = 3
    brif v204, block29, block32

block29:
    v205 = call fn90(v18, v203)
    v206 = icmp eq v205, v100
    brif v206, block30, block31(v210)

block30:
    v207 = call fn91(v149, v203)
    v208 = iconst.i8 0
    v209 = call fn92(v207, v141, v208)  ; v208 = 0
    v211 = iconst.i64 1
    v212 = iadd.i64 v210, v211  ; v211 = 1
    call fn93(v207)
    v213 = iconst.i64 0
    call fn94(v149, v203, v209)
    v214 = iconst.i64 0
    jump block31(v212)

block31(v217: i64):
    v215 = iconst.i64 1
    v216 = iadd.i64 v203, v215  ; v215 = 1
    jump block28(v216, v217)

block32:
    v218 = iconst.i64 0
    v219 = icmp.i64 ne v210, v218  ; v218 = 0
    v220 = symbol_value.i64 gv4
    call fn95(v219, v220)
    v221 = iconst.i64 0
    call fn96(v122)
    v222 = iconst.i64 0
    call fn97(v124)
    v223 = iconst.i64 0
    call fn98(v125)
    v224 = iconst.i64 0
    call fn99(v127)
    v225 = iconst.i64 0
    call fn100(v128)
    v226 = iconst.i64 0
    call fn101(v130)
    v227 = iconst.i64 0
    call fn102(v133)
    v228 = iconst.i64 0
    call fn103(v135)
    v229 = iconst.i64 0
    call fn104(v138)
    v230 = iconst.i64 0
    call fn105(v140)
    v231 = iconst.i64 0
    call fn106(v141)
    v232 = iconst.i64 0
    call fn107(v142)
    v233 = iconst.i64 0
    call fn108(v145)
    v234 = iconst.i64 0
    call fn109(v147)
    v235 = iconst.i64 0
    call fn110(v148)
    v236 = iconst.i64 0
    call fn111(v104)
    v237 = iconst.i64 0
    call fn112(v106)
    v238 = iconst.i64 0
    call fn113(v107)
    v239 = iconst.i64 0
    call fn114(v109)
    v240 = iconst.i64 0
    call fn115(v111)
    v241 = iconst.i64 0
    call fn116(v113)
    v242 = iconst.i64 0
    v243 = iconst.i8 0
    call fn117(v243)  ; v243 = 0
    v244 = iconst.i64 0
    v252 = iconst.i64 1
    v253 = iadd.i64 v89, v252  ; v252 = 1
    v254 = iconst.i64 2
    v255 = srem v253, v254  ; v254 = 2
    v256 = iconst.i64 0
    v257 = icmp eq v255, v256  ; v256 = 0
    v269 -> v257
    v258 = iconst.i64 0
    jump block33(v258)  ; v258 = 0

block33(v259: i64):
    v260 = icmp slt v259, v26  ; v26 = 3
    brif v260, block34, block35

block34:
    v261 = call fn118(v68, v259)
    v262 = call fn119(v149, v259)
    v263 = call fn120(v261)
    v264 = call fn121(v261, v262, v263)
    call fn122(v262)
    v265 = iconst.i64 0
    v266 = iconst.i64 1
    v267 = iadd.i64 v259, v266  ; v266 = 1
    jump block33(v267)

block35:
    call fn123(v149)
    v268 = iconst.i64 0
    brif.i8 v257, block36, block37

block36:
    v279 = f64const 0x1.e666666666666p-1
    v280 = f64const 0.0
    v281 = f64const 0x1.47ae147ae147bp-7
    v282 = iconst.i8 1
    v283 = f64const 0x1.ccccccccccccdp-1
    v284 = f64const 0x1.e666666666666p-1
    v285 = f64const 0x1.5798ee2308c3ap-27
    v286 = iconst.i64 0
    jump block38(v286)  ; v286 = 0

block38(v287: i64):
    v288 = icmp slt v287, v26  ; v26 = 3
    brif v288, block39, block40

block39:
    v289 = call fn124(v18, v287)
    v290 = call fn125(v68, v287)
    v291 = call fn126(v34, v287)
    v292 = call fn127(v35, v287)
    v293 = call fn128(v27, v287)
    v294 = fcvt_from_sint.f64 v293
    v295 = f64const 0x1.4000000000000p2
    v296 = f64const 0x1.0000000000000p0
    v297 = fmul.f64 v275, v296  ; v275 = 0x1.0624dd2f1a9fcp-9, v296 = 0x1.0000000000000p0
    v299 = iconst.i64 1
    v300 = iadd.i64 v298, v299  ; v299 = 1
    v301 = fcvt_from_sint.f64 v300
    call fn129(v289, v290, v291, v292, v294, v275, v297, v279, v283, v284, v285, v281, v282, v295, v301)  ; v275 = 0x1.0624dd2f1a9fcp-9, v279 = 0x1.e666666666666p-1, v283 = 0x1.ccccccccccccdp-1, v284 = 0x1.e666666666666p-1, v285 = 0x1.5798ee2308c3ap-27, v281 = 0x1.47ae147ae147bp-7, v282 = 1, v295 = 0x1.4000000000000p2
    v302 = iconst.i64 0
    v303 = iconst.i64 1
    v304 = iadd.i64 v287, v303  ; v303 = 1
    jump block38(v304)

block40:
    v306 = iconst.i64 0
    jump block41(v306)  ; v306 = 0

block41(v307: i64):
    v308 = icmp slt v307, v26  ; v26 = 3
    brif v308, block42, block43

block42:
    v309 = call fn130(v68, v307)
    v310 = call fn131(v309)
    v311 = call fn132(v309, v310)
    v312 = iconst.i64 1
    v313 = iadd.i64 v307, v312  ; v312 = 1
    jump block41(v313)

block43:
    jump block37

block37:
    v316 = iconst.i64 1
    v317 = iadd.i64 v89, v316  ; v316 = 1
    call fn133(v116)
    v318 = iconst.i64 0
    v319 = iconst.i64 0
    call fn134()
    v320 = iconst.i64 0
    call fn135(v15)
    v321 = iconst.i64 0
    call fn136()
    v322 = iconst.i64 0
    call fn137(v317)
    v323 = iconst.i64 0
    call fn138(v317)
    v324 = iconst.i64 0
    jump block12

block12:
    v336 = iconst.i64 1
    v337 = iadd.i64 v82, v336  ; v336 = 1
    jump block10(v337, v317)

block13:
    call fn139(v18)
    v385 = iconst.i64 0
    v386 = iconst.i64 0
    jump block44(v386)  ; v386 = 0

block44(v387: i64):
    v388 = icmp slt v387, v26  ; v26 = 3
    brif v388, block45, block46

block45:
    v389 = call fn140(v34, v387)
    call fn141(v389)
    v390 = iconst.i64 0
    v391 = call fn142(v35, v387)
    call fn143(v391)
    v392 = iconst.i64 0
    v393 = iconst.i64 1
    v394 = iadd.i64 v387, v393  ; v393 = 1
    jump block44(v394)

block46:
    call fn144(v34)
    v395 = iconst.i64 0
    call fn145(v35)
    v396 = iconst.i64 0
    v397 = iconst.i64 0
    jump block47(v397)  ; v397 = 0

block47(v398: i64):
    v399 = icmp slt v398, v26  ; v26 = 3
    brif v399, block48, block49

block48:
    v400 = call fn146(v68, v398)
    call fn147(v400)
    v401 = iconst.i64 0
    v402 = iconst.i64 1
    v403 = iadd.i64 v398, v402  ; v402 = 1
    jump block47(v403)

block49:
    call fn148(v68)
    v404 = iconst.i64 0
    v407 = load.i64 notrap aligned v5+16
    v408 = call fn149(v407)
    call fn150(v408)
    v409 = iconst.i64 0
    call fn151(v408)
    v410 = iconst.i64 0
    call fn152(v9)
    v413 = iconst.i64 0
    call fn153(v13)
    v416 = iconst.i64 0
    v417 = iconst.i32 0
    return v417  ; v417 = 0
}
