---
source: crates/nsl-codegen/tests/train_clif_snapshots.rs
expression: render(&first)
---
--- IR: model ctor 'Blk' ---
function <model ctor 'Blk'>() -> i64 <callconv> {
    sig0 = (i64) -> i64 <callconv>
    sig1 = () -> i64 <callconv>
    sig2 = (i64, i64) <callconv>
    sig3 = (i64) -> i64 <callconv>
    sig4 = () -> i64 <callconv>
    sig5 = (i64, i64) <callconv>
    sig6 = (i64) -> i64 <callconv>
    sig7 = () -> i64 <callconv>
    sig8 = (i64, i64) <callconv>
    sig9 = (i64) -> i64 <callconv>
    fn0 = nsl_alloc sig0
    fn1 = nsl_list_new sig1
    fn2 = nsl_list_push sig2
    fn3 = nsl_tensor_ones sig3
    fn4 = nsl_list_new sig4
    fn5 = nsl_list_push sig5
    fn6 = nsl_tensor_ones sig6
    fn7 = nsl_list_new sig7
    fn8 = nsl_list_push sig8
    fn9 = nsl_tensor_ones sig9

block0:
    v0 = iconst.i64 24
    v1 = call fn0(v0)  ; v0 = 24
    v2 = call fn1()
    v3 = iconst.i64 16
    call fn2(v2, v3)  ; v3 = 16
    v4 = call fn3(v2)
    store notrap aligned v4, v1
    v5 = call fn4()
    v6 = iconst.i64 16
    call fn5(v5, v6)  ; v6 = 16
    v7 = iconst.i64 32
    call fn5(v5, v7)  ; v7 = 32
    v8 = call fn6(v5)
    store notrap aligned v8, v1+8
    v9 = call fn7()
    v10 = iconst.i64 32
    call fn8(v9, v10)  ; v10 = 32
    v11 = iconst.i64 16
    call fn8(v9, v11)  ; v11 = 16
    v12 = call fn9(v9)
    store notrap aligned v12, v1+16
    return v1
}

--- IR: model ctor 'TinyLM' ---
function <model ctor 'TinyLM'>() -> i64 <callconv> {
    sig0 = (i64) -> i64 <callconv>
    sig1 = () -> i64 <callconv>
    sig2 = (i64, i64) <callconv>
    sig3 = (i64) -> i64 <callconv>
    sig4 = () -> i64 <callconv>
    sig5 = () -> i64 <callconv>
    sig6 = (i64, i64) <callconv>
    sig7 = (i64) -> i64 <callconv>
    fn0 = nsl_alloc sig0
    fn1 = nsl_list_new sig1
    fn2 = nsl_list_push sig2
    fn3 = nsl_tensor_ones sig3
    fn4 = colocated __nsl_model_Blk sig4
    fn5 = nsl_list_new sig5
    fn6 = nsl_list_push sig6
    fn7 = nsl_tensor_ones sig7

block0:
    v0 = iconst.i64 32
    v1 = call fn0(v0)  ; v0 = 32
    v2 = call fn1()
    v3 = iconst.i64 16
    call fn2(v2, v3)  ; v3 = 16
    v4 = iconst.i64 16
    call fn2(v2, v4)  ; v4 = 16
    v5 = call fn3(v2)
    store notrap aligned v5, v1
    v6 = iconst.i64 0
    jump block1(v6)  ; v6 = 0

block1(v7: i64):
    v8 = iconst.i64 2
    v9 = icmp slt v7, v8  ; v8 = 2
    brif v9, block2, block3

block2:
    v10 = call fn4()
    v11 = iconst.i64 8
    v12 = imul.i64 v7, v11  ; v11 = 8
    v13 = iconst.i64 8
    v14 = iadd v13, v12  ; v13 = 8
    v15 = iadd.i64 v1, v14
    store notrap aligned v10, v15
    v16 = iconst.i64 1
    v17 = iadd.i64 v7, v16  ; v16 = 1
    jump block1(v17)

block3:
    v18 = call fn5()
    v19 = iconst.i64 16
    call fn6(v18, v19)  ; v19 = 16
    v20 = call fn7(v18)
    store notrap aligned v20, v1+24
    return v1
}

--- IR: model method '__nsl_model_Blk_forward' ---
function <model method '__nsl_model_Blk_forward'>(i64, i64) -> i64 <callconv> {
    sig0 = (i64, i64, f64) -> i64 <callconv>
    sig1 = (i64, i64, i8) -> i64 <callconv>
    sig2 = (i64, i64, i8) -> i64 <callconv>
    sig3 = (i64) <callconv>
    sig4 = (i64) <callconv>
    sig5 = (i64, i64, i8) -> i64 <callconv>
    sig6 = (i64) <callconv>
    fn0 = nsl_tensor_rmsnorm sig0
    fn1 = nsl_tensor_matmul sig1
    fn2 = nsl_tensor_matmul sig2
    fn3 = nsl_tensor_free sig3
    fn4 = nsl_tensor_free sig4
    fn5 = nsl_tensor_add sig5
    fn6 = nsl_tensor_free_if_valid sig6

block0(v0: i64, v1: i64):
    v2 = load.i64 notrap aligned v0
    v3 = f64const 0x1.4f8b588e368f1p-17
    v4 = call fn0(v1, v2, v3)  ; v3 = 0x1.4f8b588e368f1p-17
    v5 = load.i64 notrap aligned v0+8
    v6 = iconst.i8 0
    v7 = call fn1(v4, v5, v6)  ; v6 = 0
    v8 = load.i64 notrap aligned v0+16
    v9 = iconst.i8 0
    v10 = call fn2(v7, v8, v9)  ; v9 = 0
    call fn3(v4)
    v11 = iconst.i64 0
    call fn4(v7)
    v12 = iconst.i64 0
    v13 = iconst.i8 0
    v14 = call fn5(v1, v10, v13)  ; v13 = 0
    call fn6(v10)
    v15 = iconst.i64 0
    return v14
}

--- IR: model method '__nsl_model_TinyLM_forward_train' ---
function <model method '__nsl_model_TinyLM_forward_train'>(i64, i64) -> i64 <callconv> {
    sig0 = (i64) -> i64 <callconv>
    sig1 = (i64, i64) -> i64 <callconv>
    sig2 = (i64, i64) -> i64 <callconv>
    sig3 = () -> i64 <callconv>
    sig4 = (i64, i64) <callconv>
    sig5 = (i64, i64) -> i64 <callconv>
    sig6 = (i64, i64) -> i64 <callconv>
    sig7 = () -> i64 <callconv>
    sig8 = (i64, i64) <callconv>
    sig9 = (i64, i64) -> i64 <callconv>
    sig10 = (i64, i64) -> i64 <callconv>
    sig11 = (i64) <callconv>
    sig12 = (i64, i64, f64) -> i64 <callconv>
    sig13 = (i64, i64, i64) -> i64 <callconv>
    sig14 = (i64, i64, i8) -> i64 <callconv>
    sig15 = (i64) <callconv>
    sig16 = (i64) <callconv>
    sig17 = (i64) <callconv>
    sig18 = (i64) <callconv>
    sig19 = (i64) <callconv>
    fn0 = nsl_tensor_shape sig0
    fn1 = nsl_list_get sig1
    fn2 = nsl_list_get sig2
    fn3 = nsl_list_new sig3
    fn4 = nsl_list_push sig4
    fn5 = nsl_tensor_reshape sig5
    fn6 = nsl_tensor_embedding_lookup sig6
    fn7 = nsl_list_new sig7
    fn8 = nsl_list_push sig8
    fn9 = nsl_tensor_reshape sig9
    fn10 = colocated __nsl_model_Blk_forward sig10
    fn11 = nsl_tensor_free_if_valid sig11
    fn12 = nsl_tensor_rmsnorm sig12
    fn13 = nsl_tensor_transpose sig13
    fn14 = nsl_tensor_matmul sig14
    fn15 = nsl_tensor_free sig15
    fn16 = nsl_tensor_free_if_valid sig16
    fn17 = nsl_tensor_free_if_valid sig17
    fn18 = nsl_tensor_free_if_valid sig18
    fn19 = nsl_tensor_free_if_valid sig19

block0(v0: i64, v1: i64):
    v30 -> v0
    v2 = call fn0(v1)
    v3 = iconst.i64 0
    v4 = call fn1(v2, v3)  ; v3 = 0
    v5 = iconst.i64 1
    v6 = call fn2(v2, v5)  ; v5 = 1
    v7 = call fn3()
    v8 = imul v4, v6
    call fn4(v7, v8)
    v9 = call fn5(v1, v7)
    v43 -> v9
    v10 = load.i64 notrap aligned v0
    v11 = call fn6(v10, v9)
    v41 -> v11
    v12 = call fn7()
    call fn8(v12, v4)
    call fn8(v12, v6)
    v13 = iconst.i64 16
    call fn8(v12, v13)  ; v13 = 16
    v14 = call fn9(v11, v12)
    v15 = iconst.i64 8
    v16 = iadd v0, v15  ; v15 = 8
    v17 = iconst.i64 0
    jump block1(v17, v14)  ; v17 = 0

block1(v18: i64, v25: i64):
    v19 = iconst.i64 2
    v20 = icmp slt v18, v19  ; v19 = 2
    brif v20, block2, block4

block2:
    v21 = iconst.i64 8
    v22 = imul.i64 v18, v21  ; v21 = 8
    v23 = iadd.i64 v16, v22
    v24 = load.i64 notrap aligned v23
    v26 = call fn10(v24, v25)
    call fn11(v25)
    v27 = iconst.i64 0
    jump block3

block3:
    v28 = iconst.i64 1
    v29 = iadd.i64 v18, v28  ; v28 = 1
    jump block1(v29, v26)

block4:
    v31 = load.i64 notrap aligned v0+24
    v32 = f64const 0x1.4f8b588e368f1p-17
    v33 = call fn12(v25, v31, v32)  ; v32 = 0x1.4f8b588e368f1p-17
    v34 = load.i64 notrap aligned v30
    v35 = iconst.i64 0
    v36 = iconst.i64 1
    v37 = call fn13(v34, v35, v36)  ; v35 = 0, v36 = 1
    v38 = iconst.i8 0
    v39 = call fn14(v33, v37, v38)  ; v38 = 0
    call fn15(v37)
    v40 = iconst.i64 0
    call fn16(v11)
    v42 = iconst.i64 0
    call fn17(v9)
    v44 = iconst.i64 0
    call fn18(v25)
    v45 = iconst.i64 0
    call fn19(v33)
    v46 = iconst.i64 0
    return v39
}

--- IR: main ---
function <main>(i32, i64) -> i32 <callconv> {
    gv0 = symbol colocated .str.1
    gv1 = symbol colocated .str.2
    gv2 = symbol colocated .str.3
    gv3 = symbol colocated .str.4
    gv4 = symbol colocated .str.5
    gv5 = symbol colocated .str.6
    gv6 = symbol colocated .str.7
    gv7 = symbol colocated .str.4
    gv8 = symbol colocated .str.5
    gv9 = symbol colocated __nsl_fused_ew_ptx_d4d81537cab94177
    gv10 = symbol colocated __nsl_fused_ew_name_d4d81537cab94177
    gv11 = symbol colocated __nsl_fused_ew_desc_d4d81537cab94177
    gv12 = symbol colocated __nsl_fused_ew_ptx_05f38b0d64e6bc91
    gv13 = symbol colocated __nsl_fused_ew_name_05f38b0d64e6bc91
    gv14 = symbol colocated __nsl_fused_ew_desc_05f38b0d64e6bc91
    gv15 = symbol colocated __nsl_fused_ew_ptx_887d906e909e7508
    gv16 = symbol colocated __nsl_fused_ew_name_887d906e909e7508
    gv17 = symbol colocated __nsl_fused_ew_desc_887d906e909e7508
    gv18 = symbol colocated __nsl_fused_ew_ptx_039e456115af33b6
    gv19 = symbol colocated __nsl_fused_ew_name_039e456115af33b6
    gv20 = symbol colocated __nsl_fused_ew_desc_039e456115af33b6
    gv21 = symbol colocated __nsl_fused_ew_ptx_05f38b0d64e6bc91
    gv22 = symbol colocated __nsl_fused_ew_name_05f38b0d64e6bc91
    gv23 = symbol colocated __nsl_fused_ew_desc_05f38b0d64e6bc91
    gv24 = symbol colocated __nsl_fused_ew_ptx_01655ffcdec9795a
    gv25 = symbol colocated __nsl_fused_ew_name_01655ffcdec9795a
    gv26 = symbol colocated __nsl_fused_ew_desc_01655ffcdec9795a
    gv27 = symbol colocated __nsl_fused_ew_ptx_039e456115af33b6
    gv28 = symbol colocated __nsl_fused_ew_name_039e456115af33b6
    gv29 = symbol colocated __nsl_fused_ew_desc_039e456115af33b6
    gv30 = symbol colocated __nsl_fused_ew_ptx_05f38b0d64e6bc91
    gv31 = symbol colocated __nsl_fused_ew_name_05f38b0d64e6bc91
    gv32 = symbol colocated __nsl_fused_ew_desc_05f38b0d64e6bc91
    gv33 = symbol colocated __nsl_fused_ew_ptx_01655ffcdec9795a
    gv34 = symbol colocated __nsl_fused_ew_name_01655ffcdec9795a
    gv35 = symbol colocated __nsl_fused_ew_desc_01655ffcdec9795a
    gv36 = symbol colocated __nsl_fused_ew_ptx_039e456115af33b6
    gv37 = symbol colocated __nsl_fused_ew_name_039e456115af33b6
    gv38 = symbol colocated __nsl_fused_ew_desc_039e456115af33b6
    sig0 = (i32, i64) <callconv>
    sig1 = (i64, i64) -> i64 <callconv>
    sig2 = (i64, i64, f64, i64, i64, i64, i64) -> i64 <callconv>
    sig3 = () -> i64 <callconv>
    sig4 = (f64, f64, f64) -> i64 <callconv>
    sig5 = (i64, i64) -> i64 <callconv>
    sig6 = (i64) -> i64 <callconv>
    sig7 = (i64) <callconv>
    sig8 = (i64, i64, i64, i64) -> i64 <callconv>
    sig9 = (i64) <callconv>
    sig10 = () <callconv>
    sig11 = () -> i8 <callconv>
    sig12 = (i8) <callconv>
    sig13 = () -> i64 <callconv>
    sig14 = (i64, i64) <callconv>
    sig15 = (i64, i64) <callconv>
    sig16 = (i64, i64) <callconv>
    sig17 = (i64, i64) <callconv>
    sig18 = (i64, i64) <callconv>
    sig19 = (i64, i64) <callconv>
    sig20 = (i64, i64) <callconv>
    sig21 = (i64, i64) <callconv>
    sig22 = (i8) <callconv>
    sig23 = () -> i64 <callconv>
    sig24 = () -> i64 <callconv>
    sig25 = (i64, i64) -> i64 <callconv>
    sig26 = (i8) <callconv>
    sig27 = (i64) -> i64 <callconv>
    sig28 = (i64, i64) <callconv>
    sig29 = (i8) <callconv>
    sig30 = (i64) -> i64 <callconv>
    sig31 = (i64, i64) <callconv>
    sig32 = (i8) <callconv>
    sig33 = (i64, i64) -> i64 <callconv>
    sig34 = () -> i64 <callconv>
    sig35 = (i8) <callconv>
    sig36 = (i64, i64) -> i64 <callconv>
    sig37 = (i64) -> i64 <callconv>
    sig38 = (i64, i64) <callconv>
    sig39 = (i8) <callconv>
    sig40 = (i64) <callconv>
    sig41 = (i64) -> i64 <callconv>
    sig42 = (i64, i64) -> i64 <callconv>
    sig43 = (i64, i64) -> i64 <callconv>
    sig44 = (i64, i64) -> i64 <callconv>
    sig45 = (i64, i64) <callconv>
    sig46 = (i64, i64) <callconv>
    sig47 = (i64, i64) -> i8 <callconv>
    sig48 = (i64, i64) -> i64 <callconv>
    sig49 = (i64, i64) -> i64 <callconv>
    sig50 = (i64) -> i64 <callconv>
    sig51 = (i64) -> i64 <callconv>
    sig52 = (i64, i64) <callconv>
    sig53 = (i64, i64) <callconv>
    sig54 = () <callconv>
    sig55 = (i8) <callconv>
    sig56 = (i64) <callconv>
    sig57 = (i8) <callconv>
    sig58 = (i64) <callconv>
    sig59 = (i64, i64) -> i64 <callconv>
    sig60 = (i64) -> i64 <callconv>
    sig61 = (i64, i64) -> i64 <callconv>
    sig62 = (i64, i64) -> i64 <callconv>
    sig63 = () -> i64 <callconv>
    sig64 = (i64, i64) <callconv>
    sig65 = (i64, i64) -> i64 <callconv>
    sig66 = (i64, i64) -> i64 <callconv>
    sig67 = () -> i64 <callconv>
    sig68 = (i64, i64) <callconv>
    sig69 = (i64, i64) <callconv>
    sig70 = (i64, i64) <callconv>
    sig71 = (i64, i64) -> i64 <callconv>
    sig72 = (f64, i64) -> i64 <callconv>
    sig73 = (i64, i64, f64) -> i64 <callconv>
    sig74 = (i64, i64, i8) -> i64 <callconv>
    sig75 = (i64, i64, i8) -> i64 <callconv>
    sig76 = (i64, i64, i8) -> i64 <callconv>
    sig77 = (f64, i64) -> i64 <callconv>
    sig78 = (i64) <callconv>
    sig79 = (i64) <callconv>
    sig80 = (i64) <callconv>
    sig81 = (i64, i64, f64) -> i64 <callconv>
    sig82 = (i64, i64, i8) -> i64 <callconv>
    sig83 = (i64, i64, i8) -> i64 <callconv>
    sig84 = (i64, i64, i8) -> i64 <callconv>
    sig85 = (f64, i64) -> i64 <callconv>
    sig86 = (i64) <callconv>
    sig87 = (i64) <callconv>
    sig88 = (i64) <callconv>
    sig89 = (i64, i64, f64) -> i64 <callconv>
    sig90 = (i64, i64, i64) -> i64 <callconv>
    sig91 = (i64, i64, i8) -> i64 <callconv>
    sig92 = (i64) -> i64 <callconv>
    sig93 = (i64, i64) -> i64 <callconv>
    sig94 = (i64, i64) -> i64 <callconv>
    sig95 = (i64, i64) -> i64 <callconv>
    sig96 = () -> i64 <callconv>
    sig97 = (i64, i64) <callconv>
    sig98 = (i64, i64) <callconv>
    sig99 = (i64, i64) -> i64 <callconv>
    sig100 = (i64, i64) -> i64 <callconv>
    sig101 = (i64, i64) -> i64 <callconv>
    sig102 = (i64, i64) -> i64 <callconv>
    sig103 = () -> i64 <callconv>
    sig104 = (i64, i64) <callconv>
    sig105 = (i64, i64) -> i64 <callconv>
    sig106 = (i64, i64) -> i64 <callconv>
    sig107 = (i64, i64, i64) -> i64 <callconv>
    sig108 = (i64) -> i64 <callconv>
    sig109 = (i64, i64, i64) -> i64 <callconv>
    sig110 = (i64) <callconv>
    sig111 = (f64, i64) -> i64 <callconv>
    sig112 = (i64) -> i64 <callconv>
    sig113 = (i64) <callconv>
    sig114 = (i64) -> i64 <callconv>
    sig115 = (i64) <callconv>
    sig116 = (i64, i64, i64) -> i64 <callconv>
    sig117 = (i64) <callconv>
    sig118 = (i64) -> i64 <callconv>
    sig119 = (i64) -> i64 <callconv>
    sig120 = (i64, i64, i64) -> i64 <callconv>
    sig121 = (i64, i64, i64, i64, i64, i64, i64, i64, i64, i64, i64) -> i64 <callconv>
    sig122 = (i64) <callconv>
    sig123 = (i64) <callconv>
    sig124 = (i64) <callconv>
    sig125 = (i64) -> i64 <callconv>
    sig126 = (i64, i64) -> i64 <callconv>
    sig127 = (i64) <callconv>
    sig128 = (i64, i64, i64) -> i64 <callconv>
    sig129 = (i64, i64, i8) -> i64 <callconv>
    sig130 = (i64) <callconv>
    sig131 = (i64, i64, i64) -> i64 <callconv>
    sig132 = (i64, i64, i8) -> i64 <callconv>
    sig133 = (i64) <callconv>
    sig134 = (i64) <callconv>
    sig135 = (i64, i64) -> i64 <callconv>
    sig136 = (i64) <callconv>
    sig137 = (i64, i64, i64) -> i64 <callconv>
    sig138 = (i64) <callconv>
    sig139 = (i64, i64, i8) -> i64 <callconv>
    sig140 = (i64) -> i64 <callconv>
    sig141 = (i64, i64, i64) -> i64 <callconv>
    sig142 = (i64) <callconv>
    sig143 = (i64, f64, i64) -> i64 <callconv>
    sig144 = (i64) <callconv>
    sig145 = (i64) -> i64 <callconv>
    sig146 = (i64) <callconv>
    sig147 = (i64, i64, i8) -> i64 <callconv>
    sig148 = (i64, i64, i8) -> i64 <callconv>
    sig149 = (i64) -> i64 <callconv>
    sig150 = (i64, i64, i64) -> i64 <callconv>
    sig151 = (i64) <callconv>
    sig152 = (i64, i64, i64, i64, i64, i64, i64, i64, i64, i64, i64) -> i64 <callconv>
    sig153 = (i64) <callconv>
    sig154 = (i64, i64, i64, i64, i64, i64, i64, i64, i64, i64, i64) -> i64 <callconv>
    sig155 = (i64) <callconv>
    sig156 = (i64) <callconv>
    sig157 = (i64) <callconv>
    sig158 = (i64, i64, i8) -> i64 <callconv>
    sig159 = (i64) -> i64 <callconv>
    sig160 = (i64, i64, i64) -> i64 <callconv>
    sig161 = (i64) <callconv>
    sig162 = (i64, f64, i64) -> i64 <callconv>
    sig163 = (i64) <callconv>
    sig164 = (i64) -> i64 <callconv>
    sig165 = (i64) <callconv>
    sig166 = (i64, i64, i64, i64, i64, i64, i64, i64, i64, i64, i64) -> i64 <callconv>
    sig167 = (i64) <callconv>
    sig168 = (i64) <callconv>
    sig169 = (i64, i64) -> i64 <callconv>
    sig170 = (i64, i64) -> i64 <callconv>
    sig171 = (i64, i64) -> i64 <callconv>
    sig172 = (i64, i64, f64) <callconv>
    sig173 = (i64) <callconv>
    sig174 = (i64) <callconv>
    sig175 = (i64) <callconv>
    sig176 = (i64, i64, i64) -> i64 <callconv>
    sig177 = (i64, i64, i8) -> i64 <callconv>
    sig178 = (i64) <callconv>
    sig179 = (i64) <callconv>
    sig180 = (i64) <callconv>
    sig181 = (i64, i64, f64) -> i64 <callconv>
    sig182 = (i64, i64, i8) -> i64 <callconv>
    sig183 = (i64, i64, i8) -> i64 <callconv>
    sig184 = (i64) <callconv>
    sig185 = (i64) <callconv>
    sig186 = (i64, i64, i64) -> i64 <callconv>
    sig187 = (i64, i64, i8) -> i64 <callconv>
    sig188 = (i64) <callconv>
    sig189 = (i64, i64) -> i64 <callconv>
    sig190 = (i64, i64) -> i64 <callconv>
    sig191 = (i64, i64) -> i64 <callconv>
    sig192 = (i64, i64, f64) <callconv>
    sig193 = (i64) <callconv>
    sig194 = (i64) <callconv>
    sig195 = (i64) <callconv>
    sig196 = (i64, i64, i64) -> i64 <callconv>
    sig197 = (i64, i64, i8) -> i64 <callconv>
    sig198 = (i64) <callconv>
    sig199 = (i64, i64, i64) -> i64 <callconv>
    sig200 = (i64) <callconv>
    sig201 = (i64) <callconv>
    sig202 = (i64) <callconv>
    sig203 = (i64, i64, i8) -> i64 <callconv>
    sig204 = (i64) <callconv>
    sig205 = (i64) <callconv>
    sig206 = (i64, i64) -> i64 <callconv>
    sig207 = (i64, i64) -> i64 <callconv>
    sig208 = (i64, i64) -> i64 <callconv>
    sig209 = (i64, i64, f64) <callconv>
    sig210 = (i64) <callconv>
    sig211 = (i64) <callconv>
    sig212 = (i64) <callconv>
    sig213 = (i64, i64, i8) -> i64 <callconv>
    sig214 = (i64) -> i64 <callconv>
    sig215 = (i64, i64, i64) -> i64 <callconv>
    sig216 = (i64) <callconv>
    sig217 = (i64, f64, i64) -> i64 <callconv>
    sig218 = (i64) <callconv>
    sig219 = (i64) -> i64 <callconv>
    sig220 = (i64) <callconv>
    sig221 = (i64, i64, i8) -> i64 <callconv>
    sig222 = (i64, i64, i8) -> i64 <callconv>
    sig223 = (i64) -> i64 <callconv>
    sig224 = (i64, i64, i64) -> i64 <callconv>
    sig225 = (i64) <callconv>
    sig226 = (i64, i64, i64, i64, i64, i64, i64, i64, i64, i64, i64) -> i64 <callconv>
    sig227 = (i64) <callconv>
    sig228 = (i64, i64, i64, i64, i64, i64, i64, i64, i64, i64, i64) -> i64 <callconv>
    sig229 = (i64) <callconv>
    sig230 = (i64) <callconv>
    sig231 = (i64) <callconv>
    sig232 = (i64) <callconv>
    sig233 = (i64, i64, i8) -> i64 <callconv>
    sig234 = (i64) -> i64 <callconv>
    sig235 = (i64, i64, i64) -> i64 <callconv>
    sig236 = (i64) <callconv>
    sig237 = (i64, f64, i64) -> i64 <callconv>
    sig238 = (i64) <callconv>
    sig239 = (i64) -> i64 <callconv>
    sig240 = (i64) <callconv>
    sig241 = (i64, i64, i64, i64, i64, i64, i64, i64, i64, i64, i64) -> i64 <callconv>
    sig242 = (i64) <callconv>
    sig243 = (i64) <callconv>
    sig244 = (i64, i64) -> i64 <callconv>
    sig245 = (i64, i64) -> i64 <callconv>
    sig246 = (i64, i64) -> i64 <callconv>
    sig247 = (i64, i64, f64) <callconv>
    sig248 = (i64) <callconv>
    sig249 = (i64) <callconv>
    sig250 = (i64) <callconv>
    sig251 = (i64, i64, i64) -> i64 <callconv>
    sig252 = (i64, i64, i8) -> i64 <callconv>
    sig253 = (i64) <callconv>
    sig254 = (i64) <callconv>
    sig255 = (i64) <callconv>
    sig256 = (i64, i64, f64) -> i64 <callconv>
    sig257 = (i64, i64, i8) -> i64 <callconv>
    sig258 = (i64, i64, i8) -> i64 <callconv>
    sig259 = (i64) <callconv>
    sig260 = (i64) <callconv>
    sig261 = (i64, i64, i64) -> i64 <callconv>
    sig262 = (i64, i64, i8) -> i64 <callconv>
    sig263 = (i64) <callconv>
    sig264 = (i64, i64) -> i64 <callconv>
    sig265 = (i64, i64) -> i64 <callconv>
    sig266 = (i64, i64) -> i64 <callconv>
    sig267 = (i64, i64, f64) <callconv>
    sig268 = (i64) <callconv>
    sig269 = (i64) <callconv>
    sig270 = (i64) <callconv>
    sig271 = (i64, i64, i64) -> i64 <callconv>
    sig272 = (i64, i64, i8) -> i64 <callconv>
    sig273 = (i64) <callconv>
    sig274 = (i64, i64, i64) -> i64 <callconv>
    sig275 = (i64) <callconv>
    sig276 = (i64) <callconv>
    sig277 = (i64) <callconv>
    sig278 = (i64, i64, i8) -> i64 <callconv>
    sig279 = (i64) <callconv>
    sig280 = (i64) <callconv>
    sig281 = (i64, i64) -> i64 <callconv>
    sig282 = (i64, i64) -> i64 <callconv>
    sig283 = (i64, i64) -> i64 <callconv>
    sig284 = (i64, i64, f64) <callconv>
    sig285 = (i64) <callconv>
    sig286 = (i64) <callconv>
    sig287 = (i64) <callconv>
    sig288 = (i64, i64, i8) -> i64 <callconv>
    sig289 = (i64) -> i64 <callconv>
    sig290 = (i64, i64, i64) -> i64 <callconv>
    sig291 = (i64) <callconv>
    sig292 = (i64, f64, i64) -> i64 <callconv>
    sig293 = (i64) <callconv>
    sig294 = (i64) -> i64 <callconv>
    sig295 = (i64) <callconv>
    sig296 = (i64, i64, i8) -> i64 <callconv>
    sig297 = (i64, i64, i8) -> i64 <callconv>
    sig298 = (i64) -> i64 <callconv>
    sig299 = (i64, i64, i64) -> i64 <callconv>
    sig300 = (i64) <callconv>
    sig301 = (i64, i64, i64, i64, i64, i64, i64, i64, i64, i64, i64) -> i64 <callconv>
    sig302 = (i64) <callconv>
    sig303 = (i64, i64, i64, i64, i64, i64, i64, i64, i64, i64, i64) -> i64 <callconv>
    sig304 = (i64) <callconv>
    sig305 = (i64) <callconv>
    sig306 = (i64) <callconv>
    sig307 = (i64) <callconv>
    sig308 = (i64, i64, i8) -> i64 <callconv>
    sig309 = (i64) -> i64 <callconv>
    sig310 = (i64, i64, i64) -> i64 <callconv>
    sig311 = (i64) <callconv>
    sig312 = (i64, f64, i64) -> i64 <callconv>
    sig313 = (i64) <callconv>
    sig314 = (i64) -> i64 <callconv>
    sig315 = (i64) <callconv>
    sig316 = (i64, i64, i64, i64, i64, i64, i64, i64, i64, i64, i64) -> i64 <callconv>
    sig317 = (i64) <callconv>
    sig318 = (i64) <callconv>
    sig319 = (i64, i64) -> i64 <callconv>
    sig320 = (i64, i64) -> i64 <callconv>
    sig321 = (i64, i64) -> i64 <callconv>
    sig322 = (i64, i64, f64) <callconv>
    sig323 = (i64) <callconv>
    sig324 = (i64) <callconv>
    sig325 = (i64) <callconv>
    sig326 = (i64) -> i64 <callconv>
    sig327 = (i64, i64) -> i64 <callconv>
    sig328 = (i64) <callconv>
    sig329 = (i64, i64, i64) -> i64 <callconv>
    sig330 = (i64) <callconv>
    sig331 = (i64, i64, i8) -> i64 <callconv>
    sig332 = (i64, i64) -> i64 <callconv>
    sig333 = (i64, i64) -> i64 <callconv>
    sig334 = (i64, i64, f64) <callconv>
    sig335 = (i64) <callconv>
    sig336 = (i64) <callconv>
    sig337 = (i64) <callconv>
    sig338 = (i64) <callconv>
    sig339 = (i64) <callconv>
    sig340 = (i64) <callconv>
    sig341 = (i64) <callconv>
    sig342 = (i64) <callconv>
    sig343 = (i64) <callconv>
    sig344 = (i64) <callconv>
    sig345 = (i64) <callconv>
    sig346 = (i64) <callconv>
    sig347 = (i64) <callconv>
    sig348 = (i64) <callconv>
    sig349 = (i64) <callconv>
    sig350 = (i64) <callconv>
    sig351 = (i64) <callconv>
    sig352 = (i64) <callconv>
    sig353 = (i64) <callconv>
    sig354 = (i64) <callconv>
    sig355 = (i64) <callconv>
    sig356 = (i64) <callconv>
    sig357 = (i64) <callconv>
    sig358 = (i64) <callconv>
    sig359 = (i64) <callconv>
    sig360 = (i8) <callconv>
    sig361 = (f64, i64) -> f64 <callconv>
    sig362 = (f64, i64) -> f64 <callconv>
    sig363 = (i64, i64, i64, i64, f64, f64, f64, f64, f64, f64, f64, f64, f64, i64, i64, f64) <callconv>
    sig364 = (i64) <callconv>
    sig365 = (i64) <callconv>
    sig366 = (i64) <callconv>
    sig367 = () <callconv>
    sig368 = (i8) <callconv>
    sig369 = () <callconv>
    sig370 = (i64) <callconv>
    sig371 = (i64) <callconv>
    sig372 = (i64) <callconv>
    sig373 = (i64, i64) -> i64 <callconv>
    sig374 = (i64) <callconv>
    sig375 = (i64, i64) -> i64 <callconv>
    sig376 = (i64) <callconv>
    sig377 = (i64) <callconv>
    sig378 = (i64) <callconv>
    sig379 = (i64, i64) -> i64 <callconv>
    sig380 = (i64) <callconv>
    sig381 = (i64) <callconv>
    sig382 = (i64) -> i64 <callconv>
    sig383 = (i64) <callconv>
    sig384 = (i64) <callconv>
    sig385 = (i64) <callconv>
    sig386 = (i64) <callconv>
    sig387 = (i64) <callconv>
    fn0 = nsl_args_init sig0
    fn1 = nsl_set_exec_fingerprint sig1
    fn2 = nsl_set_matmul_config sig2
    fn3 = colocated __nsl_model_TinyLM sig3
    fn4 = nsl_tensor_arange sig4
    fn5 = nsl_tensor_to_device sig5
    fn6 = nsl_tensor_contiguous sig6
    fn7 = nsl_tensor_free sig7
    fn8 = nsl_dataloader_create sig8
    fn9 = nsl_dataloader_start sig9
    fn10 = nsl_gpu_set_persistent_pool sig10
    fn11 = nsl_gpu_get_alloc_surface sig11
    fn12 = nsl_gpu_set_alloc_surface sig12
    fn13 = nsl_list_new sig13
    fn14 = nsl_list_push sig14
    fn15 = nsl_list_push sig15
    fn16 = nsl_list_push sig16
    fn17 = nsl_list_push sig17
    fn18 = nsl_list_push sig18
    fn19 = nsl_list_push sig19
    fn20 = nsl_list_push sig20
    fn21 = nsl_list_push sig21
    fn22 = nsl_gpu_set_alloc_surface sig22
    fn23 = nsl_list_new sig23
    fn24 = nsl_list_new sig24
    fn25 = nsl_list_get sig25
    fn26 = nsl_gpu_set_alloc_surface sig26
    fn27 = nsl_tensor_zeros_like sig27
    fn28 = nsl_list_push sig28
    fn29 = nsl_gpu_set_alloc_surface sig29
    fn30 = nsl_tensor_zeros_like sig30
    fn31 = nsl_list_push sig31
    fn32 = nsl_gpu_set_alloc_surface sig32
    fn33 = nsl_set_train_config_record sig33
    fn34 = nsl_list_new sig34
    fn35 = nsl_gpu_set_alloc_surface sig35
    fn36 = nsl_list_get sig36
    fn37 = nsl_tensor_zeros_like sig37
    fn38 = nsl_list_push sig38
    fn39 = nsl_gpu_set_alloc_surface sig39
    fn40 = nsl_dataloader_reset sig40
    fn41 = nsl_dataloader_next_batch sig41
    fn42 = nsl_packed_batch_align_device sig42
    fn43 = nsl_dict_get_str sig43
    fn44 = nsl_dict_get_str sig44
    fn45 = nsl_tensor_prefetch sig45
    fn46 = nsl_tensor_prefetch sig46
    fn47 = nsl_dict_contains sig47
    fn48 = nsl_dict_get_str sig48
    fn49 = nsl_dict_get_str sig49
    fn50 = nsl_tensor_data_ptr sig50
    fn51 = nsl_tensor_data_ptr sig51
    fn52 = nsl_packing_metadata_set sig52
    fn53 = nsl_packing_metadata_set sig53
    fn54 = nsl_gpu_set_transient_pool sig54
    fn55 = nsl_gpu_set_alloc_surface sig55
    fn56 = nsl_debug_gpu_mem sig56
    fn57 = nsl_set_training_mode sig57
    fn58 = nsl_set_inplace_suppressed sig58
    fn59 = nsl_dict_get_str sig59
    fn60 = nsl_tensor_shape sig60
    fn61 = nsl_list_get sig61
    fn62 = nsl_list_get sig62
    fn63 = nsl_list_new sig63
    fn64 = nsl_list_push sig64
    fn65 = nsl_tensor_reshape sig65
    fn66 = nsl_tensor_embedding_lookup sig66
    fn67 = nsl_list_new sig67
    fn68 = nsl_list_push sig68
    fn69 = nsl_list_push sig69
    fn70 = nsl_list_push sig70
    fn71 = nsl_tensor_reshape sig71
    fn72 = nsl_tensor_scalar sig72
    fn73 = nsl_tensor_rmsnorm sig73
    fn74 = nsl_tensor_matmul sig74
    fn75 = nsl_tensor_matmul sig75
    fn76 = nsl_tensor_add sig76
    fn77 = nsl_tensor_scalar sig77
    fn78 = nsl_tensor_free sig78
    fn79 = nsl_tensor_free sig79
    fn80 = nsl_tensor_free sig80
    fn81 = nsl_tensor_rmsnorm sig81
    fn82 = nsl_tensor_matmul sig82
    fn83 = nsl_tensor_matmul sig83
    fn84 = nsl_tensor_add sig84
    fn85 = nsl_tensor_scalar sig85
    fn86 = nsl_tensor_free sig86
    fn87 = nsl_tensor_free sig87
    fn88 = nsl_tensor_free sig88
    fn89 = nsl_tensor_rmsnorm sig89
    fn90 = nsl_tensor_transpose sig90
    fn91 = nsl_tensor_matmul sig91
    fn92 = nsl_tensor_shape sig92
    fn93 = nsl_list_get sig93
    fn94 = nsl_list_get sig94
    fn95 = nsl_list_get sig95
    fn96 = nsl_list_new sig96
    fn97 = nsl_list_push sig97
    fn98 = nsl_list_push sig98
    fn99 = nsl_tensor_reshape sig99
    fn100 = nsl_dict_get_str sig100
    fn101 = nsl_list_get sig101
    fn102 = nsl_list_get sig102
    fn103 = nsl_list_new sig103
    fn104 = nsl_list_push sig104
    fn105 = nsl_tensor_reshape sig105
    fn106 = nsl_tensor_logsoftmax sig106
    fn107 = nsl_tensor_gather sig107
    fn108 = nsl_tensor_neg sig108
    fn109 = nsl_tensor_mean_dim sig109
    fn110 = nsl_set_inplace_suppressed sig110
    fn111 = nsl_tensor_scalar sig111
    fn112 = nsl_tensor_clone sig112
    fn113 = nsl_tensor_free sig113
    fn114 = nsl_tensor_neg sig114
    fn115 = nsl_tensor_free sig115
    fn116 = nsl_tensor_scatter_add sig116
    fn117 = nsl_tensor_free sig117
    fn118 = nsl_tensor_exp sig118
    fn119 = nsl_tensor_ndim sig119
    fn120 = nsl_tensor_sum_dim sig120
    fn121 = nsl_fused_ew_chain sig121
    fn122 = nsl_tensor_free sig122
    fn123 = nsl_tensor_free sig123
    fn124 = nsl_tensor_free sig124
    fn125 = nsl_tensor_shape sig125
    fn126 = nsl_tensor_reshape sig126
    fn127 = nsl_tensor_free sig127
    fn128 = nsl_tensor_transpose sig128
    fn129 = nsl_tensor_matmul sig129
    fn130 = nsl_tensor_free sig130
    fn131 = nsl_tensor_transpose sig131
    fn132 = nsl_tensor_matmul sig132
    fn133 = nsl_tensor_free sig133
    fn134 = nsl_tensor_free sig134
    fn135 = nsl_tensor_reduce_to_shape sig135
    fn136 = nsl_tensor_free sig136
    fn137 = nsl_tensor_transpose sig137
    fn138 = nsl_tensor_free sig138
    fn139 = nsl_tensor_mul sig139
    fn140 = nsl_tensor_ndim sig140
    fn141 = nsl_tensor_mean_dim sig141
    fn142 = nsl_tensor_free sig142
    fn143 = nsl_tensor_scalar_rhs sig143
    fn144 = nsl_tensor_free sig144
    fn145 = nsl_tensor_sqrt sig145
    fn146 = nsl_tensor_free sig146
    fn147 = nsl_tensor_mul sig147
    fn148 = nsl_tensor_mul sig148
    fn149 = nsl_tensor_ndim sig149
    fn150 = nsl_tensor_mean_dim sig150
    fn151 = nsl_tensor_free sig151
    fn152 = nsl_fused_ew_chain sig152
    fn153 = nsl_tensor_free sig153
    fn154 = nsl_fused_ew_chain sig154
    fn155 = nsl_tensor_free sig155
    fn156 = nsl_tensor_free sig156
    fn157 = nsl_tensor_free sig157
    fn158 = nsl_tensor_mul sig158
    fn159 = nsl_tensor_ndim sig159
    fn160 = nsl_tensor_mean_dim sig160
    fn161 = nsl_tensor_free sig161
    fn162 = nsl_tensor_scalar_rhs sig162
    fn163 = nsl_tensor_free sig163
    fn164 = nsl_tensor_sqrt sig164
    fn165 = nsl_tensor_free sig165
    fn166 = nsl_fused_ew_chain sig166
    fn167 = nsl_tensor_free sig167
    fn168 = nsl_tensor_free sig168
    fn169 = nsl_tensor_reduce_to_shape sig169
    fn170 = nsl_list_get sig170
    fn171 = nsl_tensor_to_device_like sig171
    fn172 = nsl_tensor_scalar_mul_add_inplace sig172
    fn173 = nsl_tensor_free sig173
    fn174 = nsl_tensor_free sig174
    fn175 = nsl_tensor_free sig175
    fn176 = nsl_tensor_transpose sig176
    fn177 = nsl_tensor_matmul sig177
    fn178 = nsl_tensor_free sig178
    fn179 = nsl_set_inplace_suppressed sig179
    fn180 = nsl_tensor_free sig180
    fn181 = nsl_tensor_rmsnorm sig181
    fn182 = nsl_tensor_matmul sig182
    fn183 = nsl_tensor_matmul sig183
    fn184 = nsl_set_inplace_suppressed sig184
    fn185 = nsl_tensor_free sig185
    fn186 = nsl_tensor_transpose sig186
    fn187 = nsl_tensor_matmul sig187
    fn188 = nsl_tensor_free sig188
    fn189 = nsl_tensor_reduce_to_shape sig189
    fn190 = nsl_list_get sig190
    fn191 = nsl_tensor_to_device_like sig191
    fn192 = nsl_tensor_scalar_mul_add_inplace sig192
    fn193 = nsl_tensor_free sig193
    fn194 = nsl_tensor_free sig194
    fn195 = nsl_tensor_free sig195
    fn196 = nsl_tensor_transpose sig196
    fn197 = nsl_tensor_matmul sig197
    fn198 = nsl_tensor_free sig198
    fn199 = nsl_tensor_transpose sig199
    fn200 = nsl_tensor_free sig200
    fn201 = nsl_tensor_free sig201
    fn202 = nsl_tensor_free sig202
    fn203 = nsl_tensor_matmul sig203
    fn204 = nsl_tensor_free sig204
    fn205 = nsl_tensor_free sig205
    fn206 = nsl_tensor_reduce_to_shape sig206
    fn207 = nsl_list_get sig207
    fn208 = nsl_tensor_to_device_like sig208
    fn209 = nsl_tensor_scalar_mul_add_inplace sig209
    fn210 = nsl_tensor_free sig210
    fn211 = nsl_tensor_free sig211
    fn212 = nsl_tensor_free sig212
    fn213 = nsl_tensor_mul sig213
    fn214 = nsl_tensor_ndim sig214
    fn215 = nsl_tensor_mean_dim sig215
    fn216 = nsl_tensor_free sig216
    fn217 = nsl_tensor_scalar_rhs sig217
    fn218 = nsl_tensor_free sig218
    fn219 = nsl_tensor_sqrt sig219
    fn220 = nsl_tensor_free sig220
    fn221 = nsl_tensor_mul sig221
    fn222 = nsl_tensor_mul sig222
    fn223 = nsl_tensor_ndim sig223
    fn224 = nsl_tensor_mean_dim sig224
    fn225 = nsl_tensor_free sig225
    fn226 = nsl_fused_ew_chain sig226
    fn227 = nsl_tensor_free sig227
    fn228 = nsl_fused_ew_chain sig228
    fn229 = nsl_tensor_free sig229
    fn230 = nsl_tensor_free sig230
    fn231 = nsl_tensor_free sig231
    fn232 = nsl_tensor_free sig232
    fn233 = nsl_tensor_mul sig233
    fn234 = nsl_tensor_ndim sig234
    fn235 = nsl_tensor_mean_dim sig235
    fn236 = nsl_tensor_free sig236
    fn237 = nsl_tensor_scalar_rhs sig237
    fn238 = nsl_tensor_free sig238
    fn239 = nsl_tensor_sqrt sig239
    fn240 = nsl_tensor_free sig240
    fn241 = nsl_fused_ew_chain sig241
    fn242 = nsl_tensor_free sig242
    fn243 = nsl_tensor_free sig243
    fn244 = nsl_tensor_reduce_to_shape sig244
    fn245 = nsl_list_get sig245
    fn246 = nsl_tensor_to_device_like sig246
    fn247 = nsl_tensor_scalar_mul_add_inplace sig247
    fn248 = nsl_tensor_free sig248
    fn249 = nsl_tensor_free sig249
    fn250 = nsl_tensor_free sig250
    fn251 = nsl_tensor_transpose sig251
    fn252 = nsl_tensor_matmul sig252
    fn253 = nsl_tensor_free sig253
    fn254 = nsl_set_inplace_suppressed sig254
    fn255 = nsl_tensor_free sig255
    fn256 = nsl_tensor_rmsnorm sig256
    fn257 = nsl_tensor_matmul sig257
    fn258 = nsl_tensor_matmul sig258
    fn259 = nsl_set_inplace_suppressed sig259
    fn260 = nsl_tensor_free sig260
    fn261 = nsl_tensor_transpose sig261
    fn262 = nsl_tensor_matmul sig262
    fn263 = nsl_tensor_free sig263
    fn264 = nsl_tensor_reduce_to_shape sig264
    fn265 = nsl_list_get sig265
    fn266 = nsl_tensor_to_device_like sig266
    fn267 = nsl_tensor_scalar_mul_add_inplace sig267
    fn268 = nsl_tensor_free sig268
    fn269 = nsl_tensor_free sig269
    fn270 = nsl_tensor_free sig270
    fn271 = nsl_tensor_transpose sig271
    fn272 = nsl_tensor_matmul sig272
    fn273 = nsl_tensor_free sig273
    fn274 = nsl_tensor_transpose sig274
    fn275 = nsl_tensor_free sig275
    fn276 = nsl_tensor_free sig276
    fn277 = nsl_tensor_free sig277
    fn278 = nsl_tensor_matmul sig278
    fn279 = nsl_tensor_free sig279
    fn280 = nsl_tensor_free sig280
    fn281 = nsl_tensor_reduce_to_shape sig281
    fn282 = nsl_list_get sig282
    fn283 = nsl_tensor_to_device_like sig283
    fn284 = nsl_tensor_scalar_mul_add_inplace sig284
    fn285 = nsl_tensor_free sig285
    fn286 = nsl_tensor_free sig286
    fn287 = nsl_tensor_free sig287
    fn288 = nsl_tensor_mul sig288
    fn289 = nsl_tensor_ndim sig289
    fn290 = nsl_tensor_mean_dim sig290
    fn291 = nsl_tensor_free sig291
    fn292 = nsl_tensor_scalar_rhs sig292
    fn293 = nsl_tensor_free sig293
    fn294 = nsl_tensor_sqrt sig294
    fn295 = nsl_tensor_free sig295
    fn296 = nsl_tensor_mul sig296
    fn297 = nsl_tensor_mul sig297
    fn298 = nsl_tensor_ndim sig298
    fn299 = nsl_tensor_mean_dim sig299
    fn300 = nsl_tensor_free sig300
    fn301 = nsl_fused_ew_chain sig301
    fn302 = nsl_tensor_free sig302
    fn303 = nsl_fused_ew_chain sig303
    fn304 = nsl_tensor_free sig304
    fn305 = nsl_tensor_free sig305
    fn306 = nsl_tensor_free sig306
    fn307 = nsl_tensor_free sig307
    fn308 = nsl_tensor_mul sig308
    fn309 = nsl_tensor_ndim sig309
    fn310 = nsl_tensor_mean_dim sig310
    fn311 = nsl_tensor_free sig311
    fn312 = nsl_tensor_scalar_rhs sig312
    fn313 = nsl_tensor_free sig313
    fn314 = nsl_tensor_sqrt sig314
    fn315 = nsl_tensor_free sig315
    fn316 = nsl_fused_ew_chain sig316
    fn317 = nsl_tensor_free sig317
    fn318 = nsl_tensor_free sig318
    fn319 = nsl_tensor_reduce_to_shape sig319
    fn320 = nsl_list_get sig320
    fn321 = nsl_tensor_to_device_like sig321
    fn322 = nsl_tensor_scalar_mul_add_inplace sig322
    fn323 = nsl_tensor_free sig323
    fn324 = nsl_tensor_free sig324
    fn325 = nsl_tensor_free sig325
    fn326 = nsl_tensor_shape sig326
    fn327 = nsl_tensor_reshape sig327
    fn328 = nsl_tensor_free sig328
    fn329 = nsl_embedding_backward sig329
    fn330 = nsl_tensor_free sig330
    fn331 = nsl_tensor_add sig331
    fn332 = nsl_list_get sig332
    fn333 = nsl_tensor_to_device_like sig333
    fn334 = nsl_tensor_scalar_mul_add_inplace sig334
    fn335 = nsl_tensor_free sig335
    fn336 = nsl_tensor_free sig336
    fn337 = nsl_list_free sig337
    fn338 = nsl_tensor_free sig338
    fn339 = nsl_list_free sig339
    fn340 = nsl_tensor_free sig340
    fn341 = nsl_list_free sig341
    fn342 = nsl_list_free sig342
    fn343 = nsl_tensor_free sig343
    fn344 = nsl_tensor_free sig344
    fn345 = nsl_list_free sig345
    fn346 = nsl_tensor_free sig346
    fn347 = nsl_tensor_free sig347
    fn348 = nsl_tensor_free sig348
    fn349 = nsl_tensor_free sig349
    fn350 = nsl_tensor_free sig350
    fn351 = nsl_tensor_free sig351
    fn352 = nsl_list_free sig352
    fn353 = nsl_list_free sig353
    fn354 = nsl_tensor_free sig354
    fn355 = nsl_list_free sig355
    fn356 = nsl_tensor_free sig356
    fn357 = nsl_tensor_free sig357
    fn358 = nsl_tensor_free sig358
    fn359 = nsl_tensor_free sig359
    fn360 = nsl_set_training_mode sig360
    fn361 = nsl_bias_correction_inv sig361
    fn362 = nsl_bias_correction_inv sig362
    fn363 = nsl_fase_fused_adamw_step_multi sig363
    fn364 = nsl_tensor_print sig364
    fn365 = nsl_tensor_free sig365
    fn366 = nsl_dict_free_tensor_values sig366
    fn367 = nsl_gpu_set_persistent_pool sig367
    fn368 = nsl_gpu_set_alloc_surface sig368
    fn369 = nsl_gpu_drain_cache sig369
    fn370 = nsl_debug_gpu_mem sig370
    fn371 = nsl_debug_gpu_alloc_summary sig371
    fn372 = nsl_list_free sig372
    fn373 = nsl_list_get sig373
    fn374 = nsl_tensor_free sig374
    fn375 = nsl_list_get sig375
    fn376 = nsl_tensor_free sig376
    fn377 = nsl_list_free sig377
    fn378 = nsl_list_free sig378
    fn379 = nsl_list_get sig379
    fn380 = nsl_tensor_free sig380
    fn381 = nsl_list_free sig381
    fn382 = nsl_tensor_sum sig382
    fn383 = nsl_tensor_print sig383
    fn384 = nsl_tensor_free sig384
    fn385 = nsl_dataloader_stop sig385
    fn386 = nsl_dataloader_free sig386
    fn387 = nsl_tensor_free_if_valid sig387

block0(v0: i32, v1: i64):
    call fn0(v0, v1)
    v2 = symbol_value.i64 gv0
    v3 = iconst.i64 234
    v4 = call fn1(v2, v3)  ; v3 = 234
    v5 = iconst.i64 0
    v6 = iconst.i64 0
    v7 = f64const 0x1.0000000000000p9
    v8 = iconst.i64 1
    v9 = iconst.i64 0
    v10 = iconst.i64 64
    v11 = iconst.i64 1
    v12 = call fn2(v5, v6, v7, v8, v9, v10, v11)  ; v5 = 0, v6 = 0, v7 = 0x1.0000000000000p9, v8 = 1, v9 = 0, v10 = 64, v11 = 1
    v13 = call fn3()
    v825 -> v13
    v839 -> v13
    v840 -> v13
    v864 -> v13
    v865 -> v13
    v145 -> v825
    v144 -> v145
    v826 -> v145
    v14 = iconst.i64 128
    v15 = fcvt_from_sint.f64 v14  ; v14 = 128
    v16 = f64const 0.0
    v17 = f64const 0x1.0000000000000p0
    v18 = call fn4(v16, v15, v17)  ; v16 = 0.0, v17 = 0x1.0000000000000p0
    v827 -> v18
    v841 -> v18
    v842 -> v18
    v872 -> v18
    v873 -> v18
    v147 -> v827
    v146 -> v147
    v828 -> v147
    v19 = symbol_value.i64 gv1
    v20 = iconst.i64 61
    v21 = iconst.i64 0
    v22 = call fn5(v18, v21)  ; v21 = 0
    v23 = call fn6(v22)
    call fn7(v22)
    v24 = iconst.i64 0
    v25 = iconst.i64 0
    v26 = call fn8(v23, v25, v19, v20)  ; v25 = 0, v20 = 61
    v823 -> v26
    v837 -> v26
    v838 -> v26
    v143 -> v823
    v142 -> v143
    v824 -> v143
    call fn9(v26)
    v27 = iconst.i64 0
    call fn10()
    v28 = iconst.i64 0
    v29 = call fn11()
    v30 = iconst.i8 1
    call fn12(v30)  ; v30 = 1
    v31 = iconst.i64 0
    v32 = call fn13()
    v33 = load.i64 notrap aligned v13
    call fn14(v32, v33)
    v34 = iconst.i64 0
    v35 = iconst.i64 8
    v36 = iadd v13, v35  ; v35 = 8
    v37 = load.i64 notrap aligned v36
    v38 = load.i64 notrap aligned v37
    call fn15(v32, v38)
    v39 = iconst.i64 0
    v40 = iconst.i64 8
    v41 = iadd v13, v40  ; v40 = 8
    v42 = load.i64 notrap aligned v41
    v43 = load.i64 notrap aligned v42+8
    call fn16(v32, v43)
    v44 = iconst.i64 0
    v45 = iconst.i64 8
    v46 = iadd v13, v45  ; v45 = 8
    v47 = load.i64 notrap aligned v46
    v48 = load.i64 notrap aligned v47+16
    call fn17(v32, v48)
    v49 = iconst.i64 0
    v50 = iconst.i64 8
    v51 = iadd v13, v50  ; v50 = 8
    v52 = load.i64 notrap aligned v51+8
    v53 = load.i64 notrap aligned v52
    call fn18(v32, v53)
    v54 = iconst.i64 0
    v55 = iconst.i64 8
    v56 = iadd v13, v55  ; v55 = 8
    v57 = load.i64 notrap aligned v56+8
    v58 = load.i64 notrap aligned v57+8
    call fn19(v32, v58)
    v59 = iconst.i64 0
    v60 = iconst.i64 8
    v61 = iadd v13, v60  ; v60 = 8
    v62 = load.i64 notrap aligned v61+8
    v63 = load.i64 notrap aligned v62+16
    call fn20(v32, v63)
    v64 = iconst.i64 0
    v65 = load.i64 notrap aligned v13+24
    call fn21(v32, v65)
    v66 = iconst.i64 0
    call fn22(v29)
    v67 = iconst.i64 0
    v68 = iconst.i64 8
    v69 = call fn23()
    v70 = call fn24()
    v71 = iconst.i64 0
    jump block1(v71)  ; v71 = 0

block1(v72: i64):
    v73 = icmp slt v72, v68  ; v68 = 8
    brif v73, block2, block3

block2:
    v74 = call fn25(v32, v72)
    v75 = iconst.i8 2
    call fn26(v75)  ; v75 = 2
    v76 = iconst.i64 0
    v77 = call fn27(v74)
    call fn28(v69, v77)
    v78 = iconst.i64 0
    v79 = iconst.i8 3
    call fn29(v79)  ; v79 = 3
    v80 = iconst.i64 0
    v81 = call fn30(v74)
    call fn31(v70, v81)
    v82 = iconst.i64 0
    v83 = iconst.i64 1
    v84 = iadd.i64 v72, v83  ; v83 = 1
    jump block1(v84)

block3:
    call fn32(v29)
    v85 = iconst.i64 0
    v86 = f64const 0x1.0624dd2f1a9fcp-9
    v829 -> v86
    v843 -> v86
    v782 -> v829
    v781 -> v782
    v830 -> v782
    v87 = iconst.i64 0
    v836 -> v87
    v88 = symbol_value.i64 gv2
    v89 = iconst.i64 164
    v90 = call fn33(v88, v89)  ; v89 = 164
    v91 = call fn34()
    v92 = iconst.i8 4
    call fn35(v92)  ; v92 = 4
    v93 = iconst.i64 0
    v94 = iconst.i64 0
    jump block4(v94)  ; v94 = 0

block4(v95: i64):
    v96 = icmp slt v95, v68  ; v68 = 8
    brif v96, block5, block6

block5:
    v97 = call fn36(v32, v95)
    v98 = call fn37(v97)
    call fn38(v91, v98)
    v99 = iconst.i64 0
    v100 = iconst.i64 1
    v101 = iadd.i64 v95, v100  ; v100 = 1
    jump block4(v101)

block6:
    call fn39(v29)
    v102 = iconst.i64 0
    v103 = iconst.i64 0
    v104 = iconst.i64 1
    jump block7(v103, v87)  ; v103 = 0, v87 = 0

block7(v105: i64, v822: i64):
    v831 -> v105
    v832 -> v831
    v833 -> v831
    v106 = icmp slt v105, v104  ; v104 = 1
    brif v106, block8, block10

block8:
    v107 = iconst.i64 0
    v108 = iconst.i64 0
    call fn40(v26)
    v109 = iconst.i64 0
    jump block12(v822)

block12(v137: i64):
    v136 -> v137
    v808 -> v137
    v110 = call fn41(v26)
    v141 -> v110
    v814 -> v110
    v111 = iconst.i64 0
    v112 = icmp eq v110, v111  ; v111 = 0
    brif v112, block11, block13

block13:
    v113 = call fn42(v110, v32)
    v114 = symbol_value.i64 gv3
    v115 = symbol_value.i64 gv4
    v116 = call fn43(v110, v114)
    v117 = call fn44(v110, v115)
    v118 = iconst.i64 1
    call fn45(v116, v118)  ; v118 = 1
    v119 = iconst.i64 0
    call fn46(v117, v118)  ; v118 = 1
    v120 = iconst.i64 0
    v121 = symbol_value.i64 gv5
    v122 = call fn47(v110, v121)
    v123 = iconst.i8 0
    v124 = icmp ne v122, v123  ; v123 = 0
    brif v124, block14, block15

block14:
    v125 = call fn48(v110, v121)
    v126 = symbol_value.i64 gv6
    v127 = call fn49(v110, v126)
    v128 = call fn50(v125)
    v129 = call fn51(v127)
    call fn52(v128, v129)
    v130 = iconst.i64 0
    jump block16

block15:
    v131 = iconst.i64 0
    call fn53(v131, v131)  ; v131 = 0, v131 = 0
    v132 = iconst.i64 0
    jump block16

block16:
    call fn54()
    v133 = iconst.i64 0
    v134 = iconst.i8 6
    call fn55(v134)  ; v134 = 6
    v135 = iconst.i64 0
    call fn56(v137)
    v138 = iconst.i64 0
    v139 = iconst.i8 1
    call fn57(v139)  ; v139 = 1
    v140 = iconst.i64 0
    v148 = load.i64 notrap aligned v13
    v149 = iconst.i64 8
    v150 = iadd.i64 v13, v149  ; v149 = 8
    v151 = load.i64 notrap aligned v150
    v152 = load.i64 notrap aligned v151
    v153 = iconst.i64 8
    v154 = iadd.i64 v13, v153  ; v153 = 8
    v155 = load.i64 notrap aligned v154
    v156 = load.i64 notrap aligned v155+8
    v157 = iconst.i64 8
    v158 = iadd.i64 v13, v157  ; v157 = 8
    v159 = load.i64 notrap aligned v158
    v160 = load.i64 notrap aligned v159+16
    v161 = iconst.i64 8
    v162 = iadd.i64 v13, v161  ; v161 = 8
    v163 = load.i64 notrap aligned v162+8
    v164 = load.i64 notrap aligned v163
    v165 = iconst.i64 8
    v166 = iadd.i64 v13, v165  ; v165 = 8
    v167 = load.i64 notrap aligned v166+8
    v168 = load.i64 notrap aligned v167+8
    v169 = iconst.i64 8
    v170 = iadd.i64 v13, v169  ; v169 = 8
    v171 = load.i64 notrap aligned v170+8
    v172 = load.i64 notrap aligned v171+16
    v173 = load.i64 notrap aligned v13+24
    v174 = iconst.i64 1
    call fn58(v174)  ; v174 = 1
    v175 = iconst.i64 0
    v176 = symbol_value.i64 gv7
    v177 = call fn59(v141, v176)
    v178 = call fn60(v177)
    v179 = iconst.i64 0
    v180 = call fn61(v178, v179)  ; v179 = 0
    v181 = iconst.i64 1
    v182 = call fn62(v178, v181)  ; v181 = 1
    v183 = imul v180, v182
    v184 = call fn63()
    call fn64(v184, v183)
    v185 = iconst.i64 0
    v186 = call fn65(v177, v184)
    v187 = call fn66(v148, v186)
    v188 = iconst.i64 16
    v189 = call fn67()
    call fn68(v189, v180)
    v190 = iconst.i64 0
    call fn69(v189, v182)
    v191 = iconst.i64 0
    call fn70(v189, v188)  ; v188 = 16
    v192 = iconst.i64 0
    v193 = call fn71(v187, v189)
    v194 = f64const 0x1.4f8b588e368f1p-17
    v195 = iconst.i64 1
    v196 = call fn72(v194, v195)  ; v194 = 0x1.4f8b588e368f1p-17, v195 = 1
    v197 = f64const 0x1.4f8b588e368f1p-17
    v198 = call fn73(v193, v152, v197)  ; v197 = 0x1.4f8b588e368f1p-17
    v199 = iconst.i8 0
    v200 = call fn74(v198, v156, v199)  ; v199 = 0
    v201 = iconst.i8 0
    v202 = call fn75(v200, v160, v201)  ; v201 = 0
    v203 = iconst.i8 0
    v204 = call fn76(v193, v202, v203)  ; v203 = 0
    v205 = f64const 0x1.4f8b588e368f1p-17
    v206 = iconst.i64 1
    v207 = call fn77(v205, v206)  ; v205 = 0x1.4f8b588e368f1p-17, v206 = 1
    call fn78(v198)
    v208 = iconst.i64 0
    v209 = iconst.i64 0
    call fn79(v200)
    v210 = iconst.i64 0
    v211 = iconst.i64 0
    call fn80(v202)
    v212 = iconst.i64 0
    v213 = iconst.i64 0
    v214 = f64const 0x1.4f8b588e368f1p-17
    v215 = call fn81(v204, v164, v214)  ; v214 = 0x1.4f8b588e368f1p-17
    v216 = iconst.i8 0
    v217 = call fn82(v215, v168, v216)  ; v216 = 0
    v218 = iconst.i8 0
    v219 = call fn83(v217, v172, v218)  ; v218 = 0
    v220 = iconst.i8 0
    v221 = call fn84(v204, v219, v220)  ; v220 = 0
    v222 = f64const 0x1.4f8b588e368f1p-17
    v223 = iconst.i64 1
    v224 = call fn85(v222, v223)  ; v222 = 0x1.4f8b588e368f1p-17, v223 = 1
    call fn86(v215)
    v225 = iconst.i64 0
    v226 = iconst.i64 0
    call fn87(v217)
    v227 = iconst.i64 0
    v228 = iconst.i64 0
    call fn88(v219)
    v229 = iconst.i64 0
    v230 = iconst.i64 0
    v231 = f64const 0x1.4f8b588e368f1p-17
    v232 = call fn89(v221, v173, v231)  ; v231 = 0x1.4f8b588e368f1p-17
    v233 = iconst.i64 0
    v234 = iconst.i64 1
    v235 = call fn90(v148, v233, v234)  ; v233 = 0, v234 = 1
    v236 = iconst.i8 0
    v237 = call fn91(v232, v235, v236)  ; v236 = 0
    v238 = call fn92(v237)
    v239 = iconst.i64 0
    v240 = call fn93(v238, v239)  ; v239 = 0
    v241 = iconst.i64 1
    v242 = call fn94(v238, v241)  ; v241 = 1
    v243 = imul v240, v242
    v244 = iconst.i64 2
    v245 = call fn95(v238, v244)  ; v244 = 2
    v246 = call fn96()
    call fn97(v246, v243)
    v247 = iconst.i64 0
    call fn98(v246, v245)
    v248 = iconst.i64 0
    v249 = call fn99(v237, v246)
    v250 = symbol_value.i64 gv8
    v251 = call fn100(v141, v250)
    v252 = iconst.i64 0
    v253 = call fn101(v238, v252)  ; v252 = 0
    v254 = iconst.i64 1
    v255 = call fn102(v238, v254)  ; v254 = 1
    v256 = imul v253, v255
    v257 = call fn103()
    call fn104(v257, v256)
    v258 = iconst.i64 0
    v259 = call fn105(v251, v257)
    v260 = iconst.i64 1
    v261 = iconst.i64 1
    v262 = call fn106(v249, v261)  ; v261 = 1
    v263 = iconst.i64 1
    v264 = iconst.i64 1
    v265 = call fn107(v262, v264, v263)  ; v264 = 1, v263 = 1
    v266 = call fn108(v265)
    v267 = iconst.i64 -1
    v268 = iconst.i64 0
    v269 = call fn109(v266, v267, v268)  ; v267 = -1, v268 = 0
    v270 = iconst.i64 0
    call fn110(v270)  ; v270 = 0
    v271 = iconst.i64 0
    v272 = f64const 0x1.0000000000000p0
    v273 = iconst.i64 1
    v274 = call fn111(v272, v273)  ; v272 = 0x1.0000000000000p0, v273 = 1
    v275 = call fn112(v274)
    call fn113(v274)
    v276 = iconst.i64 0
    v277 = iconst.i64 0
    v278 = call fn114(v275)
    call fn115(v275)
    v279 = iconst.i64 0
    v280 = iconst.i64 0
    v281 = iconst.i64 1
    v282 = call fn116(v278, v263, v281)  ; v263 = 1, v281 = 1
    call fn117(v278)
    v283 = iconst.i64 0
    v284 = iconst.i64 0
    v285 = call fn118(v262)
    v286 = call fn119(v282)
    v287 = iconst.i64 1
    v288 = isub v286, v287  ; v287 = 1
    v289 = iconst.i64 1
    v290 = call fn120(v282, v288, v289)  ; v289 = 1
    v291 = symbol_value.i64 gv9
    v292 = symbol_value.i64 gv10
    v293 = symbol_value.i64 gv11
    v294 = iconst.i64 22
    v295 = iconst.i64 0
    v296 = iconst.i64 3
    v297 = call fn121(v291, v292, v293, v294, v285, v290, v282, v295, v295, v295, v296)  ; v294 = 22, v295 = 0, v295 = 0, v295 = 0, v296 = 3
    call fn122(v282)
    v298 = iconst.i64 0
    v299 = iconst.i64 0
    call fn123(v285)
    v300 = iconst.i64 0
    v301 = iconst.i64 0
    call fn124(v290)
    v302 = iconst.i64 0
    v303 = iconst.i64 0
    v304 = call fn125(v237)
    v305 = call fn126(v297, v304)
    call fn127(v297)
    v306 = iconst.i64 0
    v307 = iconst.i64 0
    v308 = iconst.i64 -2
    v309 = iconst.i64 -1
    v310 = call fn128(v235, v308, v309)  ; v308 = -2, v309 = -1
    v311 = iconst.i8 0
    v312 = call fn129(v305, v310, v311)  ; v311 = 0
    call fn130(v310)
    v313 = iconst.i64 0
    v314 = iconst.i64 0
    v315 = iconst.i64 -2
    v316 = iconst.i64 -1
    v317 = call fn131(v232, v315, v316)  ; v315 = -2, v316 = -1
    v318 = iconst.i8 0
    v319 = call fn132(v317, v305, v318)  ; v318 = 0
    call fn133(v305)
    v320 = iconst.i64 0
    v321 = iconst.i64 0
    call fn134(v317)
    v322 = iconst.i64 0
    v323 = iconst.i64 0
    v324 = call fn135(v319, v235)
    call fn136(v319)
    v325 = iconst.i64 0
    v326 = iconst.i64 0
    v327 = iconst.i64 0
    v328 = iconst.i64 1
    v329 = call fn137(v324, v327, v328)  ; v327 = 0, v328 = 1
    call fn138(v324)
    v330 = iconst.i64 0
    v331 = iconst.i64 0
    v332 = iconst.i8 0
    v333 = call fn139(v221, v221, v332)  ; v332 = 0
    v334 = call fn140(v333)
    v335 = iconst.i64 1
    v336 = isub v334, v335  ; v335 = 1
    v337 = iconst.i64 1
    v338 = call fn141(v333, v336, v337)  ; v337 = 1
    call fn142(v333)
    v339 = iconst.i64 0
    v340 = iconst.i64 0
    v341 = f64const 0x1.4f8b588e368f1p-17
    v342 = iconst.i64 0
    v343 = call fn143(v338, v341, v342)  ; v341 = 0x1.4f8b588e368f1p-17, v342 = 0
    call fn144(v338)
    v344 = iconst.i64 0
    v345 = iconst.i64 0
    v346 = call fn145(v343)
    call fn146(v343)
    v347 = iconst.i64 0
    v348 = iconst.i64 0
    v349 = iconst.i8 0
    v350 = call fn147(v312, v173, v349)  ; v349 = 0
    v351 = iconst.i8 0
    v352 = call fn148(v350, v221, v351)  ; v351 = 0
    v353 = call fn149(v352)
    v354 = iconst.i64 1
    v355 = isub v353, v354  ; v354 = 1
    v356 = iconst.i64 1
    v357 = call fn150(v352, v355, v356)  ; v356 = 1
    call fn151(v352)
    v358 = iconst.i64 0
    v359 = iconst.i64 0
    v360 = symbol_value.i64 gv12
    v361 = symbol_value.i64 gv13
    v362 = symbol_value.i64 gv14
    v363 = iconst.i64 40
    v364 = iconst.i64 0
    v365 = iconst.i64 3
    v366 = call fn152(v360, v361, v362, v363, v346, v357, v221, v364, v364, v364, v365)  ; v363 = 40, v364 = 0, v364 = 0, v364 = 0, v365 = 3
    call fn153(v357)
    v367 = iconst.i64 0
    v368 = iconst.i64 0
    v369 = symbol_value.i64 gv15
    v370 = symbol_value.i64 gv16
    v371 = symbol_value.i64 gv17
    v372 = iconst.i64 22
    v373 = iconst.i64 0
    v374 = iconst.i64 3
    v375 = call fn154(v369, v370, v371, v372, v350, v346, v366, v373, v373, v373, v374)  ; v372 = 22, v373 = 0, v373 = 0, v373 = 0, v374 = 3
    call fn155(v346)
    v376 = iconst.i64 0
    v377 = iconst.i64 0
    call fn156(v350)
    v378 = iconst.i64 0
    v379 = iconst.i64 0
    call fn157(v366)
    v380 = iconst.i64 0
    v381 = iconst.i64 0
    v382 = iconst.i8 0
    v383 = call fn158(v221, v221, v382)  ; v382 = 0
    v384 = call fn159(v383)
    v385 = iconst.i64 1
    v386 = isub v384, v385  ; v385 = 1
    v387 = iconst.i64 1
    v388 = call fn160(v383, v386, v387)  ; v387 = 1
    call fn161(v383)
    v389 = iconst.i64 0
    v390 = iconst.i64 0
    v391 = f64const 0x1.4f8b588e368f1p-17
    v392 = iconst.i64 0
    v393 = call fn162(v388, v391, v392)  ; v391 = 0x1.4f8b588e368f1p-17, v392 = 0
    call fn163(v388)
    v394 = iconst.i64 0
    v395 = iconst.i64 0
    v396 = call fn164(v393)
    call fn165(v393)
    v397 = iconst.i64 0
    v398 = iconst.i64 0
    v399 = symbol_value.i64 gv18
    v400 = symbol_value.i64 gv19
    v401 = symbol_value.i64 gv20
    v402 = iconst.i64 22
    v403 = iconst.i64 0
    v404 = iconst.i64 3
    v405 = call fn166(v399, v400, v401, v402, v221, v396, v312, v403, v403, v403, v404)  ; v402 = 22, v403 = 0, v403 = 0, v403 = 0, v404 = 3
    call fn167(v312)
    v406 = iconst.i64 0
    v407 = iconst.i64 0
    call fn168(v396)
    v408 = iconst.i64 0
    v409 = iconst.i64 0
    v410 = call fn169(v405, v173)
    v411 = iconst.i64 7
    v412 = call fn170(v91, v411)  ; v411 = 7
    v413 = call fn171(v410, v412)
    v414 = f64const 0x1.0000000000000p-1
    call fn172(v412, v413, v414)  ; v414 = 0x1.0000000000000p-1
    v415 = iconst.i64 0
    call fn173(v413)
    v416 = iconst.i64 0
    call fn174(v410)
    v417 = iconst.i64 0
    call fn175(v405)
    v418 = iconst.i64 0
    v419 = iconst.i64 -2
    v420 = iconst.i64 -1
    v421 = call fn176(v172, v419, v420)  ; v419 = -2, v420 = -1
    v422 = iconst.i8 0
    v423 = call fn177(v375, v421, v422)  ; v422 = 0
    call fn178(v421)
    v424 = iconst.i64 0
    v425 = iconst.i64 0
    v426 = iconst.i64 1
    call fn179(v426)  ; v426 = 1
    v427 = iconst.i64 0
    call fn180(v427)  ; v427 = 0
    v428 = iconst.i64 0
    v429 = iconst.i64 0
    v430 = f64const 0x1.4f8b588e368f1p-17
    v431 = call fn181(v204, v164, v430)  ; v430 = 0x1.4f8b588e368f1p-17
    v432 = iconst.i8 0
    v433 = call fn182(v431, v168, v432)  ; v432 = 0
    v434 = iconst.i8 0
    v435 = call fn183(v433, v172, v434)  ; v434 = 0
    v436 = iconst.i64 0
    call fn184(v436)  ; v436 = 0
    v437 = iconst.i64 0
    call fn185(v437)  ; v437 = 0
    v438 = iconst.i64 0
    v439 = iconst.i64 0
    v440 = iconst.i64 -2
    v441 = iconst.i64 -1
    v442 = call fn186(v433, v440, v441)  ; v440 = -2, v441 = -1
    v443 = iconst.i8 0
    v444 = call fn187(v442, v375, v443)  ; v443 = 0
    call fn188(v442)
    v445 = iconst.i64 0
    v446 = iconst.i64 0
    v447 = call fn189(v444, v172)
    v448 = iconst.i64 6
    v449 = call fn190(v91, v448)  ; v448 = 6
    v450 = call fn191(v447, v449)
    v451 = f64const 0x1.0000000000000p-1
    call fn192(v449, v450, v451)  ; v451 = 0x1.0000000000000p-1
    v452 = iconst.i64 0
    call fn193(v450)
    v453 = iconst.i64 0
    call fn194(v447)
    v454 = iconst.i64 0
    call fn195(v444)
    v455 = iconst.i64 0
    v456 = iconst.i64 -2
    v457 = iconst.i64 -1
    v458 = call fn196(v168, v456, v457)  ; v456 = -2, v457 = -1
    v459 = iconst.i8 0
    v460 = call fn197(v423, v458, v459)  ; v459 = 0
    call fn198(v458)
    v461 = iconst.i64 0
    v462 = iconst.i64 0
    v463 = iconst.i64 -2
    v464 = iconst.i64 -1
    v465 = call fn199(v431, v463, v464)  ; v463 = -2, v464 = -1
    call fn200(v431)
    v466 = iconst.i64 0
    v467 = iconst.i64 0
    call fn201(v433)
    v468 = iconst.i64 0
    v469 = iconst.i64 0
    call fn202(v435)
    v470 = iconst.i64 0
    v471 = iconst.i64 0
    v472 = iconst.i8 0
    v473 = call fn203(v465, v423, v472)  ; v472 = 0
    call fn204(v423)
    v474 = iconst.i64 0
    v475 = iconst.i64 0
    call fn205(v465)
    v476 = iconst.i64 0
    v477 = iconst.i64 0
    v478 = call fn206(v473, v168)
    v479 = iconst.i64 5
    v480 = call fn207(v91, v479)  ; v479 = 5
    v481 = call fn208(v478, v480)
    v482 = f64const 0x1.0000000000000p-1
    call fn209(v480, v481, v482)  ; v482 = 0x1.0000000000000p-1
    v483 = iconst.i64 0
    call fn210(v481)
    v484 = iconst.i64 0
    call fn211(v478)
    v485 = iconst.i64 0
    call fn212(v473)
    v486 = iconst.i64 0
    v487 = iconst.i8 0
    v488 = call fn213(v204, v204, v487)  ; v487 = 0
    v489 = call fn214(v488)
    v490 = iconst.i64 1
    v491 = isub v489, v490  ; v490 = 1
    v492 = iconst.i64 1
    v493 = call fn215(v488, v491, v492)  ; v492 = 1
    call fn216(v488)
    v494 = iconst.i64 0
    v495 = iconst.i64 0
    v496 = f64const 0x1.4f8b588e368f1p-17
    v497 = iconst.i64 0
    v498 = call fn217(v493, v496, v497)  ; v496 = 0x1.4f8b588e368f1p-17, v497 = 0
    call fn218(v493)
    v499 = iconst.i64 0
    v500 = iconst.i64 0
    v501 = call fn219(v498)
    call fn220(v498)
    v502 = iconst.i64 0
    v503 = iconst.i64 0
    v504 = iconst.i8 0
    v505 = call fn221(v460, v164, v504)  ; v504 = 0
    v506 = iconst.i8 0
    v507 = call fn222(v505, v204, v506)  ; v506 = 0
    v508 = call fn223(v507)
    v509 = iconst.i64 1
    v510 = isub v508, v509  ; v509 = 1
    v511 = iconst.i64 1
    v512 = call fn224(v507, v510, v511)  ; v511 = 1
    call fn225(v507)
    v513 = iconst.i64 0
    v514 = iconst.i64 0
    v515 = symbol_value.i64 gv21
    v516 = symbol_value.i64 gv22
    v517 = symbol_value.i64 gv23
    v518 = iconst.i64 40
    v519 = iconst.i64 0
    v520 = iconst.i64 3
    v521 = call fn226(v515, v516, v517, v518, v501, v512, v204, v519, v519, v519, v520)  ; v518 = 40, v519 = 0, v519 = 0, v519 = 0, v520 = 3
    call fn227(v512)
    v522 = iconst.i64 0
    v523 = iconst.i64 0
    v524 = symbol_value.i64 gv24
    v525 = symbol_value.i64 gv25
    v526 = symbol_value.i64 gv26
    v527 = iconst.i64 31
    v528 = iconst.i64 0
    v529 = iconst.i64 4
    v530 = call fn228(v524, v525, v526, v527, v505, v501, v521, v375, v528, v528, v529)  ; v527 = 31, v528 = 0, v528 = 0, v529 = 4
    call fn229(v375)
    v531 = iconst.i64 0
    v532 = iconst.i64 0
    call fn230(v501)
    v533 = iconst.i64 0
    v534 = iconst.i64 0
    call fn231(v505)
    v535 = iconst.i64 0
    v536 = iconst.i64 0
    call fn232(v521)
    v537 = iconst.i64 0
    v538 = iconst.i64 0
    v539 = iconst.i8 0
    v540 = call fn233(v204, v204, v539)  ; v539 = 0
    v541 = call fn234(v540)
    v542 = iconst.i64 1
    v543 = isub v541, v542  ; v542 = 1
    v544 = iconst.i64 1
    v545 = call fn235(v540, v543, v544)  ; v544 = 1
    call fn236(v540)
    v546 = iconst.i64 0
    v547 = iconst.i64 0
    v548 = f64const 0x1.4f8b588e368f1p-17
    v549 = iconst.i64 0
    v550 = call fn237(v545, v548, v549)  ; v548 = 0x1.4f8b588e368f1p-17, v549 = 0
    call fn238(v545)
    v551 = iconst.i64 0
    v552 = iconst.i64 0
    v553 = call fn239(v550)
    call fn240(v550)
    v554 = iconst.i64 0
    v555 = iconst.i64 0
    v556 = symbol_value.i64 gv27
    v557 = symbol_value.i64 gv28
    v558 = symbol_value.i64 gv29
    v559 = iconst.i64 22
    v560 = iconst.i64 0
    v561 = iconst.i64 3
    v562 = call fn241(v556, v557, v558, v559, v204, v553, v460, v560, v560, v560, v561)  ; v559 = 22, v560 = 0, v560 = 0, v560 = 0, v561 = 3
    call fn242(v460)
    v563 = iconst.i64 0
    v564 = iconst.i64 0
    call fn243(v553)
    v565 = iconst.i64 0
    v566 = iconst.i64 0
    v567 = call fn244(v562, v164)
    v568 = iconst.i64 4
    v569 = call fn245(v91, v568)  ; v568 = 4
    v570 = call fn246(v567, v569)
    v571 = f64const 0x1.0000000000000p-1
    call fn247(v569, v570, v571)  ; v571 = 0x1.0000000000000p-1
    v572 = iconst.i64 0
    call fn248(v570)
    v573 = iconst.i64 0
    call fn249(v567)
    v574 = iconst.i64 0
    call fn250(v562)
    v575 = iconst.i64 0
    v576 = iconst.i64 -2
    v577 = iconst.i64 -1
    v578 = call fn251(v160, v576, v577)  ; v576 = -2, v577 = -1
    v579 = iconst.i8 0
    v580 = call fn252(v530, v578, v579)  ; v579 = 0
    call fn253(v578)
    v581 = iconst.i64 0
    v582 = iconst.i64 0
    v583 = iconst.i64 1
    call fn254(v583)  ; v583 = 1
    v584 = iconst.i64 0
    call fn255(v584)  ; v584 = 0
    v585 = iconst.i64 0
    v586 = iconst.i64 0
    v587 = f64const 0x1.4f8b588e368f1p-17
    v588 = call fn256(v193, v152, v587)  ; v587 = 0x1.4f8b588e368f1p-17
    v589 = iconst.i8 0
    v590 = call fn257(v588, v156, v589)  ; v589 = 0
    v591 = iconst.i8 0
    v592 = call fn258(v590, v160, v591)  ; v591 = 0
    v593 = iconst.i64 0
    call fn259(v593)  ; v593 = 0
    v594 = iconst.i64 0
    call fn260(v594)  ; v594 = 0
    v595 = iconst.i64 0
    v596 = iconst.i64 0
    v597 = iconst.i64 -2
    v598 = iconst.i64 -1
    v599 = call fn261(v590, v597, v598)  ; v597 = -2, v598 = -1
    v600 = iconst.i8 0
    v601 = call fn262(v599, v530, v600)  ; v600 = 0
    call fn263(v599)
    v602 = iconst.i64 0
    v603 = iconst.i64 0
    v604 = call fn264(v601, v160)
    v605 = iconst.i64 3
    v606 = call fn265(v91, v605)  ; v605 = 3
    v607 = call fn266(v604, v606)
    v608 = f64const 0x1.0000000000000p-1
    call fn267(v606, v607, v608)  ; v608 = 0x1.0000000000000p-1
    v609 = iconst.i64 0
    call fn268(v607)
    v610 = iconst.i64 0
    call fn269(v604)
    v611 = iconst.i64 0
    call fn270(v601)
    v612 = iconst.i64 0
    v613 = iconst.i64 -2
    v614 = iconst.i64 -1
    v615 = call fn271(v156, v613, v614)  ; v613 = -2, v614 = -1
    v616 = iconst.i8 0
    v617 = call fn272(v580, v615, v616)  ; v616 = 0
    call fn273(v615)
    v618 = iconst.i64 0
    v619 = iconst.i64 0
    v620 = iconst.i64 -2
    v621 = iconst.i64 -1
    v622 = call fn274(v588, v620, v621)  ; v620 = -2, v621 = -1
    call fn275(v588)
    v623 = iconst.i64 0
    v624 = iconst.i64 0
    call fn276(v590)
    v625 = iconst.i64 0
    v626 = iconst.i64 0
    call fn277(v592)
    v627 = iconst.i64 0
    v628 = iconst.i64 0
    v629 = iconst.i8 0
    v630 = call fn278(v622, v580, v629)  ; v629 = 0
    call fn279(v580)
    v631 = iconst.i64 0
    v632 = iconst.i64 0
    call fn280(v622)
    v633 = iconst.i64 0
    v634 = iconst.i64 0
    v635 = call fn281(v630, v156)
    v636 = iconst.i64 2
    v637 = call fn282(v91, v636)  ; v636 = 2
    v638 = call fn283(v635, v637)
    v639 = f64const 0x1.0000000000000p-1
    call fn284(v637, v638, v639)  ; v639 = 0x1.0000000000000p-1
    v640 = iconst.i64 0
    call fn285(v638)
    v641 = iconst.i64 0
    call fn286(v635)
    v642 = iconst.i64 0
    call fn287(v630)
    v643 = iconst.i64 0
    v644 = iconst.i8 0
    v645 = call fn288(v193, v193, v644)  ; v644 = 0
    v646 = call fn289(v645)
    v647 = iconst.i64 1
    v648 = isub v646, v647  ; v647 = 1
    v649 = iconst.i64 1
    v650 = call fn290(v645, v648, v649)  ; v649 = 1
    call fn291(v645)
    v651 = iconst.i64 0
    v652 = iconst.i64 0
    v653 = f64const 0x1.4f8b588e368f1p-17
    v654 = iconst.i64 0
    v655 = call fn292(v650, v653, v654)  ; v653 = 0x1.4f8b588e368f1p-17, v654 = 0
    call fn293(v650)
    v656 = iconst.i64 0
    v657 = iconst.i64 0
    v658 = call fn294(v655)
    call fn295(v655)
    v659 = iconst.i64 0
    v660 = iconst.i64 0
    v661 = iconst.i8 0
    v662 = call fn296(v617, v152, v661)  ; v661 = 0
    v663 = iconst.i8 0
    v664 = call fn297(v662, v193, v663)  ; v663 = 0
    v665 = call fn298(v664)
    v666 = iconst.i64 1
    v667 = isub v665, v666  ; v666 = 1
    v668 = iconst.i64 1
    v669 = call fn299(v664, v667, v668)  ; v668 = 1
    call fn300(v664)
    v670 = iconst.i64 0
    v671 = iconst.i64 0
    v672 = symbol_value.i64 gv30
    v673 = symbol_value.i64 gv31
    v674 = symbol_value.i64 gv32
    v675 = iconst.i64 40
    v676 = iconst.i64 0
    v677 = iconst.i64 3
    v678 = call fn301(v672, v673, v674, v675, v658, v669, v193, v676, v676, v676, v677)  ; v675 = 40, v676 = 0, v676 = 0, v676 = 0, v677 = 3
    call fn302(v669)
    v679 = iconst.i64 0
    v680 = iconst.i64 0
    v681 = symbol_value.i64 gv33
    v682 = symbol_value.i64 gv34
    v683 = symbol_value.i64 gv35
    v684 = iconst.i64 31
    v685 = iconst.i64 0
    v686 = iconst.i64 4
    v687 = call fn303(v681, v682, v683, v684, v662, v658, v678, v530, v685, v685, v686)  ; v684 = 31, v685 = 0, v685 = 0, v686 = 4
    call fn304(v530)
    v688 = iconst.i64 0
    v689 = iconst.i64 0
    call fn305(v658)
    v690 = iconst.i64 0
    v691 = iconst.i64 0
    call fn306(v662)
    v692 = iconst.i64 0
    v693 = iconst.i64 0
    call fn307(v678)
    v694 = iconst.i64 0
    v695 = iconst.i64 0
    v696 = iconst.i8 0
    v697 = call fn308(v193, v193, v696)  ; v696 = 0
    v698 = call fn309(v697)
    v699 = iconst.i64 1
    v700 = isub v698, v699  ; v699 = 1
    v701 = iconst.i64 1
    v702 = call fn310(v697, v700, v701)  ; v701 = 1
    call fn311(v697)
    v703 = iconst.i64 0
    v704 = iconst.i64 0
    v705 = f64const 0x1.4f8b588e368f1p-17
    v706 = iconst.i64 0
    v707 = call fn312(v702, v705, v706)  ; v705 = 0x1.4f8b588e368f1p-17, v706 = 0
    call fn313(v702)
    v708 = iconst.i64 0
    v709 = iconst.i64 0
    v710 = call fn314(v707)
    call fn315(v707)
    v711 = iconst.i64 0
    v712 = iconst.i64 0
    v713 = symbol_value.i64 gv36
    v714 = symbol_value.i64 gv37
    v715 = symbol_value.i64 gv38
    v716 = iconst.i64 22
    v717 = iconst.i64 0
    v718 = iconst.i64 3
    v719 = call fn316(v713, v714, v715, v716, v193, v710, v617, v717, v717, v717, v718)  ; v716 = 22, v717 = 0, v717 = 0, v717 = 0, v718 = 3
    call fn317(v617)
    v720 = iconst.i64 0
    v721 = iconst.i64 0
    call fn318(v710)
    v722 = iconst.i64 0
    v723 = iconst.i64 0
    v724 = call fn319(v719, v152)
    v725 = iconst.i64 1
    v726 = call fn320(v91, v725)  ; v725 = 1
    v727 = call fn321(v724, v726)
    v728 = f64const 0x1.0000000000000p-1
    call fn322(v726, v727, v728)  ; v728 = 0x1.0000000000000p-1
    v729 = iconst.i64 0
    call fn323(v727)
    v730 = iconst.i64 0
    call fn324(v724)
    v731 = iconst.i64 0
    call fn325(v719)
    v732 = iconst.i64 0
    v733 = call fn326(v187)
    v734 = call fn327(v687, v733)
    call fn328(v687)
    v735 = iconst.i64 0
    v736 = iconst.i64 0
    v737 = call fn329(v734, v186, v148)
    call fn330(v734)
    v738 = iconst.i64 0
    v739 = iconst.i64 0
    v740 = iconst.i8 0
    v741 = call fn331(v329, v737, v740)  ; v740 = 0
    v742 = iconst.i64 0
    v743 = call fn332(v91, v742)  ; v742 = 0
    v744 = call fn333(v741, v743)
    v745 = f64const 0x1.0000000000000p-1
    call fn334(v743, v744, v745)  ; v745 = 0x1.0000000000000p-1
    v746 = iconst.i64 0
    call fn335(v744)
    v747 = iconst.i64 0
    call fn336(v741)
    v748 = iconst.i64 0
    v749 = iconst.i64 0
    call fn337(v304)
    v750 = iconst.i64 0
    call fn338(v329)
    v751 = iconst.i64 0
    call fn339(v733)
    v752 = iconst.i64 0
    call fn340(v737)
    v753 = iconst.i64 0
    call fn341(v178)
    v754 = iconst.i64 0
    call fn342(v184)
    v755 = iconst.i64 0
    call fn343(v186)
    v756 = iconst.i64 0
    call fn344(v187)
    v757 = iconst.i64 0
    call fn345(v189)
    v758 = iconst.i64 0
    call fn346(v193)
    v759 = iconst.i64 0
    call fn347(v204)
    v760 = iconst.i64 0
    call fn348(v221)
    v761 = iconst.i64 0
    call fn349(v232)
    v762 = iconst.i64 0
    call fn350(v235)
    v763 = iconst.i64 0
    call fn351(v237)
    v764 = iconst.i64 0
    call fn352(v238)
    v765 = iconst.i64 0
    call fn353(v246)
    v766 = iconst.i64 0
    call fn354(v249)
    v767 = iconst.i64 0
    call fn355(v257)
    v768 = iconst.i64 0
    call fn356(v259)
    v769 = iconst.i64 0
    call fn357(v262)
    v770 = iconst.i64 0
    call fn358(v265)
    v771 = iconst.i64 0
    call fn359(v266)
    v772 = iconst.i64 0
    v773 = iconst.i8 0
    call fn360(v773)  ; v773 = 0
    v774 = iconst.i64 0
    v775 = iconst.i64 1
    v776 = iadd.i64 v136, v775  ; v775 = 1
    v777 = iconst.i64 2
    v778 = srem v776, v777  ; v777 = 2
    v779 = iconst.i64 0
    v780 = icmp eq v778, v779  ; v779 = 0
    brif v780, block17, block18

block17:
    v783 = f64const 0.0
    v784 = f64const 0.0
    v785 = f64const 0x1.47ae147ae147bp-7
    v786 = iconst.i8 0
    v787 = f64const 0x1.ccccccccccccdp-1
    v788 = f64const 0x1.e666666666666p-1
    v789 = f64const 0x1.5798ee2308c3ap-27
    v790 = iconst.i64 1
    v791 = iadd.i64 v136, v790  ; v790 = 1
    v792 = iconst.i64 2
    v793 = sdiv v791, v792  ; v792 = 2
    v794 = f64const 0x1.ccccccccccccdp-1
    v795 = f64const 0x1.e666666666666p-1
    v796 = call fn361(v794, v793)  ; v794 = 0x1.ccccccccccccdp-1
    v797 = call fn362(v795, v793)  ; v795 = 0x1.e666666666666p-1
    v798 = iconst.i64 0
    v799 = iconst.i64 0
    v800 = f64const 0x1.0000000000000p0
    v801 = f64const 0x1.ccccccccccccdp-1
    v802 = f64const 0x1.9999999999998p-4
    v803 = f64const 0x1.e666666666666p-1
    v804 = f64const 0x1.99999999999a0p-5
    v805 = f64const 0x1.5798ee2308c3ap-27
    v806 = f64const 0x1.47ae147ae147bp-7
    call fn363(v32, v69, v70, v91, v782, v801, v802, v803, v804, v805, v806, v796, v797, v798, v799, v800)  ; v782 = 0x1.0624dd2f1a9fcp-9, v801 = 0x1.ccccccccccccdp-1, v802 = 0x1.9999999999998p-4, v803 = 0x1.e666666666666p-1, v804 = 0x1.99999999999a0p-5, v805 = 0x1.5798ee2308c3ap-27, v806 = 0x1.47ae147ae147bp-7, v798 = 0, v799 = 0, v800 = 0x1.0000000000000p0
    v807 = iconst.i64 0
    jump block18

block18:
    v809 = iconst.i64 1
    v810 = iadd.i64 v137, v809  ; v809 = 1
    call fn364(v269)
    v811 = iconst.i64 0
    call fn365(v269)
    v812 = iconst.i64 0
    v813 = iconst.i64 0
    call fn366(v110)
    v815 = iconst.i64 0
    v816 = iconst.i64 0
    call fn367()
    v817 = iconst.i64 0
    call fn368(v29)
    v818 = iconst.i64 0
    call fn369()
    v819 = iconst.i64 0
    call fn370(v810)
    v820 = iconst.i64 0
    call fn371(v810)
    v821 = iconst.i64 0
    jump block12(v810)

block11:
    jump block9

block9:
    v834 = iconst.i64 1
    v835 = iadd.i64 v105, v834  ; v834 = 1
    jump block7(v835, v137)

block10:
    call fn372(v32)
    v844 = iconst.i64 0
    v845 = iconst.i64 0
    jump block19(v845)  ; v845 = 0

block19(v846: i64):
    v847 = icmp slt v846, v68  ; v68 = 8
    brif v847, block20, block21

block20:
    v848 = call fn373(v69, v846)
    call fn374(v848)
    v849 = iconst.i64 0
    v850 = call fn375(v70, v846)
    call fn376(v850)
    v851 = iconst.i64 0
    v852 = iconst.i64 1
    v853 = iadd.i64 v846, v852  ; v852 = 1
    jump block19(v853)

block21:
    call fn377(v69)
    v854 = iconst.i64 0
    call fn378(v70)
    v855 = iconst.i64 0
    v856 = iconst.i64 0
    jump block22(v856)  ; v856 = 0

block22(v857: i64):
    v858 = icmp slt v857, v68  ; v68 = 8
    brif v858, block23, block24

block23:
    v859 = call fn379(v91, v857)
    call fn380(v859)
    v860 = iconst.i64 0
    v861 = iconst.i64 1
    v862 = iadd.i64 v857, v861  ; v861 = 1
    jump block22(v862)

block24:
    call fn381(v91)
    v863 = iconst.i64 0
    v866 = load.i64 notrap aligned v13+24
    v867 = call fn382(v866)
    call fn383(v867)
    v868 = iconst.i64 0
    call fn384(v867)
    v869 = iconst.i64 0
    call fn385(v26)
    v870 = iconst.i64 0
    call fn386(v26)
    v871 = iconst.i64 0
    call fn387(v18)
    v874 = iconst.i64 0
    v875 = iconst.i32 0
    return v875  ; v875 = 0
}
