---
source: crates/nsl-codegen/tests/train_clif_snapshots.rs
expression: render(&first)
---
--- IR: model ctor 'Blk' ---
function <model ctor 'Blk'>() -> i64 <callconv> {
    sig0 = (i64) -> i64 <callconv>
    sig1 = () -> i64 <callconv>
    sig2 = (i64, i64) <callconv>
    sig3 = (i64) -> i64 <callconv>
    sig4 = () -> i64 <callconv>
    sig5 = (i64, i64) <callconv>
    sig6 = (i64) -> i64 <callconv>
    sig7 = () -> i64 <callconv>
    sig8 = (i64, i64) <callconv>
    sig9 = (i64) -> i64 <callconv>
    fn0 = nsl_alloc sig0
    fn1 = nsl_list_new sig1
    fn2 = nsl_list_push sig2
    fn3 = nsl_tensor_ones sig3
    fn4 = nsl_list_new sig4
    fn5 = nsl_list_push sig5
    fn6 = nsl_tensor_ones sig6
    fn7 = nsl_list_new sig7
    fn8 = nsl_list_push sig8
    fn9 = nsl_tensor_ones sig9

block0:
    v0 = iconst.i64 24
    v1 = call fn0(v0)  ; v0 = 24
    v2 = call fn1()
    v3 = iconst.i64 16
    call fn2(v2, v3)  ; v3 = 16
    v4 = call fn3(v2)
    store notrap aligned v4, v1
    v5 = call fn4()
    v6 = iconst.i64 16
    call fn5(v5, v6)  ; v6 = 16
    v7 = iconst.i64 32
    call fn5(v5, v7)  ; v7 = 32
    v8 = call fn6(v5)
    store notrap aligned v8, v1+8
    v9 = call fn7()
    v10 = iconst.i64 32
    call fn8(v9, v10)  ; v10 = 32
    v11 = iconst.i64 16
    call fn8(v9, v11)  ; v11 = 16
    v12 = call fn9(v9)
    store notrap aligned v12, v1+16
    return v1
}

--- IR: model ctor 'TinyLM' ---
function <model ctor 'TinyLM'>() -> i64 <callconv> {
    sig0 = (i64) -> i64 <callconv>
    sig1 = () -> i64 <callconv>
    sig2 = (i64, i64) <callconv>
    sig3 = (i64) -> i64 <callconv>
    sig4 = () -> i64 <callconv>
    sig5 = () -> i64 <callconv>
    sig6 = (i64, i64) <callconv>
    sig7 = (i64) -> i64 <callconv>
    fn0 = nsl_alloc sig0
    fn1 = nsl_list_new sig1
    fn2 = nsl_list_push sig2
    fn3 = nsl_tensor_ones sig3
    fn4 = colocated __nsl_model_Blk sig4
    fn5 = nsl_list_new sig5
    fn6 = nsl_list_push sig6
    fn7 = nsl_tensor_ones sig7

block0:
    v0 = iconst.i64 32
    v1 = call fn0(v0)  ; v0 = 32
    v2 = call fn1()
    v3 = iconst.i64 16
    call fn2(v2, v3)  ; v3 = 16
    v4 = iconst.i64 16
    call fn2(v2, v4)  ; v4 = 16
    v5 = call fn3(v2)
    store notrap aligned v5, v1
    v6 = iconst.i64 0
    jump block1(v6)  ; v6 = 0

block1(v7: i64):
    v8 = iconst.i64 2
    v9 = icmp slt v7, v8  ; v8 = 2
    brif v9, block2, block3

block2:
    v10 = call fn4()
    v11 = iconst.i64 8
    v12 = imul.i64 v7, v11  ; v11 = 8
    v13 = iconst.i64 8
    v14 = iadd v13, v12  ; v13 = 8
    v15 = iadd.i64 v1, v14
    store notrap aligned v10, v15
    v16 = iconst.i64 1
    v17 = iadd.i64 v7, v16  ; v16 = 1
    jump block1(v17)

block3:
    v18 = call fn5()
    v19 = iconst.i64 16
    call fn6(v18, v19)  ; v19 = 16
    v20 = call fn7(v18)
    store notrap aligned v20, v1+24
    return v1
}

--- IR: model method '__nsl_model_Blk_forward' ---
function <model method '__nsl_model_Blk_forward'>(i64, i64) -> i64 <callconv> {
    sig0 = (i64, i64, f64) -> i64 <callconv>
    sig1 = (i64, i64, i8) -> i64 <callconv>
    sig2 = (i64, i64, i8) -> i64 <callconv>
    sig3 = (i64) <callconv>
    sig4 = (i64) <callconv>
    sig5 = (i64, i64, i8) -> i64 <callconv>
    sig6 = (i64) <callconv>
    fn0 = nsl_tensor_rmsnorm sig0
    fn1 = nsl_tensor_matmul sig1
    fn2 = nsl_tensor_matmul sig2
    fn3 = nsl_tensor_free sig3
    fn4 = nsl_tensor_free sig4
    fn5 = nsl_tensor_add sig5
    fn6 = nsl_tensor_free_if_valid sig6

block0(v0: i64, v1: i64):
    v2 = load.i64 notrap aligned v0
    v3 = f64const 0x1.4f8b588e368f1p-17
    v4 = call fn0(v1, v2, v3)  ; v3 = 0x1.4f8b588e368f1p-17
    v5 = load.i64 notrap aligned v0+8
    v6 = iconst.i8 0
    v7 = call fn1(v4, v5, v6)  ; v6 = 0
    v8 = load.i64 notrap aligned v0+16
    v9 = iconst.i8 0
    v10 = call fn2(v7, v8, v9)  ; v9 = 0
    call fn3(v4)
    v11 = iconst.i64 0
    call fn4(v7)
    v12 = iconst.i64 0
    v13 = iconst.i8 0
    v14 = call fn5(v1, v10, v13)  ; v13 = 0
    call fn6(v10)
    v15 = iconst.i64 0
    return v14
}

--- IR: model method '__nsl_model_TinyLM_forward_train' ---
function <model method '__nsl_model_TinyLM_forward_train'>(i64, i64) -> i64 <callconv> {
    sig0 = (i64) -> i64 <callconv>
    sig1 = (i64, i64) -> i64 <callconv>
    sig2 = (i64, i64) -> i64 <callconv>
    sig3 = () -> i64 <callconv>
    sig4 = (i64, i64) <callconv>
    sig5 = (i64, i64) -> i64 <callconv>
    sig6 = (i64, i64) -> i64 <callconv>
    sig7 = () -> i64 <callconv>
    sig8 = (i64, i64) <callconv>
    sig9 = (i64, i64) -> i64 <callconv>
    sig10 = (i64, i64) -> i64 <callconv>
    sig11 = (i64) <callconv>
    sig12 = (i64, i64, f64) -> i64 <callconv>
    sig13 = (i64, i64, i64) -> i64 <callconv>
    sig14 = (i64, i64, i8) -> i64 <callconv>
    sig15 = (i64) <callconv>
    sig16 = (i64) <callconv>
    sig17 = (i64) <callconv>
    sig18 = (i64) <callconv>
    sig19 = (i64) <callconv>
    fn0 = nsl_tensor_shape sig0
    fn1 = nsl_list_get sig1
    fn2 = nsl_list_get sig2
    fn3 = nsl_list_new sig3
    fn4 = nsl_list_push sig4
    fn5 = nsl_tensor_reshape sig5
    fn6 = nsl_tensor_embedding_lookup sig6
    fn7 = nsl_list_new sig7
    fn8 = nsl_list_push sig8
    fn9 = nsl_tensor_reshape sig9
    fn10 = colocated __nsl_model_Blk_forward sig10
    fn11 = nsl_tensor_free_if_valid sig11
    fn12 = nsl_tensor_rmsnorm sig12
    fn13 = nsl_tensor_transpose sig13
    fn14 = nsl_tensor_matmul sig14
    fn15 = nsl_tensor_free sig15
    fn16 = nsl_tensor_free_if_valid sig16
    fn17 = nsl_tensor_free_if_valid sig17
    fn18 = nsl_tensor_free_if_valid sig18
    fn19 = nsl_tensor_free_if_valid sig19

block0(v0: i64, v1: i64):
    v30 -> v0
    v2 = call fn0(v1)
    v3 = iconst.i64 0
    v4 = call fn1(v2, v3)  ; v3 = 0
    v5 = iconst.i64 1
    v6 = call fn2(v2, v5)  ; v5 = 1
    v7 = call fn3()
    v8 = imul v4, v6
    call fn4(v7, v8)
    v9 = call fn5(v1, v7)
    v43 -> v9
    v10 = load.i64 notrap aligned v0
    v11 = call fn6(v10, v9)
    v41 -> v11
    v12 = call fn7()
    call fn8(v12, v4)
    call fn8(v12, v6)
    v13 = iconst.i64 16
    call fn8(v12, v13)  ; v13 = 16
    v14 = call fn9(v11, v12)
    v15 = iconst.i64 8
    v16 = iadd v0, v15  ; v15 = 8
    v17 = iconst.i64 0
    jump block1(v17, v14)  ; v17 = 0

block1(v18: i64, v25: i64):
    v19 = iconst.i64 2
    v20 = icmp slt v18, v19  ; v19 = 2
    brif v20, block2, block4

block2:
    v21 = iconst.i64 8
    v22 = imul.i64 v18, v21  ; v21 = 8
    v23 = iadd.i64 v16, v22
    v24 = load.i64 notrap aligned v23
    v26 = call fn10(v24, v25)
    call fn11(v25)
    v27 = iconst.i64 0
    jump block3

block3:
    v28 = iconst.i64 1
    v29 = iadd.i64 v18, v28  ; v28 = 1
    jump block1(v29, v26)

block4:
    v31 = load.i64 notrap aligned v0+24
    v32 = f64const 0x1.4f8b588e368f1p-17
    v33 = call fn12(v25, v31, v32)  ; v32 = 0x1.4f8b588e368f1p-17
    v34 = load.i64 notrap aligned v30
    v35 = iconst.i64 0
    v36 = iconst.i64 1
    v37 = call fn13(v34, v35, v36)  ; v35 = 0, v36 = 1
    v38 = iconst.i8 0
    v39 = call fn14(v33, v37, v38)  ; v38 = 0
    call fn15(v37)
    v40 = iconst.i64 0
    call fn16(v11)
    v42 = iconst.i64 0
    call fn17(v9)
    v44 = iconst.i64 0
    call fn18(v25)
    v45 = iconst.i64 0
    call fn19(v33)
    v46 = iconst.i64 0
    return v39
}

--- IR: main ---
function <main>(i32, i64) -> i32 <callconv> {
    gv0 = symbol colocated .str.1
    gv1 = symbol colocated .str.2
    gv2 = symbol colocated .str.3
    gv3 = symbol colocated .str.4
    gv4 = symbol colocated .str.5
    gv5 = symbol colocated .str.6
    gv6 = symbol colocated .str.7
    gv7 = symbol colocated .str.4
    gv8 = symbol colocated .str.5
    gv9 = symbol colocated __nsl_fused_ew_ptx_d4d81537cab94177
    gv10 = symbol colocated __nsl_fused_ew_name_d4d81537cab94177
    gv11 = symbol colocated __nsl_fused_ew_desc_d4d81537cab94177
    gv12 = symbol colocated __nsl_fused_ew_ptx_05f38b0d64e6bc91
    gv13 = symbol colocated __nsl_fused_ew_name_05f38b0d64e6bc91
    gv14 = symbol colocated __nsl_fused_ew_desc_05f38b0d64e6bc91
    gv15 = symbol colocated __nsl_fused_ew_ptx_887d906e909e7508
    gv16 = symbol colocated __nsl_fused_ew_name_887d906e909e7508
    gv17 = symbol colocated __nsl_fused_ew_desc_887d906e909e7508
    gv18 = symbol colocated __nsl_fused_ew_ptx_039e456115af33b6
    gv19 = symbol colocated __nsl_fused_ew_name_039e456115af33b6
    gv20 = symbol colocated __nsl_fused_ew_desc_039e456115af33b6
    gv21 = symbol colocated __nsl_fused_ew_ptx_05f38b0d64e6bc91
    gv22 = symbol colocated __nsl_fused_ew_name_05f38b0d64e6bc91
    gv23 = symbol colocated __nsl_fused_ew_desc_05f38b0d64e6bc91
    gv24 = symbol colocated __nsl_fused_ew_ptx_01655ffcdec9795a
    gv25 = symbol colocated __nsl_fused_ew_name_01655ffcdec9795a
    gv26 = symbol colocated __nsl_fused_ew_desc_01655ffcdec9795a
    gv27 = symbol colocated __nsl_fused_ew_ptx_039e456115af33b6
    gv28 = symbol colocated __nsl_fused_ew_name_039e456115af33b6
    gv29 = symbol colocated __nsl_fused_ew_desc_039e456115af33b6
    gv30 = symbol colocated __nsl_fused_ew_ptx_05f38b0d64e6bc91
    gv31 = symbol colocated __nsl_fused_ew_name_05f38b0d64e6bc91
    gv32 = symbol colocated __nsl_fused_ew_desc_05f38b0d64e6bc91
    gv33 = symbol colocated __nsl_fused_ew_ptx_01655ffcdec9795a
    gv34 = symbol colocated __nsl_fused_ew_name_01655ffcdec9795a
    gv35 = symbol colocated __nsl_fused_ew_desc_01655ffcdec9795a
    gv36 = symbol colocated __nsl_fused_ew_ptx_039e456115af33b6
    gv37 = symbol colocated __nsl_fused_ew_name_039e456115af33b6
    gv38 = symbol colocated __nsl_fused_ew_desc_039e456115af33b6
    sig0 = (i32, i64) <callconv>
    sig1 = (i64, i64) -> i64 <callconv>
    sig2 = (i64, i64, f64, i64, i64, i64, i64) -> i64 <callconv>
    sig3 = () -> i64 <callconv>
    sig4 = (f64, f64, f64) -> i64 <callconv>
    sig5 = (i64, i64) -> i64 <callconv>
    sig6 = (i64) -> i64 <callconv>
    sig7 = (i64) <callconv>
    sig8 = (i64, i64, i64, i64) -> i64 <callconv>
    sig9 = (i64) <callconv>
    sig10 = () <callconv>
    sig11 = () -> i8 <callconv>
    sig12 = (i8) <callconv>
    sig13 = () -> i64 <callconv>
    sig14 = (i64, i64) <callconv>
    sig15 = (i64, i64) <callconv>
    sig16 = (i64, i64) <callconv>
    sig17 = (i64, i64) <callconv>
    sig18 = (i64, i64) <callconv>
    sig19 = (i64, i64) <callconv>
    sig20 = (i64, i64) <callconv>
    sig21 = (i64, i64) <callconv>
    sig22 = (i8) <callconv>
    sig23 = () -> i64 <callconv>
    sig24 = () -> i64 <callconv>
    sig25 = (i64, i64) -> i64 <callconv>
    sig26 = (i8) <callconv>
    sig27 = (i64) -> i64 <callconv>
    sig28 = (i64, i64) <callconv>
    sig29 = (i8) <callconv>
    sig30 = (i64) -> i64 <callconv>
    sig31 = (i64, i64) <callconv>
    sig32 = (i8) <callconv>
    sig33 = (i64, i64) -> i64 <callconv>
    sig34 = () -> i64 <callconv>
    sig35 = (i8) <callconv>
    sig36 = (i64, i64) -> i64 <callconv>
    sig37 = (i64) -> i64 <callconv>
    sig38 = (i64, i64) <callconv>
    sig39 = (i8) <callconv>
    sig40 = (i64) <callconv>
    sig41 = (i64) -> i64 <callconv>
    sig42 = (i64, i64) -> i64 <callconv>
    sig43 = (i64, i64) -> i64 <callconv>
    sig44 = (i64, i64) -> i64 <callconv>
    sig45 = (i64, i64) <callconv>
    sig46 = (i64, i64) <callconv>
    sig47 = (i64, i64) -> i8 <callconv>
    sig48 = (i64, i64) -> i64 <callconv>
    sig49 = (i64, i64) -> i64 <callconv>
    sig50 = (i64) -> i64 <callconv>
    sig51 = (i64) -> i64 <callconv>
    sig52 = (i64, i64) <callconv>
    sig53 = (i64, i64) <callconv>
    sig54 = () <callconv>
    sig55 = (i8) <callconv>
    sig56 = (i64) <callconv>
    sig57 = (i8) <callconv>
    sig58 = (i64) <callconv>
    sig59 = (i64, i64) -> i64 <callconv>
    sig60 = (i64) -> i64 <callconv>
    sig61 = (i64, i64) -> i64 <callconv>
    sig62 = (i64, i64) -> i64 <callconv>
    sig63 = () -> i64 <callconv>
    sig64 = (i64, i64) <callconv>
    sig65 = (i64, i64) -> i64 <callconv>
    sig66 = (i64, i64) -> i64 <callconv>
    sig67 = () -> i64 <callconv>
    sig68 = (i64, i64) <callconv>
    sig69 = (i64, i64) <callconv>
    sig70 = (i64, i64) <callconv>
    sig71 = (i64, i64) -> i64 <callconv>
    sig72 = (f64, i64) -> i64 <callconv>
    sig73 = (i64, i64, f64) -> i64 <callconv>
    sig74 = (i64, i64, i8) -> i64 <callconv>
    sig75 = (i64, i64, i8) -> i64 <callconv>
    sig76 = (i64, i64, i8) -> i64 <callconv>
    sig77 = (f64, i64) -> i64 <callconv>
    sig78 = (i64) <callconv>
    sig79 = (i64) <callconv>
    sig80 = (i64) <callconv>
    sig81 = (i64, i64, f64) -> i64 <callconv>
    sig82 = (i64, i64, i8) -> i64 <callconv>
    sig83 = (i64, i64, i8) -> i64 <callconv>
    sig84 = (i64, i64, i8) -> i64 <callconv>
    sig85 = (f64, i64) -> i64 <callconv>
    sig86 = (i64) <callconv>
    sig87 = (i64) <callconv>
    sig88 = (i64) <callconv>
    sig89 = (i64, i64, f64) -> i64 <callconv>
    sig90 = (i64, i64, i64) -> i64 <callconv>
    sig91 = (i64, i64, i8) -> i64 <callconv>
    sig92 = (i64) -> i64 <callconv>
    sig93 = (i64, i64) -> i64 <callconv>
    sig94 = (i64, i64) -> i64 <callconv>
    sig95 = (i64, i64) -> i64 <callconv>
    sig96 = () -> i64 <callconv>
    sig97 = (i64, i64) <callconv>
    sig98 = (i64, i64) <callconv>
    sig99 = (i64, i64) -> i64 <callconv>
    sig100 = (i64, i64) -> i64 <callconv>
    sig101 = (i64, i64) -> i64 <callconv>
    sig102 = (i64, i64) -> i64 <callconv>
    sig103 = () -> i64 <callconv>
    sig104 = (i64, i64) <callconv>
    sig105 = (i64, i64) -> i64 <callconv>
    sig106 = (i64, i64) -> i64 <callconv>
    sig107 = (i64, i64, i64) -> i64 <callconv>
    sig108 = (i64) -> i64 <callconv>
    sig109 = (i64, i64, i64) -> i64 <callconv>
    sig110 = (i64) <callconv>
    sig111 = (f64, i64) -> i64 <callconv>
    sig112 = (i64) -> i64 <callconv>
    sig113 = (i64) -> i64 <callconv>
    sig114 = (i64, f64, i8) -> i64 <callconv>
    sig115 = (i64) <callconv>
    sig116 = (i64) -> i64 <callconv>
    sig117 = (i64, i64) -> i64 <callconv>
    sig118 = (i64) <callconv>
    sig119 = (i64) -> i64 <callconv>
    sig120 = (i64) <callconv>
    sig121 = (i64) -> i64 <callconv>
    sig122 = (i64) <callconv>
    sig123 = (i64, i64, i64) -> i64 <callconv>
    sig124 = (i64) <callconv>
    sig125 = (i64) -> i64 <callconv>
    sig126 = (i64) -> i64 <callconv>
    sig127 = (i64, i64, i64) -> i64 <callconv>
    sig128 = (i64, i64, i64, i64, i64, i64, i64, i64, i64, i64, i64) -> i64 <callconv>
    sig129 = (i64) <callconv>
    sig130 = (i64) <callconv>
    sig131 = (i64) <callconv>
    sig132 = (i64) -> i64 <callconv>
    sig133 = (i64, i64) -> i64 <callconv>
    sig134 = (i64) <callconv>
    sig135 = (i64, i64, i64) -> i64 <callconv>
    sig136 = (i64, i64, i8) -> i64 <callconv>
    sig137 = (i64) <callconv>
    sig138 = (i64, i64) -> i64 <callconv>
    sig139 = (i64) <callconv>
    sig140 = (i64, i64, i64) -> i64 <callconv>
    sig141 = (i64, i64, i8) -> i64 <callconv>
    sig142 = (i64) <callconv>
    sig143 = (i64) <callconv>
    sig144 = (i64, i64) -> i64 <callconv>
    sig145 = (i64) <callconv>
    sig146 = (i64, i64, i64) -> i64 <callconv>
    sig147 = (i64) <callconv>
    sig148 = (i64, i64, i8) -> i64 <callconv>
    sig149 = (i64) -> i64 <callconv>
    sig150 = (i64, i64, i64) -> i64 <callconv>
    sig151 = (i64) <callconv>
    sig152 = (i64, f64, i64) -> i64 <callconv>
    sig153 = (i64) <callconv>
    sig154 = (i64) -> i64 <callconv>
    sig155 = (i64) <callconv>
    sig156 = (i64, i64, i8) -> i64 <callconv>
    sig157 = (i64, i64, i8) -> i64 <callconv>
    sig158 = (i64) -> i64 <callconv>
    sig159 = (i64, i64, i64) -> i64 <callconv>
    sig160 = (i64) <callconv>
    sig161 = (i64, i64, i64, i64, i64, i64, i64, i64, i64, i64, i64) -> i64 <callconv>
    sig162 = (i64) <callconv>
    sig163 = (i64, i64, i64, i64, i64, i64, i64, i64, i64, i64, i64) -> i64 <callconv>
    sig164 = (i64) <callconv>
    sig165 = (i64) <callconv>
    sig166 = (i64) <callconv>
    sig167 = (i64, i64, i8) -> i64 <callconv>
    sig168 = (i64) -> i64 <callconv>
    sig169 = (i64, i64, i64) -> i64 <callconv>
    sig170 = (i64) <callconv>
    sig171 = (i64, f64, i64) -> i64 <callconv>
    sig172 = (i64) <callconv>
    sig173 = (i64) -> i64 <callconv>
    sig174 = (i64) <callconv>
    sig175 = (i64, i64, i64, i64, i64, i64, i64, i64, i64, i64, i64) -> i64 <callconv>
    sig176 = (i64) <callconv>
    sig177 = (i64) <callconv>
    sig178 = (i64, i64) -> i64 <callconv>
    sig179 = (i64, i64) -> i64 <callconv>
    sig180 = (i64, i64) -> i64 <callconv>
    sig181 = (i64, i64, f64) <callconv>
    sig182 = (i64) <callconv>
    sig183 = (i64) <callconv>
    sig184 = (i64) <callconv>
    sig185 = (i64, i64) -> i64 <callconv>
    sig186 = (i64) <callconv>
    sig187 = (i64) <callconv>
    sig188 = (i64, i64, f64) -> i64 <callconv>
    sig189 = (i64, i64, i8) -> i64 <callconv>
    sig190 = (i64, i64, i8) -> i64 <callconv>
    sig191 = (i64) <callconv>
    sig192 = (i64) <callconv>
    sig193 = (i64, i64) -> i64 <callconv>
    sig194 = (i64) <callconv>
    sig195 = (i64, i64, i64) -> i64 <callconv>
    sig196 = (i64, i64, i8) -> i64 <callconv>
    sig197 = (i64) <callconv>
    sig198 = (i64, i64) -> i64 <callconv>
    sig199 = (i64) <callconv>
    sig200 = (i64, i64, i64) -> i64 <callconv>
    sig201 = (i64, i64, i8) -> i64 <callconv>
    sig202 = (i64) <callconv>
    sig203 = (i64) <callconv>
    sig204 = (i64, i64) -> i64 <callconv>
    sig205 = (i64, i64) -> i64 <callconv>
    sig206 = (i64, i64) -> i64 <callconv>
    sig207 = (i64, i64, f64) <callconv>
    sig208 = (i64) <callconv>
    sig209 = (i64) <callconv>
    sig210 = (i64) <callconv>
    sig211 = (i64, i64, i64) -> i64 <callconv>
    sig212 = (i64, i64, i8) -> i64 <callconv>
    sig213 = (i64) <callconv>
    sig214 = (i64, i64) -> i64 <callconv>
    sig215 = (i64) <callconv>
    sig216 = (i64, i64, i64) -> i64 <callconv>
    sig217 = (i64) <callconv>
    sig218 = (i64) <callconv>
    sig219 = (i64) <callconv>
    sig220 = (i64, i64, i8) -> i64 <callconv>
    sig221 = (i64) <callconv>
    sig222 = (i64) <callconv>
    sig223 = (i64, i64) -> i64 <callconv>
    sig224 = (i64, i64) -> i64 <callconv>
    sig225 = (i64, i64) -> i64 <callconv>
    sig226 = (i64, i64, f64) <callconv>
    sig227 = (i64) <callconv>
    sig228 = (i64) <callconv>
    sig229 = (i64) <callconv>
    sig230 = (i64, i64, i8) -> i64 <callconv>
    sig231 = (i64) -> i64 <callconv>
    sig232 = (i64, i64, i64) -> i64 <callconv>
    sig233 = (i64) <callconv>
    sig234 = (i64, f64, i64) -> i64 <callconv>
    sig235 = (i64) <callconv>
    sig236 = (i64) -> i64 <callconv>
    sig237 = (i64) <callconv>
    sig238 = (i64, i64, i8) -> i64 <callconv>
    sig239 = (i64, i64, i8) -> i64 <callconv>
    sig240 = (i64) -> i64 <callconv>
    sig241 = (i64, i64, i64) -> i64 <callconv>
    sig242 = (i64) <callconv>
    sig243 = (i64, i64, i64, i64, i64, i64, i64, i64, i64, i64, i64) -> i64 <callconv>
    sig244 = (i64) <callconv>
    sig245 = (i64, i64, i64, i64, i64, i64, i64, i64, i64, i64, i64) -> i64 <callconv>
    sig246 = (i64) <callconv>
    sig247 = (i64) <callconv>
    sig248 = (i64) <callconv>
    sig249 = (i64) <callconv>
    sig250 = (i64, i64, i8) -> i64 <callconv>
    sig251 = (i64) -> i64 <callconv>
    sig252 = (i64, i64, i64) -> i64 <callconv>
    sig253 = (i64) <callconv>
    sig254 = (i64, f64, i64) -> i64 <callconv>
    sig255 = (i64) <callconv>
    sig256 = (i64) -> i64 <callconv>
    sig257 = (i64) <callconv>
    sig258 = (i64, i64, i64, i64, i64, i64, i64, i64, i64, i64, i64) -> i64 <callconv>
    sig259 = (i64) <callconv>
    sig260 = (i64) <callconv>
    sig261 = (i64, i64) -> i64 <callconv>
    sig262 = (i64, i64) -> i64 <callconv>
    sig263 = (i64, i64) -> i64 <callconv>
    sig264 = (i64, i64, f64) <callconv>
    sig265 = (i64) <callconv>
    sig266 = (i64) <callconv>
    sig267 = (i64) <callconv>
    sig268 = (i64, i64) -> i64 <callconv>
    sig269 = (i64) <callconv>
    sig270 = (i64) <callconv>
    sig271 = (i64, i64, f64) -> i64 <callconv>
    sig272 = (i64, i64, i8) -> i64 <callconv>
    sig273 = (i64, i64, i8) -> i64 <callconv>
    sig274 = (i64) <callconv>
    sig275 = (i64) <callconv>
    sig276 = (i64, i64) -> i64 <callconv>
    sig277 = (i64) <callconv>
    sig278 = (i64, i64, i64) -> i64 <callconv>
    sig279 = (i64, i64, i8) -> i64 <callconv>
    sig280 = (i64) <callconv>
    sig281 = (i64, i64) -> i64 <callconv>
    sig282 = (i64) <callconv>
    sig283 = (i64, i64, i64) -> i64 <callconv>
    sig284 = (i64, i64, i8) -> i64 <callconv>
    sig285 = (i64) <callconv>
    sig286 = (i64) <callconv>
    sig287 = (i64, i64) -> i64 <callconv>
    sig288 = (i64, i64) -> i64 <callconv>
    sig289 = (i64, i64) -> i64 <callconv>
    sig290 = (i64, i64, f64) <callconv>
    sig291 = (i64) <callconv>
    sig292 = (i64) <callconv>
    sig293 = (i64) <callconv>
    sig294 = (i64, i64, i64) -> i64 <callconv>
    sig295 = (i64, i64, i8) -> i64 <callconv>
    sig296 = (i64) <callconv>
    sig297 = (i64, i64) -> i64 <callconv>
    sig298 = (i64) <callconv>
    sig299 = (i64, i64, i64) -> i64 <callconv>
    sig300 = (i64) <callconv>
    sig301 = (i64) <callconv>
    sig302 = (i64) <callconv>
    sig303 = (i64, i64, i8) -> i64 <callconv>
    sig304 = (i64) <callconv>
    sig305 = (i64) <callconv>
    sig306 = (i64, i64) -> i64 <callconv>
    sig307 = (i64, i64) -> i64 <callconv>
    sig308 = (i64, i64) -> i64 <callconv>
    sig309 = (i64, i64, f64) <callconv>
    sig310 = (i64) <callconv>
    sig311 = (i64) <callconv>
    sig312 = (i64) <callconv>
    sig313 = (i64, i64, i8) -> i64 <callconv>
    sig314 = (i64) -> i64 <callconv>
    sig315 = (i64, i64, i64) -> i64 <callconv>
    sig316 = (i64) <callconv>
    sig317 = (i64, f64, i64) -> i64 <callconv>
    sig318 = (i64) <callconv>
    sig319 = (i64) -> i64 <callconv>
    sig320 = (i64) <callconv>
    sig321 = (i64, i64, i8) -> i64 <callconv>
    sig322 = (i64, i64, i8) -> i64 <callconv>
    sig323 = (i64) -> i64 <callconv>
    sig324 = (i64, i64, i64) -> i64 <callconv>
    sig325 = (i64) <callconv>
    sig326 = (i64, i64, i64, i64, i64, i64, i64, i64, i64, i64, i64) -> i64 <callconv>
    sig327 = (i64) <callconv>
    sig328 = (i64, i64, i64, i64, i64, i64, i64, i64, i64, i64, i64) -> i64 <callconv>
    sig329 = (i64) <callconv>
    sig330 = (i64) <callconv>
    sig331 = (i64) <callconv>
    sig332 = (i64) <callconv>
    sig333 = (i64, i64, i8) -> i64 <callconv>
    sig334 = (i64) -> i64 <callconv>
    sig335 = (i64, i64, i64) -> i64 <callconv>
    sig336 = (i64) <callconv>
    sig337 = (i64, f64, i64) -> i64 <callconv>
    sig338 = (i64) <callconv>
    sig339 = (i64) -> i64 <callconv>
    sig340 = (i64) <callconv>
    sig341 = (i64, i64, i64, i64, i64, i64, i64, i64, i64, i64, i64) -> i64 <callconv>
    sig342 = (i64) <callconv>
    sig343 = (i64) <callconv>
    sig344 = (i64, i64) -> i64 <callconv>
    sig345 = (i64, i64) -> i64 <callconv>
    sig346 = (i64, i64) -> i64 <callconv>
    sig347 = (i64, i64, f64) <callconv>
    sig348 = (i64) <callconv>
    sig349 = (i64) <callconv>
    sig350 = (i64) <callconv>
    sig351 = (i64) -> i64 <callconv>
    sig352 = (i64, i64) -> i64 <callconv>
    sig353 = (i64) <callconv>
    sig354 = (i64, i64, i64) -> i64 <callconv>
    sig355 = (i64) <callconv>
    sig356 = (i64, i64, i8) -> i64 <callconv>
    sig357 = (i64, i64) -> i64 <callconv>
    sig358 = (i64, i64) -> i64 <callconv>
    sig359 = (i64, i64, f64) <callconv>
    sig360 = (i64) <callconv>
    sig361 = (i64) <callconv>
    sig362 = (i64) <callconv>
    sig363 = (i64) <callconv>
    sig364 = (i64) <callconv>
    sig365 = (i64) <callconv>
    sig366 = (i64) <callconv>
    sig367 = (i64) <callconv>
    sig368 = (i64) <callconv>
    sig369 = (i64) <callconv>
    sig370 = (i64) <callconv>
    sig371 = (i64) <callconv>
    sig372 = (i64) <callconv>
    sig373 = (i64) <callconv>
    sig374 = (i64) <callconv>
    sig375 = (i64) <callconv>
    sig376 = (i64) <callconv>
    sig377 = (i64) <callconv>
    sig378 = (i64) <callconv>
    sig379 = (i64) <callconv>
    sig380 = (i64) <callconv>
    sig381 = (i64) <callconv>
    sig382 = (i64) <callconv>
    sig383 = (i64) <callconv>
    sig384 = (i64) <callconv>
    sig385 = (i64) <callconv>
    sig386 = (i8) <callconv>
    sig387 = (f64, i64) -> f64 <callconv>
    sig388 = (f64, i64) -> f64 <callconv>
    sig389 = (i64, i64, i64, i64, f64, f64, f64, f64, f64, f64, f64, f64, f64, i64, i64, f64) <callconv>
    sig390 = (i64) <callconv>
    sig391 = (i64) <callconv>
    sig392 = (i64) <callconv>
    sig393 = () <callconv>
    sig394 = (i8) <callconv>
    sig395 = () <callconv>
    sig396 = (i64) <callconv>
    sig397 = (i64) <callconv>
    sig398 = (i64) <callconv>
    sig399 = (i64, i64) -> i64 <callconv>
    sig400 = (i64) <callconv>
    sig401 = (i64, i64) -> i64 <callconv>
    sig402 = (i64) <callconv>
    sig403 = (i64) <callconv>
    sig404 = (i64) <callconv>
    sig405 = (i64, i64) -> i64 <callconv>
    sig406 = (i64) <callconv>
    sig407 = (i64) <callconv>
    sig408 = (i64) -> i64 <callconv>
    sig409 = (i64) <callconv>
    sig410 = (i64) <callconv>
    sig411 = (i64) <callconv>
    sig412 = (i64) <callconv>
    sig413 = (i64) <callconv>
    fn0 = nsl_args_init sig0
    fn1 = nsl_set_exec_fingerprint sig1
    fn2 = nsl_set_matmul_config sig2
    fn3 = colocated __nsl_model_TinyLM sig3
    fn4 = nsl_tensor_arange sig4
    fn5 = nsl_tensor_to_device sig5
    fn6 = nsl_tensor_contiguous sig6
    fn7 = nsl_tensor_free sig7
    fn8 = nsl_dataloader_create sig8
    fn9 = nsl_dataloader_start sig9
    fn10 = nsl_gpu_set_persistent_pool sig10
    fn11 = nsl_gpu_get_alloc_surface sig11
    fn12 = nsl_gpu_set_alloc_surface sig12
    fn13 = nsl_list_new sig13
    fn14 = nsl_list_push sig14
    fn15 = nsl_list_push sig15
    fn16 = nsl_list_push sig16
    fn17 = nsl_list_push sig17
    fn18 = nsl_list_push sig18
    fn19 = nsl_list_push sig19
    fn20 = nsl_list_push sig20
    fn21 = nsl_list_push sig21
    fn22 = nsl_gpu_set_alloc_surface sig22
    fn23 = nsl_list_new sig23
    fn24 = nsl_list_new sig24
    fn25 = nsl_list_get sig25
    fn26 = nsl_gpu_set_alloc_surface sig26
    fn27 = nsl_tensor_zeros_like sig27
    fn28 = nsl_list_push sig28
    fn29 = nsl_gpu_set_alloc_surface sig29
    fn30 = nsl_tensor_zeros_like sig30
    fn31 = nsl_list_push sig31
    fn32 = nsl_gpu_set_alloc_surface sig32
    fn33 = nsl_set_train_config_record sig33
    fn34 = nsl_list_new sig34
    fn35 = nsl_gpu_set_alloc_surface sig35
    fn36 = nsl_list_get sig36
    fn37 = nsl_tensor_zeros_like sig37
    fn38 = nsl_list_push sig38
    fn39 = nsl_gpu_set_alloc_surface sig39
    fn40 = nsl_dataloader_reset sig40
    fn41 = nsl_dataloader_next_batch sig41
    fn42 = nsl_packed_batch_align_device sig42
    fn43 = nsl_dict_get_str sig43
    fn44 = nsl_dict_get_str sig44
    fn45 = nsl_tensor_prefetch sig45
    fn46 = nsl_tensor_prefetch sig46
    fn47 = nsl_dict_contains sig47
    fn48 = nsl_dict_get_str sig48
    fn49 = nsl_dict_get_str sig49
    fn50 = nsl_tensor_data_ptr sig50
    fn51 = nsl_tensor_data_ptr sig51
    fn52 = nsl_packing_metadata_set sig52
    fn53 = nsl_packing_metadata_set sig53
    fn54 = nsl_gpu_set_transient_pool sig54
    fn55 = nsl_gpu_set_alloc_surface sig55
    fn56 = nsl_debug_gpu_mem sig56
    fn57 = nsl_set_training_mode sig57
    fn58 = nsl_set_inplace_suppressed sig58
    fn59 = nsl_dict_get_str sig59
    fn60 = nsl_tensor_shape sig60
    fn61 = nsl_list_get sig61
    fn62 = nsl_list_get sig62
    fn63 = nsl_list_new sig63
    fn64 = nsl_list_push sig64
    fn65 = nsl_tensor_reshape sig65
    fn66 = nsl_tensor_embedding_lookup sig66
    fn67 = nsl_list_new sig67
    fn68 = nsl_list_push sig68
    fn69 = nsl_list_push sig69
    fn70 = nsl_list_push sig70
    fn71 = nsl_tensor_reshape sig71
    fn72 = nsl_tensor_scalar sig72
    fn73 = nsl_tensor_rmsnorm sig73
    fn74 = nsl_tensor_matmul sig74
    fn75 = nsl_tensor_matmul sig75
    fn76 = nsl_tensor_add sig76
    fn77 = nsl_tensor_scalar sig77
    fn78 = nsl_tensor_free sig78
    fn79 = nsl_tensor_free sig79
    fn80 = nsl_tensor_free sig80
    fn81 = nsl_tensor_rmsnorm sig81
    fn82 = nsl_tensor_matmul sig82
    fn83 = nsl_tensor_matmul sig83
    fn84 = nsl_tensor_add sig84
    fn85 = nsl_tensor_scalar sig85
    fn86 = nsl_tensor_free sig86
    fn87 = nsl_tensor_free sig87
    fn88 = nsl_tensor_free sig88
    fn89 = nsl_tensor_rmsnorm sig89
    fn90 = nsl_tensor_transpose sig90
    fn91 = nsl_tensor_matmul sig91
    fn92 = nsl_tensor_shape sig92
    fn93 = nsl_list_get sig93
    fn94 = nsl_list_get sig94
    fn95 = nsl_list_get sig95
    fn96 = nsl_list_new sig96
    fn97 = nsl_list_push sig97
    fn98 = nsl_list_push sig98
    fn99 = nsl_tensor_reshape sig99
    fn100 = nsl_dict_get_str sig100
    fn101 = nsl_list_get sig101
    fn102 = nsl_list_get sig102
    fn103 = nsl_list_new sig103
    fn104 = nsl_list_push sig104
    fn105 = nsl_tensor_reshape sig105
    fn106 = nsl_tensor_logsoftmax sig106
    fn107 = nsl_tensor_gather sig107
    fn108 = nsl_tensor_neg sig108
    fn109 = nsl_tensor_mean_dim sig109
    fn110 = nsl_set_inplace_suppressed sig110
    fn111 = nsl_tensor_scalar sig111
    fn112 = nsl_tensor_len sig112
    fn113 = nsl_tensor_len sig113
    fn114 = nsl_tensor_mul_scalar sig114
    fn115 = nsl_tensor_free sig115
    fn116 = nsl_tensor_shape sig116
    fn117 = nsl_tensor_expand sig117
    fn118 = nsl_tensor_free sig118
    fn119 = nsl_tensor_contiguous sig119
    fn120 = nsl_tensor_free sig120
    fn121 = nsl_tensor_neg sig121
    fn122 = nsl_tensor_free sig122
    fn123 = nsl_tensor_scatter_add sig123
    fn124 = nsl_tensor_free sig124
    fn125 = nsl_tensor_exp sig125
    fn126 = nsl_tensor_ndim sig126
    fn127 = nsl_tensor_sum_dim sig127
    fn128 = nsl_fused_ew_chain sig128
    fn129 = nsl_tensor_free sig129
    fn130 = nsl_tensor_free sig130
    fn131 = nsl_tensor_free sig131
    fn132 = nsl_tensor_shape sig132
    fn133 = nsl_tensor_reshape sig133
    fn134 = nsl_tensor_free sig134
    fn135 = nsl_tensor_transpose sig135
    fn136 = nsl_tensor_matmul sig136
    fn137 = nsl_tensor_free sig137
    fn138 = nsl_tensor_reduce_to_shape sig138
    fn139 = nsl_tensor_free sig139
    fn140 = nsl_tensor_transpose sig140
    fn141 = nsl_tensor_matmul sig141
    fn142 = nsl_tensor_free sig142
    fn143 = nsl_tensor_free sig143
    fn144 = nsl_tensor_reduce_to_shape sig144
    fn145 = nsl_tensor_free sig145
    fn146 = nsl_tensor_transpose sig146
    fn147 = nsl_tensor_free sig147
    fn148 = nsl_tensor_mul sig148
    fn149 = nsl_tensor_ndim sig149
    fn150 = nsl_tensor_mean_dim sig150
    fn151 = nsl_tensor_free sig151
    fn152 = nsl_tensor_scalar_rhs sig152
    fn153 = nsl_tensor_free sig153
    fn154 = nsl_tensor_sqrt sig154
    fn155 = nsl_tensor_free sig155
    fn156 = nsl_tensor_mul sig156
    fn157 = nsl_tensor_mul sig157
    fn158 = nsl_tensor_ndim sig158
    fn159 = nsl_tensor_mean_dim sig159
    fn160 = nsl_tensor_free sig160
    fn161 = nsl_fused_ew_chain sig161
    fn162 = nsl_tensor_free sig162
    fn163 = nsl_fused_ew_chain sig163
    fn164 = nsl_tensor_free sig164
    fn165 = nsl_tensor_free sig165
    fn166 = nsl_tensor_free sig166
    fn167 = nsl_tensor_mul sig167
    fn168 = nsl_tensor_ndim sig168
    fn169 = nsl_tensor_mean_dim sig169
    fn170 = nsl_tensor_free sig170
    fn171 = nsl_tensor_scalar_rhs sig171
    fn172 = nsl_tensor_free sig172
    fn173 = nsl_tensor_sqrt sig173
    fn174 = nsl_tensor_free sig174
    fn175 = nsl_fused_ew_chain sig175
    fn176 = nsl_tensor_free sig176
    fn177 = nsl_tensor_free sig177
    fn178 = nsl_tensor_reduce_to_shape sig178
    fn179 = nsl_list_get sig179
    fn180 = nsl_tensor_to_device_like sig180
    fn181 = nsl_tensor_scalar_mul_add_inplace sig181
    fn182 = nsl_tensor_free sig182
    fn183 = nsl_tensor_free sig183
    fn184 = nsl_tensor_free sig184
    fn185 = nsl_tensor_reduce_to_shape sig185
    fn186 = nsl_set_inplace_suppressed sig186
    fn187 = nsl_tensor_free sig187
    fn188 = nsl_tensor_rmsnorm sig188
    fn189 = nsl_tensor_matmul sig189
    fn190 = nsl_tensor_matmul sig190
    fn191 = nsl_set_inplace_suppressed sig191
    fn192 = nsl_tensor_free sig192
    fn193 = nsl_tensor_reduce_to_shape sig193
    fn194 = nsl_tensor_free sig194
    fn195 = nsl_tensor_transpose sig195
    fn196 = nsl_tensor_matmul sig196
    fn197 = nsl_tensor_free sig197
    fn198 = nsl_tensor_reduce_to_shape sig198
    fn199 = nsl_tensor_free sig199
    fn200 = nsl_tensor_transpose sig200
    fn201 = nsl_tensor_matmul sig201
    fn202 = nsl_tensor_free sig202
    fn203 = nsl_tensor_free sig203
    fn204 = nsl_tensor_reduce_to_shape sig204
    fn205 = nsl_list_get sig205
    fn206 = nsl_tensor_to_device_like sig206
    fn207 = nsl_tensor_scalar_mul_add_inplace sig207
    fn208 = nsl_tensor_free sig208
    fn209 = nsl_tensor_free sig209
    fn210 = nsl_tensor_free sig210
    fn211 = nsl_tensor_transpose sig211
    fn212 = nsl_tensor_matmul sig212
    fn213 = nsl_tensor_free sig213
    fn214 = nsl_tensor_reduce_to_shape sig214
    fn215 = nsl_tensor_free sig215
    fn216 = nsl_tensor_transpose sig216
    fn217 = nsl_tensor_free sig217
    fn218 = nsl_tensor_free sig218
    fn219 = nsl_tensor_free sig219
    fn220 = nsl_tensor_matmul sig220
    fn221 = nsl_tensor_free sig221
    fn222 = nsl_tensor_free sig222
    fn223 = nsl_tensor_reduce_to_shape sig223
    fn224 = nsl_list_get sig224
    fn225 = nsl_tensor_to_device_like sig225
    fn226 = nsl_tensor_scalar_mul_add_inplace sig226
    fn227 = nsl_tensor_free sig227
    fn228 = nsl_tensor_free sig228
    fn229 = nsl_tensor_free sig229
    fn230 = nsl_tensor_mul sig230
    fn231 = nsl_tensor_ndim sig231
    fn232 = nsl_tensor_mean_dim sig232
    fn233 = nsl_tensor_free sig233
    fn234 = nsl_tensor_scalar_rhs sig234
    fn235 = nsl_tensor_free sig235
    fn236 = nsl_tensor_sqrt sig236
    fn237 = nsl_tensor_free sig237
    fn238 = nsl_tensor_mul sig238
    fn239 = nsl_tensor_mul sig239
    fn240 = nsl_tensor_ndim sig240
    fn241 = nsl_tensor_mean_dim sig241
    fn242 = nsl_tensor_free sig242
    fn243 = nsl_fused_ew_chain sig243
    fn244 = nsl_tensor_free sig244
    fn245 = nsl_fused_ew_chain sig245
    fn246 = nsl_tensor_free sig246
    fn247 = nsl_tensor_free sig247
    fn248 = nsl_tensor_free sig248
    fn249 = nsl_tensor_free sig249
    fn250 = nsl_tensor_mul sig250
    fn251 = nsl_tensor_ndim sig251
    fn252 = nsl_tensor_mean_dim sig252
    fn253 = nsl_tensor_free sig253
    fn254 = nsl_tensor_scalar_rhs sig254
    fn255 = nsl_tensor_free sig255
    fn256 = nsl_tensor_sqrt sig256
    fn257 = nsl_tensor_free sig257
    fn258 = nsl_fused_ew_chain sig258
    fn259 = nsl_tensor_free sig259
    fn260 = nsl_tensor_free sig260
    fn261 = nsl_tensor_reduce_to_shape sig261
    fn262 = nsl_list_get sig262
    fn263 = nsl_tensor_to_device_like sig263
    fn264 = nsl_tensor_scalar_mul_add_inplace sig264
    fn265 = nsl_tensor_free sig265
    fn266 = nsl_tensor_free sig266
    fn267 = nsl_tensor_free sig267
    fn268 = nsl_tensor_reduce_to_shape sig268
    fn269 = nsl_set_inplace_suppressed sig269
    fn270 = nsl_tensor_free sig270
    fn271 = nsl_tensor_rmsnorm sig271
    fn272 = nsl_tensor_matmul sig272
    fn273 = nsl_tensor_matmul sig273
    fn274 = nsl_set_inplace_suppressed sig274
    fn275 = nsl_tensor_free sig275
    fn276 = nsl_tensor_reduce_to_shape sig276
    fn277 = nsl_tensor_free sig277
    fn278 = nsl_tensor_transpose sig278
    fn279 = nsl_tensor_matmul sig279
    fn280 = nsl_tensor_free sig280
    fn281 = nsl_tensor_reduce_to_shape sig281
    fn282 = nsl_tensor_free sig282
    fn283 = nsl_tensor_transpose sig283
    fn284 = nsl_tensor_matmul sig284
    fn285 = nsl_tensor_free sig285
    fn286 = nsl_tensor_free sig286
    fn287 = nsl_tensor_reduce_to_shape sig287
    fn288 = nsl_list_get sig288
    fn289 = nsl_tensor_to_device_like sig289
    fn290 = nsl_tensor_scalar_mul_add_inplace sig290
    fn291 = nsl_tensor_free sig291
    fn292 = nsl_tensor_free sig292
    fn293 = nsl_tensor_free sig293
    fn294 = nsl_tensor_transpose sig294
    fn295 = nsl_tensor_matmul sig295
    fn296 = nsl_tensor_free sig296
    fn297 = nsl_tensor_reduce_to_shape sig297
    fn298 = nsl_tensor_free sig298
    fn299 = nsl_tensor_transpose sig299
    fn300 = nsl_tensor_free sig300
    fn301 = nsl_tensor_free sig301
    fn302 = nsl_tensor_free sig302
    fn303 = nsl_tensor_matmul sig303
    fn304 = nsl_tensor_free sig304
    fn305 = nsl_tensor_free sig305
    fn306 = nsl_tensor_reduce_to_shape sig306
    fn307 = nsl_list_get sig307
    fn308 = nsl_tensor_to_device_like sig308
    fn309 = nsl_tensor_scalar_mul_add_inplace sig309
    fn310 = nsl_tensor_free sig310
    fn311 = nsl_tensor_free sig311
    fn312 = nsl_tensor_free sig312
    fn313 = nsl_tensor_mul sig313
    fn314 = nsl_tensor_ndim sig314
    fn315 = nsl_tensor_mean_dim sig315
    fn316 = nsl_tensor_free sig316
    fn317 = nsl_tensor_scalar_rhs sig317
    fn318 = nsl_tensor_free sig318
    fn319 = nsl_tensor_sqrt sig319
    fn320 = nsl_tensor_free sig320
    fn321 = nsl_tensor_mul sig321
    fn322 = nsl_tensor_mul sig322
    fn323 = nsl_tensor_ndim sig323
    fn324 = nsl_tensor_mean_dim sig324
    fn325 = nsl_tensor_free sig325
    fn326 = nsl_fused_ew_chain sig326
    fn327 = nsl_tensor_free sig327
    fn328 = nsl_fused_ew_chain sig328
    fn329 = nsl_tensor_free sig329
    fn330 = nsl_tensor_free sig330
    fn331 = nsl_tensor_free sig331
    fn332 = nsl_tensor_free sig332
    fn333 = nsl_tensor_mul sig333
    fn334 = nsl_tensor_ndim sig334
    fn335 = nsl_tensor_mean_dim sig335
    fn336 = nsl_tensor_free sig336
    fn337 = nsl_tensor_scalar_rhs sig337
    fn338 = nsl_tensor_free sig338
    fn339 = nsl_tensor_sqrt sig339
    fn340 = nsl_tensor_free sig340
    fn341 = nsl_fused_ew_chain sig341
    fn342 = nsl_tensor_free sig342
    fn343 = nsl_tensor_free sig343
    fn344 = nsl_tensor_reduce_to_shape sig344
    fn345 = nsl_list_get sig345
    fn346 = nsl_tensor_to_device_like sig346
    fn347 = nsl_tensor_scalar_mul_add_inplace sig347
    fn348 = nsl_tensor_free sig348
    fn349 = nsl_tensor_free sig349
    fn350 = nsl_tensor_free sig350
    fn351 = nsl_tensor_shape sig351
    fn352 = nsl_tensor_reshape sig352
    fn353 = nsl_tensor_free sig353
    fn354 = nsl_embedding_backward sig354
    fn355 = nsl_tensor_free sig355
    fn356 = nsl_tensor_add sig356
    fn357 = nsl_list_get sig357
    fn358 = nsl_tensor_to_device_like sig358
    fn359 = nsl_tensor_scalar_mul_add_inplace sig359
    fn360 = nsl_tensor_free sig360
    fn361 = nsl_tensor_free sig361
    fn362 = nsl_list_free sig362
    fn363 = nsl_list_free sig363
    fn364 = nsl_tensor_free sig364
    fn365 = nsl_list_free sig365
    fn366 = nsl_tensor_free sig366
    fn367 = nsl_list_free sig367
    fn368 = nsl_list_free sig368
    fn369 = nsl_tensor_free sig369
    fn370 = nsl_tensor_free sig370
    fn371 = nsl_list_free sig371
    fn372 = nsl_tensor_free sig372
    fn373 = nsl_tensor_free sig373
    fn374 = nsl_tensor_free sig374
    fn375 = nsl_tensor_free sig375
    fn376 = nsl_tensor_free sig376
    fn377 = nsl_tensor_free sig377
    fn378 = nsl_list_free sig378
    fn379 = nsl_list_free sig379
    fn380 = nsl_tensor_free sig380
    fn381 = nsl_list_free sig381
    fn382 = nsl_tensor_free sig382
    fn383 = nsl_tensor_free sig383
    fn384 = nsl_tensor_free sig384
    fn385 = nsl_tensor_free sig385
    fn386 = nsl_set_training_mode sig386
    fn387 = nsl_bias_correction_inv sig387
    fn388 = nsl_bias_correction_inv sig388
    fn389 = nsl_fase_fused_adamw_step_multi sig389
    fn390 = nsl_tensor_print sig390
    fn391 = nsl_tensor_free sig391
    fn392 = nsl_dict_free_tensor_values sig392
    fn393 = nsl_gpu_set_persistent_pool sig393
    fn394 = nsl_gpu_set_alloc_surface sig394
    fn395 = nsl_gpu_drain_cache sig395
    fn396 = nsl_debug_gpu_mem sig396
    fn397 = nsl_debug_gpu_alloc_summary sig397
    fn398 = nsl_list_free sig398
    fn399 = nsl_list_get sig399
    fn400 = nsl_tensor_free sig400
    fn401 = nsl_list_get sig401
    fn402 = nsl_tensor_free sig402
    fn403 = nsl_list_free sig403
    fn404 = nsl_list_free sig404
    fn405 = nsl_list_get sig405
    fn406 = nsl_tensor_free sig406
    fn407 = nsl_list_free sig407
    fn408 = nsl_tensor_sum sig408
    fn409 = nsl_tensor_print sig409
    fn410 = nsl_tensor_free sig410
    fn411 = nsl_dataloader_stop sig411
    fn412 = nsl_dataloader_free sig412
    fn413 = nsl_tensor_free_if_valid sig413

block0(v0: i32, v1: i64):
    call fn0(v0, v1)
    v2 = symbol_value.i64 gv0
    v3 = iconst.i64 300
    v4 = call fn1(v2, v3)  ; v3 = 300
    v5 = iconst.i64 0
    v6 = iconst.i64 0
    v7 = f64const 0x1.0000000000000p9
    v8 = iconst.i64 1
    v9 = iconst.i64 0
    v10 = iconst.i64 64
    v11 = iconst.i64 1
    v12 = call fn2(v5, v6, v7, v8, v9, v10, v11)  ; v5 = 0, v6 = 0, v7 = 0x1.0000000000000p9, v8 = 1, v9 = 0, v10 = 64, v11 = 1
    v13 = call fn3()
    v866 -> v13
    v880 -> v13
    v881 -> v13
    v905 -> v13
    v906 -> v13
    v145 -> v866
    v144 -> v145
    v867 -> v145
    v14 = iconst.i64 128
    v15 = fcvt_from_sint.f64 v14  ; v14 = 128
    v16 = f64const 0.0
    v17 = f64const 0x1.0000000000000p0
    v18 = call fn4(v16, v15, v17)  ; v16 = 0.0, v17 = 0x1.0000000000000p0
    v868 -> v18
    v882 -> v18
    v883 -> v18
    v913 -> v18
    v914 -> v18
    v147 -> v868
    v146 -> v147
    v869 -> v147
    v19 = symbol_value.i64 gv1
    v20 = iconst.i64 61
    v21 = iconst.i64 0
    v22 = call fn5(v18, v21)  ; v21 = 0
    v23 = call fn6(v22)
    call fn7(v22)
    v24 = iconst.i64 0
    v25 = iconst.i64 0
    v26 = call fn8(v23, v25, v19, v20)  ; v25 = 0, v20 = 61
    v864 -> v26
    v878 -> v26
    v879 -> v26
    v143 -> v864
    v142 -> v143
    v865 -> v143
    call fn9(v26)
    v27 = iconst.i64 0
    call fn10()
    v28 = iconst.i64 0
    v29 = call fn11()
    v30 = iconst.i8 1
    call fn12(v30)  ; v30 = 1
    v31 = iconst.i64 0
    v32 = call fn13()
    v33 = load.i64 notrap aligned v13
    call fn14(v32, v33)
    v34 = iconst.i64 0
    v35 = iconst.i64 8
    v36 = iadd v13, v35  ; v35 = 8
    v37 = load.i64 notrap aligned v36
    v38 = load.i64 notrap aligned v37
    call fn15(v32, v38)
    v39 = iconst.i64 0
    v40 = iconst.i64 8
    v41 = iadd v13, v40  ; v40 = 8
    v42 = load.i64 notrap aligned v41
    v43 = load.i64 notrap aligned v42+8
    call fn16(v32, v43)
    v44 = iconst.i64 0
    v45 = iconst.i64 8
    v46 = iadd v13, v45  ; v45 = 8
    v47 = load.i64 notrap aligned v46
    v48 = load.i64 notrap aligned v47+16
    call fn17(v32, v48)
    v49 = iconst.i64 0
    v50 = iconst.i64 8
    v51 = iadd v13, v50  ; v50 = 8
    v52 = load.i64 notrap aligned v51+8
    v53 = load.i64 notrap aligned v52
    call fn18(v32, v53)
    v54 = iconst.i64 0
    v55 = iconst.i64 8
    v56 = iadd v13, v55  ; v55 = 8
    v57 = load.i64 notrap aligned v56+8
    v58 = load.i64 notrap aligned v57+8
    call fn19(v32, v58)
    v59 = iconst.i64 0
    v60 = iconst.i64 8
    v61 = iadd v13, v60  ; v60 = 8
    v62 = load.i64 notrap aligned v61+8
    v63 = load.i64 notrap aligned v62+16
    call fn20(v32, v63)
    v64 = iconst.i64 0
    v65 = load.i64 notrap aligned v13+24
    call fn21(v32, v65)
    v66 = iconst.i64 0
    call fn22(v29)
    v67 = iconst.i64 0
    v68 = iconst.i64 8
    v69 = call fn23()
    v70 = call fn24()
    v71 = iconst.i64 0
    jump block1(v71)  ; v71 = 0

block1(v72: i64):
    v73 = icmp slt v72, v68  ; v68 = 8
    brif v73, block2, block3

block2:
    v74 = call fn25(v32, v72)
    v75 = iconst.i8 2
    call fn26(v75)  ; v75 = 2
    v76 = iconst.i64 0
    v77 = call fn27(v74)
    call fn28(v69, v77)
    v78 = iconst.i64 0
    v79 = iconst.i8 3
    call fn29(v79)  ; v79 = 3
    v80 = iconst.i64 0
    v81 = call fn30(v74)
    call fn31(v70, v81)
    v82 = iconst.i64 0
    v83 = iconst.i64 1
    v84 = iadd.i64 v72, v83  ; v83 = 1
    jump block1(v84)

block3:
    call fn32(v29)
    v85 = iconst.i64 0
    v86 = f64const 0x1.0624dd2f1a9fcp-9
    v870 -> v86
    v884 -> v86
    v823 -> v870
    v822 -> v823
    v871 -> v823
    v87 = iconst.i64 0
    v877 -> v87
    v88 = symbol_value.i64 gv2
    v89 = iconst.i64 164
    v90 = call fn33(v88, v89)  ; v89 = 164
    v91 = call fn34()
    v92 = iconst.i8 4
    call fn35(v92)  ; v92 = 4
    v93 = iconst.i64 0
    v94 = iconst.i64 0
    jump block4(v94)  ; v94 = 0

block4(v95: i64):
    v96 = icmp slt v95, v68  ; v68 = 8
    brif v96, block5, block6

block5:
    v97 = call fn36(v32, v95)
    v98 = call fn37(v97)
    call fn38(v91, v98)
    v99 = iconst.i64 0
    v100 = iconst.i64 1
    v101 = iadd.i64 v95, v100  ; v100 = 1
    jump block4(v101)

block6:
    call fn39(v29)
    v102 = iconst.i64 0
    v103 = iconst.i64 0
    v104 = iconst.i64 1
    jump block7(v103, v87)  ; v103 = 0, v87 = 0

block7(v105: i64, v863: i64):
    v872 -> v105
    v873 -> v872
    v874 -> v872
    v106 = icmp slt v105, v104  ; v104 = 1
    brif v106, block8, block10

block8:
    v107 = iconst.i64 0
    v108 = iconst.i64 0
    call fn40(v26)
    v109 = iconst.i64 0
    jump block12(v863)

block12(v137: i64):
    v136 -> v137
    v849 -> v137
    v110 = call fn41(v26)
    v141 -> v110
    v855 -> v110
    v111 = iconst.i64 0
    v112 = icmp eq v110, v111  ; v111 = 0
    brif v112, block11, block13

block13:
    v113 = call fn42(v110, v32)
    v114 = symbol_value.i64 gv3
    v115 = symbol_value.i64 gv4
    v116 = call fn43(v110, v114)
    v117 = call fn44(v110, v115)
    v118 = iconst.i64 1
    call fn45(v116, v118)  ; v118 = 1
    v119 = iconst.i64 0
    call fn46(v117, v118)  ; v118 = 1
    v120 = iconst.i64 0
    v121 = symbol_value.i64 gv5
    v122 = call fn47(v110, v121)
    v123 = iconst.i8 0
    v124 = icmp ne v122, v123  ; v123 = 0
    brif v124, block14, block15

block14:
    v125 = call fn48(v110, v121)
    v126 = symbol_value.i64 gv6
    v127 = call fn49(v110, v126)
    v128 = call fn50(v125)
    v129 = call fn51(v127)
    call fn52(v128, v129)
    v130 = iconst.i64 0
    jump block16

block15:
    v131 = iconst.i64 0
    call fn53(v131, v131)  ; v131 = 0, v131 = 0
    v132 = iconst.i64 0
    jump block16

block16:
    call fn54()
    v133 = iconst.i64 0
    v134 = iconst.i8 6
    call fn55(v134)  ; v134 = 6
    v135 = iconst.i64 0
    call fn56(v137)
    v138 = iconst.i64 0
    v139 = iconst.i8 1
    call fn57(v139)  ; v139 = 1
    v140 = iconst.i64 0
    v148 = load.i64 notrap aligned v13
    v149 = iconst.i64 8
    v150 = iadd.i64 v13, v149  ; v149 = 8
    v151 = load.i64 notrap aligned v150
    v152 = load.i64 notrap aligned v151
    v153 = iconst.i64 8
    v154 = iadd.i64 v13, v153  ; v153 = 8
    v155 = load.i64 notrap aligned v154
    v156 = load.i64 notrap aligned v155+8
    v157 = iconst.i64 8
    v158 = iadd.i64 v13, v157  ; v157 = 8
    v159 = load.i64 notrap aligned v158
    v160 = load.i64 notrap aligned v159+16
    v161 = iconst.i64 8
    v162 = iadd.i64 v13, v161  ; v161 = 8
    v163 = load.i64 notrap aligned v162+8
    v164 = load.i64 notrap aligned v163
    v165 = iconst.i64 8
    v166 = iadd.i64 v13, v165  ; v165 = 8
    v167 = load.i64 notrap aligned v166+8
    v168 = load.i64 notrap aligned v167+8
    v169 = iconst.i64 8
    v170 = iadd.i64 v13, v169  ; v169 = 8
    v171 = load.i64 notrap aligned v170+8
    v172 = load.i64 notrap aligned v171+16
    v173 = load.i64 notrap aligned v13+24
    v174 = iconst.i64 1
    call fn58(v174)  ; v174 = 1
    v175 = iconst.i64 0
    v176 = symbol_value.i64 gv7
    v177 = call fn59(v141, v176)
    v178 = call fn60(v177)
    v179 = iconst.i64 0
    v180 = call fn61(v178, v179)  ; v179 = 0
    v181 = iconst.i64 1
    v182 = call fn62(v178, v181)  ; v181 = 1
    v183 = imul v180, v182
    v184 = call fn63()
    call fn64(v184, v183)
    v185 = iconst.i64 0
    v186 = call fn65(v177, v184)
    v187 = call fn66(v148, v186)
    v188 = iconst.i64 16
    v189 = call fn67()
    call fn68(v189, v180)
    v190 = iconst.i64 0
    call fn69(v189, v182)
    v191 = iconst.i64 0
    call fn70(v189, v188)  ; v188 = 16
    v192 = iconst.i64 0
    v193 = call fn71(v187, v189)
    v194 = f64const 0x1.4f8b588e368f1p-17
    v195 = iconst.i64 1
    v196 = call fn72(v194, v195)  ; v194 = 0x1.4f8b588e368f1p-17, v195 = 1
    v197 = f64const 0x1.4f8b588e368f1p-17
    v198 = call fn73(v193, v152, v197)  ; v197 = 0x1.4f8b588e368f1p-17
    v199 = iconst.i8 0
    v200 = call fn74(v198, v156, v199)  ; v199 = 0
    v201 = iconst.i8 0
    v202 = call fn75(v200, v160, v201)  ; v201 = 0
    v203 = iconst.i8 0
    v204 = call fn76(v193, v202, v203)  ; v203 = 0
    v205 = f64const 0x1.4f8b588e368f1p-17
    v206 = iconst.i64 1
    v207 = call fn77(v205, v206)  ; v205 = 0x1.4f8b588e368f1p-17, v206 = 1
    call fn78(v198)
    v208 = iconst.i64 0
    v209 = iconst.i64 0
    call fn79(v200)
    v210 = iconst.i64 0
    v211 = iconst.i64 0
    call fn80(v202)
    v212 = iconst.i64 0
    v213 = iconst.i64 0
    v214 = f64const 0x1.4f8b588e368f1p-17
    v215 = call fn81(v204, v164, v214)  ; v214 = 0x1.4f8b588e368f1p-17
    v216 = iconst.i8 0
    v217 = call fn82(v215, v168, v216)  ; v216 = 0
    v218 = iconst.i8 0
    v219 = call fn83(v217, v172, v218)  ; v218 = 0
    v220 = iconst.i8 0
    v221 = call fn84(v204, v219, v220)  ; v220 = 0
    v222 = f64const 0x1.4f8b588e368f1p-17
    v223 = iconst.i64 1
    v224 = call fn85(v222, v223)  ; v222 = 0x1.4f8b588e368f1p-17, v223 = 1
    call fn86(v215)
    v225 = iconst.i64 0
    v226 = iconst.i64 0
    call fn87(v217)
    v227 = iconst.i64 0
    v228 = iconst.i64 0
    call fn88(v219)
    v229 = iconst.i64 0
    v230 = iconst.i64 0
    v231 = f64const 0x1.4f8b588e368f1p-17
    v232 = call fn89(v221, v173, v231)  ; v231 = 0x1.4f8b588e368f1p-17
    v233 = iconst.i64 0
    v234 = iconst.i64 1
    v235 = call fn90(v148, v233, v234)  ; v233 = 0, v234 = 1
    v236 = iconst.i8 0
    v237 = call fn91(v232, v235, v236)  ; v236 = 0
    v238 = call fn92(v237)
    v239 = iconst.i64 0
    v240 = call fn93(v238, v239)  ; v239 = 0
    v241 = iconst.i64 1
    v242 = call fn94(v238, v241)  ; v241 = 1
    v243 = imul v240, v242
    v244 = iconst.i64 2
    v245 = call fn95(v238, v244)  ; v244 = 2
    v246 = call fn96()
    call fn97(v246, v243)
    v247 = iconst.i64 0
    call fn98(v246, v245)
    v248 = iconst.i64 0
    v249 = call fn99(v237, v246)
    v250 = symbol_value.i64 gv8
    v251 = call fn100(v141, v250)
    v252 = iconst.i64 0
    v253 = call fn101(v238, v252)  ; v252 = 0
    v254 = iconst.i64 1
    v255 = call fn102(v238, v254)  ; v254 = 1
    v256 = imul v253, v255
    v257 = call fn103()
    call fn104(v257, v256)
    v258 = iconst.i64 0
    v259 = call fn105(v251, v257)
    v260 = iconst.i64 1
    v261 = iconst.i64 1
    v262 = call fn106(v249, v261)  ; v261 = 1
    v263 = iconst.i64 1
    v264 = iconst.i64 1
    v265 = call fn107(v262, v264, v263)  ; v264 = 1, v263 = 1
    v266 = call fn108(v265)
    v267 = iconst.i64 -1
    v268 = iconst.i64 0
    v269 = call fn109(v266, v267, v268)  ; v267 = -1, v268 = 0
    v270 = iconst.i64 0
    call fn110(v270)  ; v270 = 0
    v271 = iconst.i64 0
    v272 = f64const 0x1.0000000000000p0
    v273 = iconst.i64 1
    v274 = call fn111(v272, v273)  ; v272 = 0x1.0000000000000p0, v273 = 1
    v275 = call fn112(v269)
    v276 = call fn113(v266)
    v277 = fcvt_from_sint.f64 v275
    v278 = fcvt_from_sint.f64 v276
    v279 = fdiv v277, v278
    v280 = iconst.i8 0
    v281 = call fn114(v274, v279, v280)  ; v280 = 0
    call fn115(v274)
    v282 = iconst.i64 0
    v283 = iconst.i64 0
    v284 = call fn116(v266)
    v285 = call fn117(v281, v284)
    call fn118(v281)
    v286 = iconst.i64 0
    v287 = iconst.i64 0
    v288 = call fn119(v285)
    call fn120(v285)
    v289 = iconst.i64 0
    v290 = iconst.i64 0
    v291 = call fn121(v288)
    call fn122(v288)
    v292 = iconst.i64 0
    v293 = iconst.i64 0
    v294 = iconst.i64 1
    v295 = call fn123(v291, v263, v294)  ; v263 = 1, v294 = 1
    call fn124(v291)
    v296 = iconst.i64 0
    v297 = iconst.i64 0
    v298 = call fn125(v262)
    v299 = call fn126(v295)
    v300 = iconst.i64 1
    v301 = isub v299, v300  ; v300 = 1
    v302 = iconst.i64 1
    v303 = call fn127(v295, v301, v302)  ; v302 = 1
    v304 = symbol_value.i64 gv9
    v305 = symbol_value.i64 gv10
    v306 = symbol_value.i64 gv11
    v307 = iconst.i64 22
    v308 = iconst.i64 0
    v309 = iconst.i64 3
    v310 = call fn128(v304, v305, v306, v307, v298, v303, v295, v308, v308, v308, v309)  ; v307 = 22, v308 = 0, v308 = 0, v308 = 0, v309 = 3
    call fn129(v295)
    v311 = iconst.i64 0
    v312 = iconst.i64 0
    call fn130(v298)
    v313 = iconst.i64 0
    v314 = iconst.i64 0
    call fn131(v303)
    v315 = iconst.i64 0
    v316 = iconst.i64 0
    v317 = call fn132(v237)
    v318 = call fn133(v310, v317)
    call fn134(v310)
    v319 = iconst.i64 0
    v320 = iconst.i64 0
    v321 = iconst.i64 -2
    v322 = iconst.i64 -1
    v323 = call fn135(v235, v321, v322)  ; v321 = -2, v322 = -1
    v324 = iconst.i8 0
    v325 = call fn136(v318, v323, v324)  ; v324 = 0
    call fn137(v323)
    v326 = iconst.i64 0
    v327 = iconst.i64 0
    v328 = call fn138(v325, v232)
    call fn139(v325)
    v329 = iconst.i64 0
    v330 = iconst.i64 0
    v331 = iconst.i64 -2
    v332 = iconst.i64 -1
    v333 = call fn140(v232, v331, v332)  ; v331 = -2, v332 = -1
    v334 = iconst.i8 0
    v335 = call fn141(v333, v318, v334)  ; v334 = 0
    call fn142(v318)
    v336 = iconst.i64 0
    v337 = iconst.i64 0
    call fn143(v333)
    v338 = iconst.i64 0
    v339 = iconst.i64 0
    v340 = call fn144(v335, v235)
    call fn145(v335)
    v341 = iconst.i64 0
    v342 = iconst.i64 0
    v343 = iconst.i64 0
    v344 = iconst.i64 1
    v345 = call fn146(v340, v343, v344)  ; v343 = 0, v344 = 1
    call fn147(v340)
    v346 = iconst.i64 0
    v347 = iconst.i64 0
    v348 = iconst.i8 0
    v349 = call fn148(v221, v221, v348)  ; v348 = 0
    v350 = call fn149(v349)
    v351 = iconst.i64 1
    v352 = isub v350, v351  ; v351 = 1
    v353 = iconst.i64 1
    v354 = call fn150(v349, v352, v353)  ; v353 = 1
    call fn151(v349)
    v355 = iconst.i64 0
    v356 = iconst.i64 0
    v357 = f64const 0x1.4f8b588e368f1p-17
    v358 = iconst.i64 0
    v359 = call fn152(v354, v357, v358)  ; v357 = 0x1.4f8b588e368f1p-17, v358 = 0
    call fn153(v354)
    v360 = iconst.i64 0
    v361 = iconst.i64 0
    v362 = call fn154(v359)
    call fn155(v359)
    v363 = iconst.i64 0
    v364 = iconst.i64 0
    v365 = iconst.i8 0
    v366 = call fn156(v328, v173, v365)  ; v365 = 0
    v367 = iconst.i8 0
    v368 = call fn157(v366, v221, v367)  ; v367 = 0
    v369 = call fn158(v368)
    v370 = iconst.i64 1
    v371 = isub v369, v370  ; v370 = 1
    v372 = iconst.i64 1
    v373 = call fn159(v368, v371, v372)  ; v372 = 1
    call fn160(v368)
    v374 = iconst.i64 0
    v375 = iconst.i64 0
    v376 = symbol_value.i64 gv12
    v377 = symbol_value.i64 gv13
    v378 = symbol_value.i64 gv14
    v379 = iconst.i64 40
    v380 = iconst.i64 0
    v381 = iconst.i64 3
    v382 = call fn161(v376, v377, v378, v379, v362, v373, v221, v380, v380, v380, v381)  ; v379 = 40, v380 = 0, v380 = 0, v380 = 0, v381 = 3
    call fn162(v373)
    v383 = iconst.i64 0
    v384 = iconst.i64 0
    v385 = symbol_value.i64 gv15
    v386 = symbol_value.i64 gv16
    v387 = symbol_value.i64 gv17
    v388 = iconst.i64 22
    v389 = iconst.i64 0
    v390 = iconst.i64 3
    v391 = call fn163(v385, v386, v387, v388, v366, v362, v382, v389, v389, v389, v390)  ; v388 = 22, v389 = 0, v389 = 0, v389 = 0, v390 = 3
    call fn164(v362)
    v392 = iconst.i64 0
    v393 = iconst.i64 0
    call fn165(v366)
    v394 = iconst.i64 0
    v395 = iconst.i64 0
    call fn166(v382)
    v396 = iconst.i64 0
    v397 = iconst.i64 0
    v398 = iconst.i8 0
    v399 = call fn167(v221, v221, v398)  ; v398 = 0
    v400 = call fn168(v399)
    v401 = iconst.i64 1
    v402 = isub v400, v401  ; v401 = 1
    v403 = iconst.i64 1
    v404 = call fn169(v399, v402, v403)  ; v403 = 1
    call fn170(v399)
    v405 = iconst.i64 0
    v406 = iconst.i64 0
    v407 = f64const 0x1.4f8b588e368f1p-17
    v408 = iconst.i64 0
    v409 = call fn171(v404, v407, v408)  ; v407 = 0x1.4f8b588e368f1p-17, v408 = 0
    call fn172(v404)
    v410 = iconst.i64 0
    v411 = iconst.i64 0
    v412 = call fn173(v409)
    call fn174(v409)
    v413 = iconst.i64 0
    v414 = iconst.i64 0
    v415 = symbol_value.i64 gv18
    v416 = symbol_value.i64 gv19
    v417 = symbol_value.i64 gv20
    v418 = iconst.i64 22
    v419 = iconst.i64 0
    v420 = iconst.i64 3
    v421 = call fn175(v415, v416, v417, v418, v221, v412, v328, v419, v419, v419, v420)  ; v418 = 22, v419 = 0, v419 = 0, v419 = 0, v420 = 3
    call fn176(v328)
    v422 = iconst.i64 0
    v423 = iconst.i64 0
    call fn177(v412)
    v424 = iconst.i64 0
    v425 = iconst.i64 0
    v426 = call fn178(v421, v173)
    v427 = iconst.i64 7
    v428 = call fn179(v91, v427)  ; v427 = 7
    v429 = call fn180(v426, v428)
    v430 = f64const 0x1.0000000000000p-1
    call fn181(v428, v429, v430)  ; v430 = 0x1.0000000000000p-1
    v431 = iconst.i64 0
    call fn182(v429)
    v432 = iconst.i64 0
    call fn183(v426)
    v433 = iconst.i64 0
    call fn184(v421)
    v434 = iconst.i64 0
    v435 = call fn185(v391, v204)
    v436 = iconst.i64 1
    call fn186(v436)  ; v436 = 1
    v437 = iconst.i64 0
    call fn187(v437)  ; v437 = 0
    v438 = iconst.i64 0
    v439 = iconst.i64 0
    v440 = f64const 0x1.4f8b588e368f1p-17
    v441 = call fn188(v204, v164, v440)  ; v440 = 0x1.4f8b588e368f1p-17
    v442 = iconst.i8 0
    v443 = call fn189(v441, v168, v442)  ; v442 = 0
    v444 = iconst.i8 0
    v445 = call fn190(v443, v172, v444)  ; v444 = 0
    v446 = iconst.i64 0
    call fn191(v446)  ; v446 = 0
    v447 = iconst.i64 0
    call fn192(v447)  ; v447 = 0
    v448 = iconst.i64 0
    v449 = iconst.i64 0
    v450 = call fn193(v391, v445)
    call fn194(v391)
    v451 = iconst.i64 0
    v452 = iconst.i64 0
    v453 = iconst.i64 -2
    v454 = iconst.i64 -1
    v455 = call fn195(v172, v453, v454)  ; v453 = -2, v454 = -1
    v456 = iconst.i8 0
    v457 = call fn196(v450, v455, v456)  ; v456 = 0
    call fn197(v455)
    v458 = iconst.i64 0
    v459 = iconst.i64 0
    v460 = call fn198(v457, v443)
    call fn199(v457)
    v461 = iconst.i64 0
    v462 = iconst.i64 0
    v463 = iconst.i64 -2
    v464 = iconst.i64 -1
    v465 = call fn200(v443, v463, v464)  ; v463 = -2, v464 = -1
    v466 = iconst.i8 0
    v467 = call fn201(v465, v450, v466)  ; v466 = 0
    call fn202(v450)
    v468 = iconst.i64 0
    v469 = iconst.i64 0
    call fn203(v465)
    v470 = iconst.i64 0
    v471 = iconst.i64 0
    v472 = call fn204(v467, v172)
    v473 = iconst.i64 6
    v474 = call fn205(v91, v473)  ; v473 = 6
    v475 = call fn206(v472, v474)
    v476 = f64const 0x1.0000000000000p-1
    call fn207(v474, v475, v476)  ; v476 = 0x1.0000000000000p-1
    v477 = iconst.i64 0
    call fn208(v475)
    v478 = iconst.i64 0
    call fn209(v472)
    v479 = iconst.i64 0
    call fn210(v467)
    v480 = iconst.i64 0
    v481 = iconst.i64 -2
    v482 = iconst.i64 -1
    v483 = call fn211(v168, v481, v482)  ; v481 = -2, v482 = -1
    v484 = iconst.i8 0
    v485 = call fn212(v460, v483, v484)  ; v484 = 0
    call fn213(v483)
    v486 = iconst.i64 0
    v487 = iconst.i64 0
    v488 = call fn214(v485, v441)
    call fn215(v485)
    v489 = iconst.i64 0
    v490 = iconst.i64 0
    v491 = iconst.i64 -2
    v492 = iconst.i64 -1
    v493 = call fn216(v441, v491, v492)  ; v491 = -2, v492 = -1
    call fn217(v441)
    v494 = iconst.i64 0
    v495 = iconst.i64 0
    call fn218(v443)
    v496 = iconst.i64 0
    v497 = iconst.i64 0
    call fn219(v445)
    v498 = iconst.i64 0
    v499 = iconst.i64 0
    v500 = iconst.i8 0
    v501 = call fn220(v493, v460, v500)  ; v500 = 0
    call fn221(v460)
    v502 = iconst.i64 0
    v503 = iconst.i64 0
    call fn222(v493)
    v504 = iconst.i64 0
    v505 = iconst.i64 0
    v506 = call fn223(v501, v168)
    v507 = iconst.i64 5
    v508 = call fn224(v91, v507)  ; v507 = 5
    v509 = call fn225(v506, v508)
    v510 = f64const 0x1.0000000000000p-1
    call fn226(v508, v509, v510)  ; v510 = 0x1.0000000000000p-1
    v511 = iconst.i64 0
    call fn227(v509)
    v512 = iconst.i64 0
    call fn228(v506)
    v513 = iconst.i64 0
    call fn229(v501)
    v514 = iconst.i64 0
    v515 = iconst.i8 0
    v516 = call fn230(v204, v204, v515)  ; v515 = 0
    v517 = call fn231(v516)
    v518 = iconst.i64 1
    v519 = isub v517, v518  ; v518 = 1
    v520 = iconst.i64 1
    v521 = call fn232(v516, v519, v520)  ; v520 = 1
    call fn233(v516)
    v522 = iconst.i64 0
    v523 = iconst.i64 0
    v524 = f64const 0x1.4f8b588e368f1p-17
    v525 = iconst.i64 0
    v526 = call fn234(v521, v524, v525)  ; v524 = 0x1.4f8b588e368f1p-17, v525 = 0
    call fn235(v521)
    v527 = iconst.i64 0
    v528 = iconst.i64 0
    v529 = call fn236(v526)
    call fn237(v526)
    v530 = iconst.i64 0
    v531 = iconst.i64 0
    v532 = iconst.i8 0
    v533 = call fn238(v488, v164, v532)  ; v532 = 0
    v534 = iconst.i8 0
    v535 = call fn239(v533, v204, v534)  ; v534 = 0
    v536 = call fn240(v535)
    v537 = iconst.i64 1
    v538 = isub v536, v537  ; v537 = 1
    v539 = iconst.i64 1
    v540 = call fn241(v535, v538, v539)  ; v539 = 1
    call fn242(v535)
    v541 = iconst.i64 0
    v542 = iconst.i64 0
    v543 = symbol_value.i64 gv21
    v544 = symbol_value.i64 gv22
    v545 = symbol_value.i64 gv23
    v546 = iconst.i64 40
    v547 = iconst.i64 0
    v548 = iconst.i64 3
    v549 = call fn243(v543, v544, v545, v546, v529, v540, v204, v547, v547, v547, v548)  ; v546 = 40, v547 = 0, v547 = 0, v547 = 0, v548 = 3
    call fn244(v540)
    v550 = iconst.i64 0
    v551 = iconst.i64 0
    v552 = symbol_value.i64 gv24
    v553 = symbol_value.i64 gv25
    v554 = symbol_value.i64 gv26
    v555 = iconst.i64 31
    v556 = iconst.i64 0
    v557 = iconst.i64 4
    v558 = call fn245(v552, v553, v554, v555, v533, v529, v549, v435, v556, v556, v557)  ; v555 = 31, v556 = 0, v556 = 0, v557 = 4
    call fn246(v435)
    v559 = iconst.i64 0
    v560 = iconst.i64 0
    call fn247(v529)
    v561 = iconst.i64 0
    v562 = iconst.i64 0
    call fn248(v533)
    v563 = iconst.i64 0
    v564 = iconst.i64 0
    call fn249(v549)
    v565 = iconst.i64 0
    v566 = iconst.i64 0
    v567 = iconst.i8 0
    v568 = call fn250(v204, v204, v567)  ; v567 = 0
    v569 = call fn251(v568)
    v570 = iconst.i64 1
    v571 = isub v569, v570  ; v570 = 1
    v572 = iconst.i64 1
    v573 = call fn252(v568, v571, v572)  ; v572 = 1
    call fn253(v568)
    v574 = iconst.i64 0
    v575 = iconst.i64 0
    v576 = f64const 0x1.4f8b588e368f1p-17
    v577 = iconst.i64 0
    v578 = call fn254(v573, v576, v577)  ; v576 = 0x1.4f8b588e368f1p-17, v577 = 0
    call fn255(v573)
    v579 = iconst.i64 0
    v580 = iconst.i64 0
    v581 = call fn256(v578)
    call fn257(v578)
    v582 = iconst.i64 0
    v583 = iconst.i64 0
    v584 = symbol_value.i64 gv27
    v585 = symbol_value.i64 gv28
    v586 = symbol_value.i64 gv29
    v587 = iconst.i64 22
    v588 = iconst.i64 0
    v589 = iconst.i64 3
    v590 = call fn258(v584, v585, v586, v587, v204, v581, v488, v588, v588, v588, v589)  ; v587 = 22, v588 = 0, v588 = 0, v588 = 0, v589 = 3
    call fn259(v488)
    v591 = iconst.i64 0
    v592 = iconst.i64 0
    call fn260(v581)
    v593 = iconst.i64 0
    v594 = iconst.i64 0
    v595 = call fn261(v590, v164)
    v596 = iconst.i64 4
    v597 = call fn262(v91, v596)  ; v596 = 4
    v598 = call fn263(v595, v597)
    v599 = f64const 0x1.0000000000000p-1
    call fn264(v597, v598, v599)  ; v599 = 0x1.0000000000000p-1
    v600 = iconst.i64 0
    call fn265(v598)
    v601 = iconst.i64 0
    call fn266(v595)
    v602 = iconst.i64 0
    call fn267(v590)
    v603 = iconst.i64 0
    v604 = call fn268(v558, v193)
    v605 = iconst.i64 1
    call fn269(v605)  ; v605 = 1
    v606 = iconst.i64 0
    call fn270(v606)  ; v606 = 0
    v607 = iconst.i64 0
    v608 = iconst.i64 0
    v609 = f64const 0x1.4f8b588e368f1p-17
    v610 = call fn271(v193, v152, v609)  ; v609 = 0x1.4f8b588e368f1p-17
    v611 = iconst.i8 0
    v612 = call fn272(v610, v156, v611)  ; v611 = 0
    v613 = iconst.i8 0
    v614 = call fn273(v612, v160, v613)  ; v613 = 0
    v615 = iconst.i64 0
    call fn274(v615)  ; v615 = 0
    v616 = iconst.i64 0
    call fn275(v616)  ; v616 = 0
    v617 = iconst.i64 0
    v618 = iconst.i64 0
    v619 = call fn276(v558, v614)
    call fn277(v558)
    v620 = iconst.i64 0
    v621 = iconst.i64 0
    v622 = iconst.i64 -2
    v623 = iconst.i64 -1
    v624 = call fn278(v160, v622, v623)  ; v622 = -2, v623 = -1
    v625 = iconst.i8 0
    v626 = call fn279(v619, v624, v625)  ; v625 = 0
    call fn280(v624)
    v627 = iconst.i64 0
    v628 = iconst.i64 0
    v629 = call fn281(v626, v612)
    call fn282(v626)
    v630 = iconst.i64 0
    v631 = iconst.i64 0
    v632 = iconst.i64 -2
    v633 = iconst.i64 -1
    v634 = call fn283(v612, v632, v633)  ; v632 = -2, v633 = -1
    v635 = iconst.i8 0
    v636 = call fn284(v634, v619, v635)  ; v635 = 0
    call fn285(v619)
    v637 = iconst.i64 0
    v638 = iconst.i64 0
    call fn286(v634)
    v639 = iconst.i64 0
    v640 = iconst.i64 0
    v641 = call fn287(v636, v160)
    v642 = iconst.i64 3
    v643 = call fn288(v91, v642)  ; v642 = 3
    v644 = call fn289(v641, v643)
    v645 = f64const 0x1.0000000000000p-1
    call fn290(v643, v644, v645)  ; v645 = 0x1.0000000000000p-1
    v646 = iconst.i64 0
    call fn291(v644)
    v647 = iconst.i64 0
    call fn292(v641)
    v648 = iconst.i64 0
    call fn293(v636)
    v649 = iconst.i64 0
    v650 = iconst.i64 -2
    v651 = iconst.i64 -1
    v652 = call fn294(v156, v650, v651)  ; v650 = -2, v651 = -1
    v653 = iconst.i8 0
    v654 = call fn295(v629, v652, v653)  ; v653 = 0
    call fn296(v652)
    v655 = iconst.i64 0
    v656 = iconst.i64 0
    v657 = call fn297(v654, v610)
    call fn298(v654)
    v658 = iconst.i64 0
    v659 = iconst.i64 0
    v660 = iconst.i64 -2
    v661 = iconst.i64 -1
    v662 = call fn299(v610, v660, v661)  ; v660 = -2, v661 = -1
    call fn300(v610)
    v663 = iconst.i64 0
    v664 = iconst.i64 0
    call fn301(v612)
    v665 = iconst.i64 0
    v666 = iconst.i64 0
    call fn302(v614)
    v667 = iconst.i64 0
    v668 = iconst.i64 0
    v669 = iconst.i8 0
    v670 = call fn303(v662, v629, v669)  ; v669 = 0
    call fn304(v629)
    v671 = iconst.i64 0
    v672 = iconst.i64 0
    call fn305(v662)
    v673 = iconst.i64 0
    v674 = iconst.i64 0
    v675 = call fn306(v670, v156)
    v676 = iconst.i64 2
    v677 = call fn307(v91, v676)  ; v676 = 2
    v678 = call fn308(v675, v677)
    v679 = f64const 0x1.0000000000000p-1
    call fn309(v677, v678, v679)  ; v679 = 0x1.0000000000000p-1
    v680 = iconst.i64 0
    call fn310(v678)
    v681 = iconst.i64 0
    call fn311(v675)
    v682 = iconst.i64 0
    call fn312(v670)
    v683 = iconst.i64 0
    v684 = iconst.i8 0
    v685 = call fn313(v193, v193, v684)  ; v684 = 0
    v686 = call fn314(v685)
    v687 = iconst.i64 1
    v688 = isub v686, v687  ; v687 = 1
    v689 = iconst.i64 1
    v690 = call fn315(v685, v688, v689)  ; v689 = 1
    call fn316(v685)
    v691 = iconst.i64 0
    v692 = iconst.i64 0
    v693 = f64const 0x1.4f8b588e368f1p-17
    v694 = iconst.i64 0
    v695 = call fn317(v690, v693, v694)  ; v693 = 0x1.4f8b588e368f1p-17, v694 = 0
    call fn318(v690)
    v696 = iconst.i64 0
    v697 = iconst.i64 0
    v698 = call fn319(v695)
    call fn320(v695)
    v699 = iconst.i64 0
    v700 = iconst.i64 0
    v701 = iconst.i8 0
    v702 = call fn321(v657, v152, v701)  ; v701 = 0
    v703 = iconst.i8 0
    v704 = call fn322(v702, v193, v703)  ; v703 = 0
    v705 = call fn323(v704)
    v706 = iconst.i64 1
    v707 = isub v705, v706  ; v706 = 1
    v708 = iconst.i64 1
    v709 = call fn324(v704, v707, v708)  ; v708 = 1
    call fn325(v704)
    v710 = iconst.i64 0
    v711 = iconst.i64 0
    v712 = symbol_value.i64 gv30
    v713 = symbol_value.i64 gv31
    v714 = symbol_value.i64 gv32
    v715 = iconst.i64 40
    v716 = iconst.i64 0
    v717 = iconst.i64 3
    v718 = call fn326(v712, v713, v714, v715, v698, v709, v193, v716, v716, v716, v717)  ; v715 = 40, v716 = 0, v716 = 0, v716 = 0, v717 = 3
    call fn327(v709)
    v719 = iconst.i64 0
    v720 = iconst.i64 0
    v721 = symbol_value.i64 gv33
    v722 = symbol_value.i64 gv34
    v723 = symbol_value.i64 gv35
    v724 = iconst.i64 31
    v725 = iconst.i64 0
    v726 = iconst.i64 4
    v727 = call fn328(v721, v722, v723, v724, v702, v698, v718, v604, v725, v725, v726)  ; v724 = 31, v725 = 0, v725 = 0, v726 = 4
    call fn329(v604)
    v728 = iconst.i64 0
    v729 = iconst.i64 0
    call fn330(v698)
    v730 = iconst.i64 0
    v731 = iconst.i64 0
    call fn331(v702)
    v732 = iconst.i64 0
    v733 = iconst.i64 0
    call fn332(v718)
    v734 = iconst.i64 0
    v735 = iconst.i64 0
    v736 = iconst.i8 0
    v737 = call fn333(v193, v193, v736)  ; v736 = 0
    v738 = call fn334(v737)
    v739 = iconst.i64 1
    v740 = isub v738, v739  ; v739 = 1
    v741 = iconst.i64 1
    v742 = call fn335(v737, v740, v741)  ; v741 = 1
    call fn336(v737)
    v743 = iconst.i64 0
    v744 = iconst.i64 0
    v745 = f64const 0x1.4f8b588e368f1p-17
    v746 = iconst.i64 0
    v747 = call fn337(v742, v745, v746)  ; v745 = 0x1.4f8b588e368f1p-17, v746 = 0
    call fn338(v742)
    v748 = iconst.i64 0
    v749 = iconst.i64 0
    v750 = call fn339(v747)
    call fn340(v747)
    v751 = iconst.i64 0
    v752 = iconst.i64 0
    v753 = symbol_value.i64 gv36
    v754 = symbol_value.i64 gv37
    v755 = symbol_value.i64 gv38
    v756 = iconst.i64 22
    v757 = iconst.i64 0
    v758 = iconst.i64 3
    v759 = call fn341(v753, v754, v755, v756, v193, v750, v657, v757, v757, v757, v758)  ; v756 = 22, v757 = 0, v757 = 0, v757 = 0, v758 = 3
    call fn342(v657)
    v760 = iconst.i64 0
    v761 = iconst.i64 0
    call fn343(v750)
    v762 = iconst.i64 0
    v763 = iconst.i64 0
    v764 = call fn344(v759, v152)
    v765 = iconst.i64 1
    v766 = call fn345(v91, v765)  ; v765 = 1
    v767 = call fn346(v764, v766)
    v768 = f64const 0x1.0000000000000p-1
    call fn347(v766, v767, v768)  ; v768 = 0x1.0000000000000p-1
    v769 = iconst.i64 0
    call fn348(v767)
    v770 = iconst.i64 0
    call fn349(v764)
    v771 = iconst.i64 0
    call fn350(v759)
    v772 = iconst.i64 0
    v773 = call fn351(v187)
    v774 = call fn352(v727, v773)
    call fn353(v727)
    v775 = iconst.i64 0
    v776 = iconst.i64 0
    v777 = call fn354(v774, v186, v148)
    call fn355(v774)
    v778 = iconst.i64 0
    v779 = iconst.i64 0
    v780 = iconst.i8 0
    v781 = call fn356(v345, v777, v780)  ; v780 = 0
    v782 = iconst.i64 0
    v783 = call fn357(v91, v782)  ; v782 = 0
    v784 = call fn358(v781, v783)
    v785 = f64const 0x1.0000000000000p-1
    call fn359(v783, v784, v785)  ; v785 = 0x1.0000000000000p-1
    v786 = iconst.i64 0
    call fn360(v784)
    v787 = iconst.i64 0
    call fn361(v781)
    v788 = iconst.i64 0
    v789 = iconst.i64 0
    call fn362(v284)
    v790 = iconst.i64 0
    call fn363(v317)
    v791 = iconst.i64 0
    call fn364(v345)
    v792 = iconst.i64 0
    call fn365(v773)
    v793 = iconst.i64 0
    call fn366(v777)
    v794 = iconst.i64 0
    call fn367(v178)
    v795 = iconst.i64 0
    call fn368(v184)
    v796 = iconst.i64 0
    call fn369(v186)
    v797 = iconst.i64 0
    call fn370(v187)
    v798 = iconst.i64 0
    call fn371(v189)
    v799 = iconst.i64 0
    call fn372(v193)
    v800 = iconst.i64 0
    call fn373(v204)
    v801 = iconst.i64 0
    call fn374(v221)
    v802 = iconst.i64 0
    call fn375(v232)
    v803 = iconst.i64 0
    call fn376(v235)
    v804 = iconst.i64 0
    call fn377(v237)
    v805 = iconst.i64 0
    call fn378(v238)
    v806 = iconst.i64 0
    call fn379(v246)
    v807 = iconst.i64 0
    call fn380(v249)
    v808 = iconst.i64 0
    call fn381(v257)
    v809 = iconst.i64 0
    call fn382(v259)
    v810 = iconst.i64 0
    call fn383(v262)
    v811 = iconst.i64 0
    call fn384(v265)
    v812 = iconst.i64 0
    call fn385(v266)
    v813 = iconst.i64 0
    v814 = iconst.i8 0
    call fn386(v814)  ; v814 = 0
    v815 = iconst.i64 0
    v816 = iconst.i64 1
    v817 = iadd.i64 v136, v816  ; v816 = 1
    v818 = iconst.i64 2
    v819 = srem v817, v818  ; v818 = 2
    v820 = iconst.i64 0
    v821 = icmp eq v819, v820  ; v820 = 0
    brif v821, block17, block18

block17:
    v824 = f64const 0.0
    v825 = f64const 0.0
    v826 = f64const 0x1.47ae147ae147bp-7
    v827 = iconst.i8 0
    v828 = f64const 0x1.ccccccccccccdp-1
    v829 = f64const 0x1.e666666666666p-1
    v830 = f64const 0x1.5798ee2308c3ap-27
    v831 = iconst.i64 1
    v832 = iadd.i64 v136, v831  ; v831 = 1
    v833 = iconst.i64 2
    v834 = sdiv v832, v833  ; v833 = 2
    v835 = f64const 0x1.ccccccccccccdp-1
    v836 = f64const 0x1.e666666666666p-1
    v837 = call fn387(v835, v834)  ; v835 = 0x1.ccccccccccccdp-1
    v838 = call fn388(v836, v834)  ; v836 = 0x1.e666666666666p-1
    v839 = iconst.i64 0
    v840 = iconst.i64 0
    v841 = f64const 0x1.0000000000000p0
    v842 = f64const 0x1.ccccccccccccdp-1
    v843 = f64const 0x1.9999999999998p-4
    v844 = f64const 0x1.e666666666666p-1
    v845 = f64const 0x1.99999999999a0p-5
    v846 = f64const 0x1.5798ee2308c3ap-27
    v847 = f64const 0x1.47ae147ae147bp-7
    call fn389(v32, v69, v70, v91, v823, v842, v843, v844, v845, v846, v847, v837, v838, v839, v840, v841)  ; v823 = 0x1.0624dd2f1a9fcp-9, v842 = 0x1.ccccccccccccdp-1, v843 = 0x1.9999999999998p-4, v844 = 0x1.e666666666666p-1, v845 = 0x1.99999999999a0p-5, v846 = 0x1.5798ee2308c3ap-27, v847 = 0x1.47ae147ae147bp-7, v839 = 0, v840 = 0, v841 = 0x1.0000000000000p0
    v848 = iconst.i64 0
    jump block18

block18:
    v850 = iconst.i64 1
    v851 = iadd.i64 v137, v850  ; v850 = 1
    call fn390(v269)
    v852 = iconst.i64 0
    call fn391(v269)
    v853 = iconst.i64 0
    v854 = iconst.i64 0
    call fn392(v110)
    v856 = iconst.i64 0
    v857 = iconst.i64 0
    call fn393()
    v858 = iconst.i64 0
    call fn394(v29)
    v859 = iconst.i64 0
    call fn395()
    v860 = iconst.i64 0
    call fn396(v851)
    v861 = iconst.i64 0
    call fn397(v851)
    v862 = iconst.i64 0
    jump block12(v851)

block11:
    jump block9

block9:
    v875 = iconst.i64 1
    v876 = iadd.i64 v105, v875  ; v875 = 1
    jump block7(v876, v137)

block10:
    call fn398(v32)
    v885 = iconst.i64 0
    v886 = iconst.i64 0
    jump block19(v886)  ; v886 = 0

block19(v887: i64):
    v888 = icmp slt v887, v68  ; v68 = 8
    brif v888, block20, block21

block20:
    v889 = call fn399(v69, v887)
    call fn400(v889)
    v890 = iconst.i64 0
    v891 = call fn401(v70, v887)
    call fn402(v891)
    v892 = iconst.i64 0
    v893 = iconst.i64 1
    v894 = iadd.i64 v887, v893  ; v893 = 1
    jump block19(v894)

block21:
    call fn403(v69)
    v895 = iconst.i64 0
    call fn404(v70)
    v896 = iconst.i64 0
    v897 = iconst.i64 0
    jump block22(v897)  ; v897 = 0

block22(v898: i64):
    v899 = icmp slt v898, v68  ; v68 = 8
    brif v899, block23, block24

block23:
    v900 = call fn405(v91, v898)
    call fn406(v900)
    v901 = iconst.i64 0
    v902 = iconst.i64 1
    v903 = iadd.i64 v898, v902  ; v902 = 1
    jump block22(v903)

block24:
    call fn407(v91)
    v904 = iconst.i64 0
    v907 = load.i64 notrap aligned v13+24
    v908 = call fn408(v907)
    call fn409(v908)
    v909 = iconst.i64 0
    call fn410(v908)
    v910 = iconst.i64 0
    call fn411(v26)
    v911 = iconst.i64 0
    call fn412(v26)
    v912 = iconst.i64 0
    call fn413(v18)
    v915 = iconst.i64 0
    v916 = iconst.i32 0
    return v916  ; v916 = 0
}
