---
source: crates/nsl-codegen/tests/train_clif_snapshots.rs
expression: render(&first)
---
--- IR: model ctor 'Mlp' ---
function <model ctor 'Mlp'>() -> i64 <callconv> {
    sig0 = (i64) -> i64 <callconv>
    sig1 = () -> i64 <callconv>
    sig2 = (i64, i64) <callconv>
    sig3 = (i64) -> i64 <callconv>
    sig4 = () -> i64 <callconv>
    sig5 = (i64, i64) <callconv>
    sig6 = (i64) -> i64 <callconv>
    sig7 = () -> i64 <callconv>
    sig8 = (i64, i64) <callconv>
    sig9 = (i64) -> i64 <callconv>
    fn0 = nsl_alloc sig0
    fn1 = nsl_list_new sig1
    fn2 = nsl_list_push sig2
    fn3 = nsl_tensor_ones sig3
    fn4 = nsl_list_new sig4
    fn5 = nsl_list_push sig5
    fn6 = nsl_tensor_zeros sig6
    fn7 = nsl_list_new sig7
    fn8 = nsl_list_push sig8
    fn9 = nsl_tensor_ones sig9

block0:
    v0 = iconst.i64 24
    v1 = call fn0(v0)  ; v0 = 24
    v2 = call fn1()
    v3 = iconst.i64 4
    call fn2(v2, v3)  ; v3 = 4
    v4 = iconst.i64 8
    call fn2(v2, v4)  ; v4 = 8
    v5 = call fn3(v2)
    store notrap aligned v5, v1
    v6 = call fn4()
    v7 = iconst.i64 8
    call fn5(v6, v7)  ; v7 = 8
    v8 = call fn6(v6)
    store notrap aligned v8, v1+8
    v9 = call fn7()
    v10 = iconst.i64 8
    call fn8(v9, v10)  ; v10 = 8
    v11 = iconst.i64 2
    call fn8(v9, v11)  ; v11 = 2
    v12 = call fn9(v9)
    store notrap aligned v12, v1+16
    return v1
}

--- IR: model method '__nsl_model_Mlp_forward' ---
function <model method '__nsl_model_Mlp_forward'>(i64, i64) -> i64 <callconv> {
    sig0 = (i64, i64, i8) -> i64 <callconv>
    sig1 = (i64, i64, i8) -> i64 <callconv>
    sig2 = (i64) -> i64 <callconv>
    sig3 = (i64) <callconv>
    sig4 = (i64) <callconv>
    sig5 = (i64, i64, i8) -> i64 <callconv>
    sig6 = (i64) <callconv>
    fn0 = nsl_tensor_matmul sig0
    fn1 = nsl_tensor_add sig1
    fn2 = nsl_tensor_silu sig2
    fn3 = nsl_tensor_free sig3
    fn4 = nsl_tensor_free sig4
    fn5 = nsl_tensor_matmul sig5
    fn6 = nsl_tensor_free_if_valid sig6

block0(v0: i64, v1: i64):
    v2 = load.i64 notrap aligned v0
    v3 = iconst.i8 0
    v4 = call fn0(v1, v2, v3)  ; v3 = 0
    v5 = load.i64 notrap aligned v0+8
    v6 = iconst.i8 0
    v7 = call fn1(v4, v5, v6)  ; v6 = 0
    v8 = call fn2(v7)
    call fn3(v4)
    v9 = iconst.i64 0
    call fn4(v7)
    v10 = iconst.i64 0
    v11 = load.i64 notrap aligned v0+16
    v12 = iconst.i8 0
    v13 = call fn5(v8, v11, v12)  ; v12 = 0
    call fn6(v8)
    v14 = iconst.i64 0
    return v13
}

--- IR: main ---
function <main>(i32, i64) -> i32 <callconv> {
    gv0 = symbol colocated .str.1
    gv1 = symbol colocated .str.2
    sig0 = (i32, i64) <callconv>
    sig1 = (i64, i64) -> i64 <callconv>
    sig2 = (i64, i64, f64, i64, i64, i64, i64) -> i64 <callconv>
    sig3 = () -> i64 <callconv>
    sig4 = () -> i64 <callconv>
    sig5 = (i64, i64) <callconv>
    sig6 = (i64) -> i64 <callconv>
    sig7 = () -> i64 <callconv>
    sig8 = (i64, i64) <callconv>
    sig9 = (i64) -> i64 <callconv>
    sig10 = (i64) <callconv>
    sig11 = () <callconv>
    sig12 = () -> i8 <callconv>
    sig13 = (i8) <callconv>
    sig14 = () -> i64 <callconv>
    sig15 = (i64, i64) <callconv>
    sig16 = (i64, i64) <callconv>
    sig17 = (i64, i64) <callconv>
    sig18 = (i8) <callconv>
    sig19 = () -> i64 <callconv>
    sig20 = () -> i64 <callconv>
    sig21 = (i64, i64) -> i64 <callconv>
    sig22 = (i8) <callconv>
    sig23 = (i64) -> i64 <callconv>
    sig24 = (i64, i64) <callconv>
    sig25 = (i8) <callconv>
    sig26 = (i64) -> i64 <callconv>
    sig27 = (i64, i64) <callconv>
    sig28 = (i8) <callconv>
    sig29 = (i64, i64) -> i64 <callconv>
    sig30 = () -> i64 <callconv>
    sig31 = (i8) <callconv>
    sig32 = (i64, i64) -> i64 <callconv>
    sig33 = (i64) -> i64 <callconv>
    sig34 = (i64, i64) <callconv>
    sig35 = (i8) <callconv>
    sig36 = () <callconv>
    sig37 = (i8) <callconv>
    sig38 = (i64) <callconv>
    sig39 = (i8) <callconv>
    sig40 = (i64, i64) <callconv>
    sig41 = (i64, i64) <callconv>
    sig42 = (i64) <callconv>
    sig43 = (i64) <callconv>
    sig44 = (i64, i64, i8) -> i64 <callconv>
    sig45 = (i64, i64, i8) -> i64 <callconv>
    sig46 = (i64) -> i64 <callconv>
    sig47 = (i64, i64, i8) -> i64 <callconv>
    sig48 = (i64, i64, i8) -> i64 <callconv>
    sig49 = (i64, i64, i8) -> i64 <callconv>
    sig50 = (i64, i64, i64) -> i64 <callconv>
    sig51 = (i64) <callconv>
    sig52 = (i64) <callconv>
    sig53 = (i64) <callconv>
    sig54 = (f64, i64) -> i64 <callconv>
    sig55 = (i64) -> i64 <callconv>
    sig56 = (i64) -> i64 <callconv>
    sig57 = (i64, f64, i8) -> i64 <callconv>
    sig58 = (i64) -> i64 <callconv>
    sig59 = (i64, i64) -> i64 <callconv>
    sig60 = (i64) -> i64 <callconv>
    sig61 = (i64, i64, i8) -> i64 <callconv>
    sig62 = (i64, i64) -> i64 <callconv>
    sig63 = (i64, i64, i8) -> i64 <callconv>
    sig64 = (i64, i64) -> i64 <callconv>
    sig65 = (i64, i64, i8) -> i64 <callconv>
    sig66 = (i64, i64) -> i64 <callconv>
    sig67 = (i64, i64, i64) -> i64 <callconv>
    sig68 = (i64, i64, i8) -> i64 <callconv>
    sig69 = (i64, i64) -> i64 <callconv>
    sig70 = (i64, i64, i64) -> i64 <callconv>
    sig71 = (i64, i64, i8) -> i64 <callconv>
    sig72 = (i64, i64) -> i64 <callconv>
    sig73 = (i64, i64) -> i64 <callconv>
    sig74 = (i64, i64) -> i64 <callconv>
    sig75 = (i64, i64, f64) <callconv>
    sig76 = (i64) <callconv>
    sig77 = (i64) <callconv>
    sig78 = (i64) <callconv>
    sig79 = (i64, i64) -> i64 <callconv>
    sig80 = (i64, i64) -> i64 <callconv>
    sig81 = (i64, i64) -> i64 <callconv>
    sig82 = (i64, i64) -> i64 <callconv>
    sig83 = (i64, i64) -> i64 <callconv>
    sig84 = (i64, i64, f64) <callconv>
    sig85 = (i64) <callconv>
    sig86 = (i64) <callconv>
    sig87 = (i64) <callconv>
    sig88 = (i64, i64, i64) -> i64 <callconv>
    sig89 = (i64, i64, i8) -> i64 <callconv>
    sig90 = (i64, i64) -> i64 <callconv>
    sig91 = (i64, i64) -> i64 <callconv>
    sig92 = (i64, i64) -> i64 <callconv>
    sig93 = (i64, i64, f64) <callconv>
    sig94 = (i64) <callconv>
    sig95 = (i64) <callconv>
    sig96 = (i64) <callconv>
    sig97 = (i64) <callconv>
    sig98 = (i64) <callconv>
    sig99 = (i64) <callconv>
    sig100 = (i64) <callconv>
    sig101 = (i64) <callconv>
    sig102 = (i64) <callconv>
    sig103 = (i64) <callconv>
    sig104 = (i64) <callconv>
    sig105 = (i64) <callconv>
    sig106 = (i64) <callconv>
    sig107 = (i64) <callconv>
    sig108 = (i64) <callconv>
    sig109 = (i64) <callconv>
    sig110 = (i64) <callconv>
    sig111 = (i64) <callconv>
    sig112 = (i64) <callconv>
    sig113 = (i64) <callconv>
    sig114 = (i64) <callconv>
    sig115 = (i64) <callconv>
    sig116 = (i64) <callconv>
    sig117 = (i64) <callconv>
    sig118 = (i64) <callconv>
    sig119 = (i64) <callconv>
    sig120 = (i8) <callconv>
    sig121 = (f64, i64) -> f64 <callconv>
    sig122 = (f64, i64) -> f64 <callconv>
    sig123 = (i64) -> f64 <callconv>
    sig124 = (i64, i64, i64, i64, f64, f64, f64, f64, f64, f64, f64, f64, f64, i64, i64, f64) <callconv>
    sig125 = (f64, f64, f64, f64, f64) -> f64 <callconv>
    sig126 = (i64) <callconv>
    sig127 = (i64) <callconv>
    sig128 = (i64) -> i64 <callconv>
    sig129 = (i64) <callconv>
    sig130 = () <callconv>
    sig131 = (i8) <callconv>
    sig132 = () <callconv>
    sig133 = (i64) <callconv>
    sig134 = (i64) <callconv>
    sig135 = (i64) <callconv>
    sig136 = (i64) <callconv>
    sig137 = (i64) <callconv>
    sig138 = (i64, i64) -> i64 <callconv>
    sig139 = (i64) <callconv>
    sig140 = (i64, i64) -> i64 <callconv>
    sig141 = (i64) <callconv>
    sig142 = (i64) <callconv>
    sig143 = (i64) <callconv>
    sig144 = (i64, i64) -> i64 <callconv>
    sig145 = (i64) <callconv>
    sig146 = (i64) <callconv>
    sig147 = () <callconv>
    sig148 = (i64) -> i64 <callconv>
    sig149 = (i64) <callconv>
    sig150 = (i64) <callconv>
    sig151 = (i64) <callconv>
    sig152 = (i64) <callconv>
    fn0 = nsl_args_init sig0
    fn1 = nsl_set_exec_fingerprint sig1
    fn2 = nsl_set_matmul_config sig2
    fn3 = colocated __nsl_model_Mlp sig3
    fn4 = nsl_list_new sig4
    fn5 = nsl_list_push sig5
    fn6 = nsl_tensor_ones sig6
    fn7 = nsl_list_new sig7
    fn8 = nsl_list_push sig8
    fn9 = nsl_tensor_zeros sig9
    fn10 = nsl_cuda_graphs_enable sig10
    fn11 = nsl_gpu_set_persistent_pool sig11
    fn12 = nsl_gpu_get_alloc_surface sig12
    fn13 = nsl_gpu_set_alloc_surface sig13
    fn14 = nsl_list_new sig14
    fn15 = nsl_list_push sig15
    fn16 = nsl_list_push sig16
    fn17 = nsl_list_push sig17
    fn18 = nsl_gpu_set_alloc_surface sig18
    fn19 = nsl_list_new sig19
    fn20 = nsl_list_new sig20
    fn21 = nsl_list_get sig21
    fn22 = nsl_gpu_set_alloc_surface sig22
    fn23 = nsl_tensor_zeros_like sig23
    fn24 = nsl_list_push sig24
    fn25 = nsl_gpu_set_alloc_surface sig25
    fn26 = nsl_tensor_zeros_like sig26
    fn27 = nsl_list_push sig27
    fn28 = nsl_gpu_set_alloc_surface sig28
    fn29 = nsl_set_train_config_record sig29
    fn30 = nsl_list_new sig30
    fn31 = nsl_gpu_set_alloc_surface sig31
    fn32 = nsl_list_get sig32
    fn33 = nsl_tensor_zeros_like sig33
    fn34 = nsl_list_push sig34
    fn35 = nsl_gpu_set_alloc_surface sig35
    fn36 = nsl_gpu_set_transient_pool sig36
    fn37 = nsl_gpu_set_alloc_surface sig37
    fn38 = nsl_debug_gpu_mem sig38
    fn39 = nsl_set_training_mode sig39
    fn40 = nsl_train_input_device_guard sig40
    fn41 = nsl_train_input_device_guard sig41
    fn42 = nsl_set_inplace_suppressed sig42
    fn43 = nsl_cuda_graph_region_begin sig43
    fn44 = nsl_tensor_matmul sig44
    fn45 = nsl_tensor_add sig45
    fn46 = nsl_tensor_silu sig46
    fn47 = nsl_tensor_matmul sig47
    fn48 = nsl_tensor_sub sig48
    fn49 = nsl_tensor_mul sig49
    fn50 = nsl_tensor_mean_dim sig50
    fn51 = nsl_cuda_graph_region_end sig51
    fn52 = nsl_set_inplace_suppressed sig52
    fn53 = nsl_cuda_graph_region_begin sig53
    fn54 = nsl_tensor_scalar sig54
    fn55 = nsl_tensor_len sig55
    fn56 = nsl_tensor_len sig56
    fn57 = nsl_tensor_mul_scalar sig57
    fn58 = nsl_tensor_shape sig58
    fn59 = nsl_tensor_expand sig59
    fn60 = nsl_tensor_contiguous sig60
    fn61 = nsl_tensor_mul sig61
    fn62 = nsl_tensor_reduce_to_shape sig62
    fn63 = nsl_tensor_mul sig63
    fn64 = nsl_tensor_reduce_to_shape sig64
    fn65 = nsl_tensor_add sig65
    fn66 = nsl_tensor_reduce_to_shape sig66
    fn67 = nsl_tensor_transpose sig67
    fn68 = nsl_tensor_matmul sig68
    fn69 = nsl_tensor_reduce_to_shape sig69
    fn70 = nsl_tensor_transpose sig70
    fn71 = nsl_tensor_matmul sig71
    fn72 = nsl_tensor_reduce_to_shape sig72
    fn73 = nsl_list_get sig73
    fn74 = nsl_grad_migrate_like sig74
    fn75 = nsl_tensor_scalar_mul_add_inplace sig75
    fn76 = nsl_tensor_free sig76
    fn77 = nsl_tensor_free sig77
    fn78 = nsl_tensor_free sig78
    fn79 = nsl_tensor_silu_backward sig79
    fn80 = nsl_tensor_reduce_to_shape sig80
    fn81 = nsl_tensor_reduce_to_shape sig81
    fn82 = nsl_list_get sig82
    fn83 = nsl_grad_migrate_like sig83
    fn84 = nsl_tensor_scalar_mul_add_inplace sig84
    fn85 = nsl_tensor_free sig85
    fn86 = nsl_tensor_free sig86
    fn87 = nsl_tensor_free sig87
    fn88 = nsl_tensor_transpose sig88
    fn89 = nsl_tensor_matmul sig89
    fn90 = nsl_tensor_reduce_to_shape sig90
    fn91 = nsl_list_get sig91
    fn92 = nsl_grad_migrate_like sig92
    fn93 = nsl_tensor_scalar_mul_add_inplace sig93
    fn94 = nsl_tensor_free sig94
    fn95 = nsl_tensor_free sig95
    fn96 = nsl_tensor_free sig96
    fn97 = nsl_cuda_graph_region_end sig97
    fn98 = nsl_tensor_free sig98
    fn99 = nsl_list_free sig99
    fn100 = nsl_tensor_free sig100
    fn101 = nsl_tensor_free sig101
    fn102 = nsl_tensor_free sig102
    fn103 = nsl_tensor_free sig103
    fn104 = nsl_tensor_free sig104
    fn105 = nsl_tensor_free sig105
    fn106 = nsl_tensor_free sig106
    fn107 = nsl_tensor_free sig107
    fn108 = nsl_tensor_free sig108
    fn109 = nsl_tensor_free sig109
    fn110 = nsl_tensor_free sig110
    fn111 = nsl_tensor_free sig111
    fn112 = nsl_tensor_free sig112
    fn113 = nsl_tensor_free sig113
    fn114 = nsl_tensor_free sig114
    fn115 = nsl_tensor_free sig115
    fn116 = nsl_tensor_free sig116
    fn117 = nsl_tensor_free sig117
    fn118 = nsl_tensor_free sig118
    fn119 = nsl_tensor_free sig119
    fn120 = nsl_set_training_mode sig120
    fn121 = nsl_bias_correction_inv sig121
    fn122 = nsl_bias_correction_inv sig122
    fn123 = nsl_fase_sum_sq_list sig123
    fn124 = nsl_fase_fused_adamw_step_multi sig124
    fn125 = nsl_optim_schedulers__warmup_cosine sig125
    fn126 = nsl_tensor_print sig126
    fn127 = nsl_tensor_free_if_valid sig127
    fn128 = nsl_tensor_clone sig128
    fn129 = nsl_tensor_free sig129
    fn130 = nsl_gpu_set_persistent_pool sig130
    fn131 = nsl_gpu_set_alloc_surface sig131
    fn132 = nsl_gpu_drain_cache sig132
    fn133 = nsl_debug_gpu_mem sig133
    fn134 = nsl_debug_gpu_alloc_summary sig134
    fn135 = nsl_print_int sig135
    fn136 = nsl_tensor_free_if_valid sig136
    fn137 = nsl_list_free sig137
    fn138 = nsl_list_get sig138
    fn139 = nsl_tensor_free sig139
    fn140 = nsl_list_get sig140
    fn141 = nsl_tensor_free sig141
    fn142 = nsl_list_free sig142
    fn143 = nsl_list_free sig143
    fn144 = nsl_list_get sig144
    fn145 = nsl_tensor_free sig145
    fn146 = nsl_list_free sig146
    fn147 = nsl_cuda_graphs_report sig147
    fn148 = nsl_tensor_sum sig148
    fn149 = nsl_tensor_print sig149
    fn150 = nsl_tensor_free sig150
    fn151 = nsl_tensor_free_if_valid sig151
    fn152 = nsl_tensor_free_if_valid sig152

block0(v0: i32, v1: i64):
    call fn0(v0, v1)
    v2 = symbol_value.i64 gv0
    v3 = iconst.i64 296
    v4 = call fn1(v2, v3)  ; v3 = 296
    v5 = iconst.i64 0
    v6 = iconst.i64 0
    v7 = f64const 0x1.0000000000000p9
    v8 = iconst.i64 1
    v9 = iconst.i64 0
    v10 = iconst.i64 64
    v11 = iconst.i64 1
    v12 = call fn2(v5, v6, v7, v8, v9, v10, v11)  ; v5 = 0, v6 = 0, v7 = 0x1.0000000000000p9, v8 = 1, v9 = 0, v10 = 64, v11 = 1
    v13 = call fn3()
    v85 -> v13
    v278 -> v13
    v279 -> v13
    v309 -> v13
    v310 -> v13
    v280 -> v85
    v14 = call fn4()
    v15 = iconst.i64 4
    call fn5(v14, v15)  ; v15 = 4
    v16 = iconst.i64 4
    call fn5(v14, v16)  ; v16 = 4
    v17 = call fn6(v14)
    v86 -> v17
    v281 -> v17
    v282 -> v17
    v315 -> v17
    v316 -> v17
    v283 -> v86
    v18 = call fn7()
    v19 = iconst.i64 4
    call fn8(v18, v19)  ; v19 = 4
    v20 = iconst.i64 2
    call fn8(v18, v20)  ; v20 = 2
    v21 = call fn9(v18)
    v87 -> v21
    v284 -> v21
    v285 -> v21
    v318 -> v21
    v319 -> v21
    v286 -> v87
    v22 = iconst.i64 2
    call fn10(v22)  ; v22 = 2
    v23 = iconst.i64 0
    call fn11()
    v24 = iconst.i64 0
    v25 = call fn12()
    v26 = iconst.i8 1
    call fn13(v26)  ; v26 = 1
    v27 = iconst.i64 0
    v28 = call fn14()
    v29 = load.i64 notrap aligned v13
    call fn15(v28, v29)
    v30 = iconst.i64 0
    v31 = load.i64 notrap aligned v13+8
    call fn16(v28, v31)
    v32 = iconst.i64 0
    v33 = load.i64 notrap aligned v13+16
    call fn17(v28, v33)
    v34 = iconst.i64 0
    call fn18(v25)
    v35 = iconst.i64 0
    v36 = iconst.i64 3
    v37 = call fn19()
    v38 = call fn20()
    v39 = iconst.i64 0
    jump block1(v39)  ; v39 = 0

block1(v40: i64):
    v41 = icmp slt v40, v36  ; v36 = 3
    brif v41, block2, block3

block2:
    v42 = call fn21(v28, v40)
    v43 = iconst.i8 2
    call fn22(v43)  ; v43 = 2
    v44 = iconst.i64 0
    v45 = call fn23(v42)
    call fn24(v37, v45)
    v46 = iconst.i64 0
    v47 = iconst.i8 3
    call fn25(v47)  ; v47 = 3
    v48 = iconst.i64 0
    v49 = call fn26(v42)
    call fn27(v38, v49)
    v50 = iconst.i64 0
    v51 = iconst.i64 1
    v52 = iadd.i64 v40, v51  ; v51 = 1
    jump block1(v52)

block3:
    call fn28(v25)
    v53 = iconst.i64 0
    v54 = f64const 0x1.47ae147ae147bp-7
    v287 -> v54
    v55 = iconst.i64 0
    v277 -> v55
    v56 = symbol_value.i64 gv1
    v57 = iconst.i64 192
    v58 = call fn29(v56, v57)  ; v57 = 192
    v59 = iconst.i64 0
    v60 = call fn30()
    v61 = iconst.i8 4
    call fn31(v61)  ; v61 = 4
    v62 = iconst.i64 0
    v63 = iconst.i64 0
    jump block4(v63)  ; v63 = 0

block4(v64: i64):
    v65 = icmp slt v64, v36  ; v36 = 3
    brif v65, block5, block6

block5:
    v66 = call fn32(v28, v64)
    v67 = call fn33(v66)
    call fn34(v60, v67)
    v68 = iconst.i64 0
    v69 = iconst.i64 1
    v70 = iadd.i64 v64, v69  ; v69 = 1
    jump block4(v70)

block6:
    call fn35(v25)
    v71 = iconst.i64 0
    v72 = iconst.i64 0
    v73 = iconst.i64 2
    jump block7(v72, v55, v54)  ; v72 = 0, v55 = 0, v54 = 0x1.47ae147ae147bp-7

block7(v74: i64, v81: i64, v217: f64):
    v271 -> v74
    v252 -> v81
    v75 = icmp slt v74, v73  ; v73 = 2
    brif v75, block8, block10

block8:
    v76 = iconst.i64 0
    v77 = iconst.i64 0
    v261 -> v77
    call fn36()
    v78 = iconst.i64 0
    v79 = iconst.i8 6
    call fn37(v79)  ; v79 = 6
    v80 = iconst.i64 0
    call fn38(v81)
    v82 = iconst.i64 0
    v83 = iconst.i8 1
    call fn39(v83)  ; v83 = 1
    v84 = iconst.i64 0
    call fn40(v86, v28)
    v88 = iconst.i64 0
    call fn41(v87, v28)
    v89 = iconst.i64 0
    v90 = load.i64 notrap aligned v13
    v91 = load.i64 notrap aligned v13+8
    v92 = load.i64 notrap aligned v13+16
    v93 = iconst.i64 1
    call fn42(v93)  ; v93 = 1
    v94 = iconst.i64 0
    v95 = iconst.i64 0
    call fn43(v95)  ; v95 = 0
    v96 = iconst.i64 0
    v97 = iconst.i8 0
    v98 = call fn44(v86, v90, v97)  ; v97 = 0
    v99 = iconst.i8 0
    v100 = call fn45(v98, v91, v99)  ; v99 = 0
    v101 = call fn46(v100)
    v102 = iconst.i8 0
    v103 = call fn47(v101, v92, v102)  ; v102 = 0
    v104 = iconst.i8 0
    v105 = call fn48(v103, v87, v104)  ; v104 = 0
    v106 = iconst.i8 0
    v107 = call fn49(v105, v105, v106)  ; v106 = 0
    v108 = iconst.i64 -1
    v109 = iconst.i64 0
    v110 = call fn50(v107, v108, v109)  ; v108 = -1, v109 = 0
    v111 = iconst.i64 0
    call fn51(v111)  ; v111 = 0
    v112 = iconst.i64 0
    v113 = iconst.i64 0
    call fn52(v113)  ; v113 = 0
    v114 = iconst.i64 0
    v115 = iconst.i64 1
    call fn53(v115)  ; v115 = 1
    v116 = iconst.i64 0
    v117 = f64const 0x1.0000000000000p0
    v118 = iconst.i64 1
    v119 = call fn54(v117, v118)  ; v117 = 0x1.0000000000000p0, v118 = 1
    v120 = call fn55(v110)
    v121 = call fn56(v107)
    v122 = fcvt_from_sint.f64 v120
    v123 = fcvt_from_sint.f64 v121
    v124 = fdiv v122, v123
    v125 = iconst.i8 0
    v126 = call fn57(v119, v124, v125)  ; v125 = 0
    v127 = call fn58(v107)
    v128 = call fn59(v126, v127)
    v129 = call fn60(v128)
    v130 = iconst.i8 0
    v131 = call fn61(v129, v105, v130)  ; v130 = 0
    v132 = call fn62(v131, v105)
    v133 = iconst.i8 0
    v134 = call fn63(v129, v105, v133)  ; v133 = 0
    v135 = call fn64(v134, v105)
    v136 = iconst.i8 0
    v137 = call fn65(v132, v135, v136)  ; v136 = 0
    v138 = call fn66(v137, v103)
    v139 = iconst.i64 -2
    v140 = iconst.i64 -1
    v141 = call fn67(v92, v139, v140)  ; v139 = -2, v140 = -1
    v142 = iconst.i8 0
    v143 = call fn68(v138, v141, v142)  ; v142 = 0
    v144 = call fn69(v143, v101)
    v145 = iconst.i64 -2
    v146 = iconst.i64 -1
    v147 = call fn70(v101, v145, v146)  ; v145 = -2, v146 = -1
    v148 = iconst.i8 0
    v149 = call fn71(v147, v138, v148)  ; v148 = 0
    v150 = call fn72(v149, v92)
    v151 = iconst.i64 2
    v152 = call fn73(v60, v151)  ; v151 = 2
    v153 = call fn74(v150, v152)
    v154 = f64const 0x1.0000000000000p-1
    call fn75(v152, v153, v154)  ; v154 = 0x1.0000000000000p-1
    v155 = iconst.i64 0
    call fn76(v153)
    v156 = iconst.i64 0
    call fn77(v150)
    v157 = iconst.i64 0
    call fn78(v149)
    v158 = iconst.i64 0
    v159 = call fn79(v144, v100)
    v160 = call fn80(v159, v98)
    v161 = call fn81(v159, v91)
    v162 = iconst.i64 1
    v163 = call fn82(v60, v162)  ; v162 = 1
    v164 = call fn83(v161, v163)
    v165 = f64const 0x1.0000000000000p-1
    call fn84(v163, v164, v165)  ; v165 = 0x1.0000000000000p-1
    v166 = iconst.i64 0
    call fn85(v164)
    v167 = iconst.i64 0
    call fn86(v161)
    v168 = iconst.i64 0
    call fn87(v159)
    v169 = iconst.i64 0
    v170 = iconst.i64 -2
    v171 = iconst.i64 -1
    v172 = call fn88(v86, v170, v171)  ; v170 = -2, v171 = -1
    v173 = iconst.i8 0
    v174 = call fn89(v172, v160, v173)  ; v173 = 0
    v175 = call fn90(v174, v90)
    v176 = iconst.i64 0
    v177 = call fn91(v60, v176)  ; v176 = 0
    v178 = call fn92(v175, v177)
    v179 = f64const 0x1.0000000000000p-1
    call fn93(v177, v178, v179)  ; v179 = 0x1.0000000000000p-1
    v180 = iconst.i64 0
    call fn94(v178)
    v181 = iconst.i64 0
    call fn95(v175)
    v182 = iconst.i64 0
    call fn96(v174)
    v183 = iconst.i64 0
    v184 = iconst.i64 1
    call fn97(v184)  ; v184 = 1
    v185 = iconst.i64 0
    v186 = iconst.i64 0
    call fn98(v126)
    v187 = iconst.i64 0
    call fn99(v127)
    v188 = iconst.i64 0
    call fn100(v128)
    v189 = iconst.i64 0
    call fn101(v129)
    v190 = iconst.i64 0
    call fn102(v131)
    v191 = iconst.i64 0
    call fn103(v132)
    v192 = iconst.i64 0
    call fn104(v134)
    v193 = iconst.i64 0
    call fn105(v135)
    v194 = iconst.i64 0
    call fn106(v137)
    v195 = iconst.i64 0
    call fn107(v138)
    v196 = iconst.i64 0
    call fn108(v141)
    v197 = iconst.i64 0
    call fn109(v143)
    v198 = iconst.i64 0
    call fn110(v144)
    v199 = iconst.i64 0
    call fn111(v147)
    v200 = iconst.i64 0
    call fn112(v160)
    v201 = iconst.i64 0
    call fn113(v172)
    v202 = iconst.i64 0
    call fn114(v98)
    v203 = iconst.i64 0
    call fn115(v100)
    v204 = iconst.i64 0
    call fn116(v101)
    v205 = iconst.i64 0
    call fn117(v103)
    v206 = iconst.i64 0
    call fn118(v105)
    v207 = iconst.i64 0
    call fn119(v107)
    v208 = iconst.i64 0
    v209 = iconst.i8 0
    call fn120(v209)  ; v209 = 0
    v210 = iconst.i64 0
    v211 = iconst.i64 1
    v212 = iadd.i64 v81, v211  ; v211 = 1
    v213 = iconst.i64 2
    v214 = srem v212, v213  ; v213 = 2
    v215 = iconst.i64 0
    v216 = icmp eq v214, v215  ; v215 = 0
    brif v216, block12, block13

block12:
    v218 = f64const 0.0
    v219 = f64const 0.0
    v220 = f64const 0x1.47ae147ae147bp-7
    v221 = iconst.i8 0
    v222 = f64const 0x1.ccccccccccccdp-1
    v223 = f64const 0x1.ff7ced916872bp-1
    v224 = f64const 0x1.5798ee2308c3ap-27
    v225 = iconst.i64 1
    v226 = iadd.i64 v81, v225  ; v225 = 1
    v227 = iconst.i64 2
    v228 = sdiv v226, v227  ; v227 = 2
    v229 = f64const 0x1.ccccccccccccdp-1
    v230 = f64const 0x1.ff7ced916872bp-1
    v231 = call fn121(v229, v228)  ; v229 = 0x1.ccccccccccccdp-1
    v232 = call fn122(v230, v228)  ; v230 = 0x1.ff7ced916872bp-1
    v233 = f64const 0.0
    v234 = call fn123(v60)
    v235 = sqrt v234
    v236 = f64const 0x1.0c6f7a0b5ed8dp-20
    v237 = fadd v235, v236  ; v236 = 0x1.0c6f7a0b5ed8dp-20
    v238 = f64const 0x1.0000000000000p0
    v239 = fdiv v238, v237  ; v238 = 0x1.0000000000000p0
    v240 = f64const 0x1.0000000000000p0
    v241 = fmin v240, v239  ; v240 = 0x1.0000000000000p0
    v242 = iconst.i64 0
    v243 = iconst.i64 0
    v244 = f64const 0x1.ccccccccccccdp-1
    v245 = f64const 0x1.9999999999998p-4
    v246 = f64const 0x1.ff7ced916872bp-1
    v247 = f64const 0x1.0624dd2f1aa00p-10
    v248 = f64const 0x1.5798ee2308c3ap-27
    v249 = f64const 0x1.47ae147ae147bp-7
    call fn124(v28, v37, v38, v60, v217, v244, v245, v246, v247, v248, v249, v231, v232, v242, v243, v241)  ; v244 = 0x1.ccccccccccccdp-1, v245 = 0x1.9999999999998p-4, v246 = 0x1.ff7ced916872bp-1, v247 = 0x1.0624dd2f1aa00p-10, v248 = 0x1.5798ee2308c3ap-27, v249 = 0x1.47ae147ae147bp-7, v242 = 0, v243 = 0
    v250 = iconst.i64 0
    jump block13

block13:
    v251 = f64const 0x1.47ae147ae147bp-7
    v253 = fcvt_from_sint.f64 v81
    v254 = f64const 0x1.0000000000000p0
    v255 = f64const 0x1.0000000000000p2
    v256 = f64const 0x1.0624dd2f1a9fcp-10
    v257 = call fn125(v251, v253, v254, v255, v256)  ; v251 = 0x1.47ae147ae147bp-7, v254 = 0x1.0000000000000p0, v255 = 0x1.0000000000000p2, v256 = 0x1.0624dd2f1a9fcp-10
    v258 = iconst.i64 1
    v259 = iadd.i64 v252, v258  ; v258 = 1
    call fn126(v110)
    v260 = iconst.i64 0
    call fn127(v77)  ; v77 = 0
    v262 = iconst.i64 0
    v263 = call fn128(v110)
    call fn129(v110)
    v264 = iconst.i64 0
    v265 = iconst.i64 0
    call fn130()
    v266 = iconst.i64 0
    call fn131(v25)
    v267 = iconst.i64 0
    call fn132()
    v268 = iconst.i64 0
    call fn133(v259)
    v269 = iconst.i64 0
    call fn134(v259)
    v270 = iconst.i64 0
    call fn135(v74)
    v272 = iconst.i64 0
    call fn136(v263)
    v273 = iconst.i64 0
    v274 = iconst.i64 0
    jump block9

block9:
    v275 = iconst.i64 1
    v276 = iadd.i64 v271, v275  ; v275 = 1
    jump block7(v276, v259, v257)

block10:
    call fn137(v28)
    v288 = iconst.i64 0
    v289 = iconst.i64 0
    jump block14(v289)  ; v289 = 0

block14(v290: i64):
    v291 = icmp slt v290, v36  ; v36 = 3
    brif v291, block15, block16

block15:
    v292 = call fn138(v37, v290)
    call fn139(v292)
    v293 = iconst.i64 0
    v294 = call fn140(v38, v290)
    call fn141(v294)
    v295 = iconst.i64 0
    v296 = iconst.i64 1
    v297 = iadd.i64 v290, v296  ; v296 = 1
    jump block14(v297)

block16:
    call fn142(v37)
    v298 = iconst.i64 0
    call fn143(v38)
    v299 = iconst.i64 0
    v300 = iconst.i64 0
    jump block17(v300)  ; v300 = 0

block17(v301: i64):
    v302 = icmp slt v301, v36  ; v36 = 3
    brif v302, block18, block19

block18:
    v303 = call fn144(v60, v301)
    call fn145(v303)
    v304 = iconst.i64 0
    v305 = iconst.i64 1
    v306 = iadd.i64 v301, v305  ; v305 = 1
    jump block17(v306)

block19:
    call fn146(v60)
    v307 = iconst.i64 0
    call fn147()
    v308 = iconst.i64 0
    v311 = load.i64 notrap aligned v13+16
    v312 = call fn148(v311)
    call fn149(v312)
    v313 = iconst.i64 0
    call fn150(v312)
    v314 = iconst.i64 0
    call fn151(v17)
    v317 = iconst.i64 0
    call fn152(v21)
    v320 = iconst.i64 0
    v321 = iconst.i32 0
    return v321  ; v321 = 0
}
