---
source: crates/nsl-codegen/tests/train_clif_snapshots.rs
expression: render(&first)
---
--- IR: model ctor 'Mlp' ---
function <model ctor 'Mlp'>() -> i64 <callconv> {
    sig0 = (i64) -> i64 <callconv>
    sig1 = () -> i64 <callconv>
    sig2 = (i64, i64) <callconv>
    sig3 = (i64) -> i64 <callconv>
    sig4 = () -> i64 <callconv>
    sig5 = (i64, i64) <callconv>
    sig6 = (i64) -> i64 <callconv>
    sig7 = () -> i64 <callconv>
    sig8 = (i64, i64) <callconv>
    sig9 = (i64) -> i64 <callconv>
    fn0 = nsl_alloc sig0
    fn1 = nsl_list_new sig1
    fn2 = nsl_list_push sig2
    fn3 = nsl_tensor_ones sig3
    fn4 = nsl_list_new sig4
    fn5 = nsl_list_push sig5
    fn6 = nsl_tensor_zeros sig6
    fn7 = nsl_list_new sig7
    fn8 = nsl_list_push sig8
    fn9 = nsl_tensor_ones sig9

block0:
    v0 = iconst.i64 24
    v1 = call fn0(v0)  ; v0 = 24
    v2 = call fn1()
    v3 = iconst.i64 4
    call fn2(v2, v3)  ; v3 = 4
    v4 = iconst.i64 8
    call fn2(v2, v4)  ; v4 = 8
    v5 = call fn3(v2)
    store notrap aligned v5, v1
    v6 = call fn4()
    v7 = iconst.i64 8
    call fn5(v6, v7)  ; v7 = 8
    v8 = call fn6(v6)
    store notrap aligned v8, v1+8
    v9 = call fn7()
    v10 = iconst.i64 8
    call fn8(v9, v10)  ; v10 = 8
    v11 = iconst.i64 2
    call fn8(v9, v11)  ; v11 = 2
    v12 = call fn9(v9)
    store notrap aligned v12, v1+16
    return v1
}

--- IR: model method '__nsl_model_Mlp_forward' ---
function <model method '__nsl_model_Mlp_forward'>(i64, i64) -> i64 <callconv> {
    sig0 = (i64, i64, i8) -> i64 <callconv>
    sig1 = (i64, i64, i8) -> i64 <callconv>
    sig2 = (i64) -> i64 <callconv>
    sig3 = (i64) <callconv>
    sig4 = (i64) <callconv>
    sig5 = (i64, i64, i8) -> i64 <callconv>
    sig6 = (i64) <callconv>
    fn0 = nsl_tensor_matmul sig0
    fn1 = nsl_tensor_add sig1
    fn2 = nsl_tensor_silu sig2
    fn3 = nsl_tensor_free sig3
    fn4 = nsl_tensor_free sig4
    fn5 = nsl_tensor_matmul sig5
    fn6 = nsl_tensor_free_if_valid sig6

block0(v0: i64, v1: i64):
    v2 = load.i64 notrap aligned v0
    v3 = iconst.i8 0
    v4 = call fn0(v1, v2, v3)  ; v3 = 0
    v5 = load.i64 notrap aligned v0+8
    v6 = iconst.i8 0
    v7 = call fn1(v4, v5, v6)  ; v6 = 0
    v8 = call fn2(v7)
    call fn3(v4)
    v9 = iconst.i64 0
    call fn4(v7)
    v10 = iconst.i64 0
    v11 = load.i64 notrap aligned v0+16
    v12 = iconst.i8 0
    v13 = call fn5(v8, v11, v12)  ; v12 = 0
    call fn6(v8)
    v14 = iconst.i64 0
    return v13
}

--- IR: main ---
function <main>(i32, i64) -> i32 <callconv> {
    gv0 = symbol colocated .str.1
    gv1 = symbol colocated .str.2
    gv2 = symbol colocated .str.3
    gv3 = symbol colocated .str.4
    gv4 = symbol colocated .str.5
    sig0 = (i32, i64) <callconv>
    sig1 = (i64, i64) -> i64 <callconv>
    sig2 = (i64, i64, f64, i64, i64, i64, i64) -> i64 <callconv>
    sig3 = () -> i64 <callconv>
    sig4 = () -> i64 <callconv>
    sig5 = (i64, i64) <callconv>
    sig6 = (i64) -> i64 <callconv>
    sig7 = () -> i64 <callconv>
    sig8 = (i64, i64) <callconv>
    sig9 = (i64) -> i64 <callconv>
    sig10 = () <callconv>
    sig11 = () -> i8 <callconv>
    sig12 = (i8) <callconv>
    sig13 = () -> i64 <callconv>
    sig14 = (i64, i64) <callconv>
    sig15 = (i64, i64) <callconv>
    sig16 = (i64, i64) <callconv>
    sig17 = (i8) <callconv>
    sig18 = () -> i64 <callconv>
    sig19 = (i64, i64) <callconv>
    sig20 = (i64, i64) <callconv>
    sig21 = (i64, i64) <callconv>
    sig22 = () -> i64 <callconv>
    sig23 = () -> i64 <callconv>
    sig24 = (i64, i64) -> i64 <callconv>
    sig25 = (i8) <callconv>
    sig26 = (i64) -> i64 <callconv>
    sig27 = (i64, i64) <callconv>
    sig28 = (i8) <callconv>
    sig29 = (i64, i64) -> i64 <callconv>
    sig30 = (i64) -> i64 <callconv>
    sig31 = (i64) -> i64 <callconv>
    sig32 = (i64, i64) <callconv>
    sig33 = (i8) <callconv>
    sig34 = (i64, i64) -> i64 <callconv>
    sig35 = () -> i64 <callconv>
    sig36 = (i8) <callconv>
    sig37 = (i64, i64) -> i64 <callconv>
    sig38 = (i64) -> i64 <callconv>
    sig39 = (i64, i64) <callconv>
    sig40 = (i8) <callconv>
    sig41 = () <callconv>
    sig42 = (i8) <callconv>
    sig43 = (i64) <callconv>
    sig44 = (i8) <callconv>
    sig45 = (i64, i64) <callconv>
    sig46 = (i64, i64) <callconv>
    sig47 = (i64) <callconv>
    sig48 = (i64, i64, i8) -> i64 <callconv>
    sig49 = (i64, i64, i8) -> i64 <callconv>
    sig50 = (i64) -> i64 <callconv>
    sig51 = (i64, i64, i8) -> i64 <callconv>
    sig52 = (i64, i64, i8) -> i64 <callconv>
    sig53 = (i64, i64, i8) -> i64 <callconv>
    sig54 = (i64, i64, i64) -> i64 <callconv>
    sig55 = (i64) <callconv>
    sig56 = (f64, i64) -> i64 <callconv>
    sig57 = (i64) -> i64 <callconv>
    sig58 = (i64) -> i64 <callconv>
    sig59 = (i64, f64, i8) -> i64 <callconv>
    sig60 = (i64) -> i64 <callconv>
    sig61 = (i64, i64) -> i64 <callconv>
    sig62 = (i64) -> i64 <callconv>
    sig63 = (i64, i64, i8) -> i64 <callconv>
    sig64 = (i64, i64) -> i64 <callconv>
    sig65 = (i64, i64, i8) -> i64 <callconv>
    sig66 = (i64, i64) -> i64 <callconv>
    sig67 = (i64, i64, i8) -> i64 <callconv>
    sig68 = (i64, i64) -> i64 <callconv>
    sig69 = (i64, i64, i64) -> i64 <callconv>
    sig70 = (i64, i64, i8) -> i64 <callconv>
    sig71 = (i64, i64, i64) -> i64 <callconv>
    sig72 = (i64, i64, i8) -> i64 <callconv>
    sig73 = (i64, i64) -> i64 <callconv>
    sig74 = (i64, i64) -> i64 <callconv>
    sig75 = (i64, i64) -> i64 <callconv>
    sig76 = (i64, i64) -> i64 <callconv>
    sig77 = (i64, i64, i64) -> i64 <callconv>
    sig78 = (i64, i64, i8) -> i64 <callconv>
    sig79 = (i64, i64) -> i64 <callconv>
    sig80 = () -> i64 <callconv>
    sig81 = () -> i8 <callconv>
    sig82 = (i8) <callconv>
    sig83 = (i64, i64) -> i64 <callconv>
    sig84 = (i64) -> i64 <callconv>
    sig85 = (i64, i64) <callconv>
    sig86 = (i8) <callconv>
    sig87 = (i64, i64) -> i64 <callconv>
    sig88 = (i64, i64) -> i64 <callconv>
    sig89 = (i64, i64, i8) -> i64 <callconv>
    sig90 = (i64) <callconv>
    sig91 = (i64, i64, i64) <callconv>
    sig92 = (i8, i64) <callconv>
    sig93 = (i64, i64) -> i64 <callconv>
    sig94 = (i64, i64) -> i64 <callconv>
    sig95 = (i64, i64, i8) -> i64 <callconv>
    sig96 = (i64) <callconv>
    sig97 = (i64, i64, i64) <callconv>
    sig98 = (i8, i64) <callconv>
    sig99 = (i64, i64) -> i64 <callconv>
    sig100 = (i64, i64) -> i64 <callconv>
    sig101 = (i64, i64, i8) -> i64 <callconv>
    sig102 = (i64) <callconv>
    sig103 = (i64, i64, i64) <callconv>
    sig104 = (i8, i64) <callconv>
    sig105 = (i64) <callconv>
    sig106 = (i64) <callconv>
    sig107 = (i64) <callconv>
    sig108 = (i64) <callconv>
    sig109 = (i64) <callconv>
    sig110 = (i64) <callconv>
    sig111 = (i64) <callconv>
    sig112 = (i64) <callconv>
    sig113 = (i64) <callconv>
    sig114 = (i64) <callconv>
    sig115 = (i64) <callconv>
    sig116 = (i64) <callconv>
    sig117 = (i64) <callconv>
    sig118 = (i64) <callconv>
    sig119 = (i64) <callconv>
    sig120 = (i64) <callconv>
    sig121 = (i64) <callconv>
    sig122 = (i64) <callconv>
    sig123 = (i64) <callconv>
    sig124 = (i64) <callconv>
    sig125 = (i64) <callconv>
    sig126 = (i64) <callconv>
    sig127 = (i64) <callconv>
    sig128 = (i64) <callconv>
    sig129 = (i64) <callconv>
    sig130 = (i64) <callconv>
    sig131 = (i64) <callconv>
    sig132 = (i8) <callconv>
    sig133 = (i64, i64) -> i64 <callconv>
    sig134 = (i64, i64) -> i64 <callconv>
    sig135 = (i64) -> i64 <callconv>
    sig136 = (i64, i64, i64) -> i64 <callconv>
    sig137 = (i64) <callconv>
    sig138 = (i64) <callconv>
    sig139 = (i64, i64) -> i64 <callconv>
    sig140 = (i64, i64) -> i64 <callconv>
    sig141 = (i64, i64) -> i64 <callconv>
    sig142 = (i64, i64) -> i64 <callconv>
    sig143 = (i64, i64) -> i64 <callconv>
    sig144 = (i64, i64, i64, i64, f64, f64, f64, f64, f64, f64, f64, f64, i8, f64, f64) <callconv>
    sig145 = (i64, i64) -> i64 <callconv>
    sig146 = (i64) -> i64 <callconv>
    sig147 = (i64, i64) -> i64 <callconv>
    sig148 = (i64) <callconv>
    sig149 = () <callconv>
    sig150 = (i8) <callconv>
    sig151 = () <callconv>
    sig152 = (i64) <callconv>
    sig153 = (i64) <callconv>
    sig154 = (i64) <callconv>
    sig155 = (i64, i64) -> i64 <callconv>
    sig156 = (i64) <callconv>
    sig157 = (i64, i64) -> i64 <callconv>
    sig158 = (i64) <callconv>
    sig159 = (i64) <callconv>
    sig160 = (i64) <callconv>
    sig161 = (i64, i64) -> i64 <callconv>
    sig162 = (i64) <callconv>
    sig163 = (i64) <callconv>
    sig164 = (i64) -> i64 <callconv>
    sig165 = (i64) <callconv>
    sig166 = (i64) <callconv>
    sig167 = (i64) <callconv>
    sig168 = (i64) <callconv>
    fn0 = nsl_args_init sig0
    fn1 = nsl_set_exec_fingerprint sig1
    fn2 = nsl_set_matmul_config sig2
    fn3 = colocated __nsl_model_Mlp sig3
    fn4 = nsl_list_new sig4
    fn5 = nsl_list_push sig5
    fn6 = nsl_tensor_ones sig6
    fn7 = nsl_list_new sig7
    fn8 = nsl_list_push sig8
    fn9 = nsl_tensor_zeros sig9
    fn10 = nsl_gpu_set_persistent_pool sig10
    fn11 = nsl_gpu_get_alloc_surface sig11
    fn12 = nsl_gpu_set_alloc_surface sig12
    fn13 = nsl_list_new sig13
    fn14 = nsl_list_push sig14
    fn15 = nsl_list_push sig15
    fn16 = nsl_list_push sig16
    fn17 = nsl_gpu_set_alloc_surface sig17
    fn18 = nsl_list_new sig18
    fn19 = nsl_list_push sig19
    fn20 = nsl_list_push sig20
    fn21 = nsl_list_push sig21
    fn22 = nsl_list_new sig22
    fn23 = nsl_list_new sig23
    fn24 = nsl_list_get sig24
    fn25 = nsl_gpu_set_alloc_surface sig25
    fn26 = nsl_tensor_zeros_like sig26
    fn27 = nsl_list_push sig27
    fn28 = nsl_gpu_set_alloc_surface sig28
    fn29 = nsl_list_get sig29
    fn30 = nsl_tensor_ndim sig30
    fn31 = nsl_tensor_zeros_like sig31
    fn32 = nsl_list_push sig32
    fn33 = nsl_gpu_set_alloc_surface sig33
    fn34 = nsl_set_train_config_record sig34
    fn35 = nsl_list_new sig35
    fn36 = nsl_gpu_set_alloc_surface sig36
    fn37 = nsl_list_get sig37
    fn38 = nsl_tensor_zeros_like sig38
    fn39 = nsl_list_push sig39
    fn40 = nsl_gpu_set_alloc_surface sig40
    fn41 = nsl_gpu_set_transient_pool sig41
    fn42 = nsl_gpu_set_alloc_surface sig42
    fn43 = nsl_debug_gpu_mem sig43
    fn44 = nsl_set_training_mode sig44
    fn45 = nsl_train_input_device_guard sig45
    fn46 = nsl_train_input_device_guard sig46
    fn47 = nsl_set_inplace_suppressed sig47
    fn48 = nsl_tensor_matmul sig48
    fn49 = nsl_tensor_add sig49
    fn50 = nsl_tensor_silu sig50
    fn51 = nsl_tensor_matmul sig51
    fn52 = nsl_tensor_sub sig52
    fn53 = nsl_tensor_mul sig53
    fn54 = nsl_tensor_mean_dim sig54
    fn55 = nsl_set_inplace_suppressed sig55
    fn56 = nsl_tensor_scalar sig56
    fn57 = nsl_tensor_len sig57
    fn58 = nsl_tensor_len sig58
    fn59 = nsl_tensor_mul_scalar sig59
    fn60 = nsl_tensor_shape sig60
    fn61 = nsl_tensor_expand sig61
    fn62 = nsl_tensor_contiguous sig62
    fn63 = nsl_tensor_mul sig63
    fn64 = nsl_tensor_reduce_to_shape sig64
    fn65 = nsl_tensor_mul sig65
    fn66 = nsl_tensor_reduce_to_shape sig66
    fn67 = nsl_tensor_add sig67
    fn68 = nsl_tensor_reduce_to_shape sig68
    fn69 = nsl_tensor_transpose sig69
    fn70 = nsl_tensor_matmul sig70
    fn71 = nsl_tensor_transpose sig71
    fn72 = nsl_tensor_matmul sig72
    fn73 = nsl_tensor_reduce_to_shape sig73
    fn74 = nsl_tensor_silu_backward sig74
    fn75 = nsl_tensor_reduce_to_shape sig75
    fn76 = nsl_tensor_reduce_to_shape sig76
    fn77 = nsl_tensor_transpose sig77
    fn78 = nsl_tensor_matmul sig78
    fn79 = nsl_tensor_reduce_to_shape sig79
    fn80 = nsl_list_new sig80
    fn81 = nsl_gpu_get_alloc_surface sig81
    fn82 = nsl_gpu_set_alloc_surface sig82
    fn83 = nsl_list_get sig83
    fn84 = nsl_tensor_zeros_like sig84
    fn85 = nsl_list_push sig85
    fn86 = nsl_gpu_set_alloc_surface sig86
    fn87 = nsl_list_get sig87
    fn88 = nsl_list_get sig88
    fn89 = nsl_tensor_add sig89
    fn90 = nsl_tensor_free sig90
    fn91 = nsl_list_set sig91
    fn92 = nsl_assert sig92
    fn93 = nsl_list_get sig93
    fn94 = nsl_list_get sig94
    fn95 = nsl_tensor_add sig95
    fn96 = nsl_tensor_free sig96
    fn97 = nsl_list_set sig97
    fn98 = nsl_assert sig98
    fn99 = nsl_list_get sig99
    fn100 = nsl_list_get sig100
    fn101 = nsl_tensor_add sig101
    fn102 = nsl_tensor_free sig102
    fn103 = nsl_list_set sig103
    fn104 = nsl_assert sig104
    fn105 = nsl_tensor_free sig105
    fn106 = nsl_list_free sig106
    fn107 = nsl_tensor_free sig107
    fn108 = nsl_tensor_free sig108
    fn109 = nsl_tensor_free sig109
    fn110 = nsl_tensor_free sig110
    fn111 = nsl_tensor_free sig111
    fn112 = nsl_tensor_free sig112
    fn113 = nsl_tensor_free sig113
    fn114 = nsl_tensor_free sig114
    fn115 = nsl_tensor_free sig115
    fn116 = nsl_tensor_free sig116
    fn117 = nsl_tensor_free sig117
    fn118 = nsl_tensor_free sig118
    fn119 = nsl_tensor_free sig119
    fn120 = nsl_tensor_free sig120
    fn121 = nsl_tensor_free sig121
    fn122 = nsl_tensor_free sig122
    fn123 = nsl_tensor_free sig123
    fn124 = nsl_tensor_free sig124
    fn125 = nsl_tensor_free sig125
    fn126 = nsl_tensor_free sig126
    fn127 = nsl_tensor_free sig127
    fn128 = nsl_tensor_free sig128
    fn129 = nsl_tensor_free sig129
    fn130 = nsl_tensor_free sig130
    fn131 = nsl_tensor_free sig131
    fn132 = nsl_set_training_mode sig132
    fn133 = nsl_list_get sig133
    fn134 = nsl_list_get sig134
    fn135 = nsl_tensor_len sig135
    fn136 = nsl_grad_accumulate_add sig136
    fn137 = nsl_tensor_free sig137
    fn138 = nsl_list_free sig138
    fn139 = nsl_list_get sig139
    fn140 = nsl_list_get sig140
    fn141 = nsl_list_get sig141
    fn142 = nsl_list_get sig142
    fn143 = nsl_list_get sig143
    fn144 = nsl_optim_muon__muon_step sig144
    fn145 = nsl_list_get sig145
    fn146 = nsl_tensor_len sig146
    fn147 = nsl_grad_zero sig147
    fn148 = nsl_tensor_free sig148
    fn149 = nsl_gpu_set_persistent_pool sig149
    fn150 = nsl_gpu_set_alloc_surface sig150
    fn151 = nsl_gpu_drain_cache sig151
    fn152 = nsl_debug_gpu_mem sig152
    fn153 = nsl_debug_gpu_alloc_summary sig153
    fn154 = nsl_list_free sig154
    fn155 = nsl_list_get sig155
    fn156 = nsl_tensor_free sig156
    fn157 = nsl_list_get sig157
    fn158 = nsl_tensor_free sig158
    fn159 = nsl_list_free sig159
    fn160 = nsl_list_free sig160
    fn161 = nsl_list_get sig161
    fn162 = nsl_tensor_free sig162
    fn163 = nsl_list_free sig163
    fn164 = nsl_tensor_sum sig164
    fn165 = nsl_tensor_print sig165
    fn166 = nsl_tensor_free sig166
    fn167 = nsl_tensor_free_if_valid sig167
    fn168 = nsl_tensor_free_if_valid sig168

block0(v0: i32, v1: i64):
    call fn0(v0, v1)
    v2 = symbol_value.i64 gv0
    v3 = iconst.i64 296
    v4 = call fn1(v2, v3)  ; v3 = 296
    v5 = iconst.i64 0
    v6 = iconst.i64 0
    v7 = f64const 0x1.0000000000000p9
    v8 = iconst.i64 1
    v9 = iconst.i64 0
    v10 = iconst.i64 64
    v11 = iconst.i64 1
    v12 = call fn2(v5, v6, v7, v8, v9, v10, v11)  ; v5 = 0, v6 = 0, v7 = 0x1.0000000000000p9, v8 = 1, v9 = 0, v10 = 64, v11 = 1
    v13 = call fn3()
    v101 -> v13
    v365 -> v13
    v366 -> v13
    v431 -> v13
    v432 -> v13
    v367 -> v366
    v368 -> v101
    v369 -> v101
    v370 -> v101
    v371 -> v101
    v372 -> v101
    v373 -> v101
    v377 -> v101
    v378 -> v101
    v374 -> v372
    v375 -> v371
    v376 -> v370
    v14 = call fn4()
    v15 = iconst.i64 4
    call fn5(v14, v15)  ; v15 = 4
    v16 = iconst.i64 4
    call fn5(v14, v16)  ; v16 = 4
    v17 = call fn6(v14)
    v102 -> v17
    v379 -> v17
    v380 -> v17
    v437 -> v17
    v438 -> v17
    v381 -> v380
    v382 -> v102
    v383 -> v102
    v384 -> v102
    v385 -> v102
    v386 -> v102
    v387 -> v102
    v391 -> v102
    v392 -> v102
    v388 -> v386
    v389 -> v385
    v390 -> v384
    v18 = call fn7()
    v19 = iconst.i64 4
    call fn8(v18, v19)  ; v19 = 4
    v20 = iconst.i64 2
    call fn8(v18, v20)  ; v20 = 2
    v21 = call fn9(v18)
    v103 -> v21
    v393 -> v21
    v394 -> v21
    v440 -> v21
    v441 -> v21
    v395 -> v394
    v396 -> v103
    v397 -> v103
    v398 -> v103
    v399 -> v103
    v400 -> v103
    v401 -> v103
    v405 -> v103
    v406 -> v103
    v402 -> v400
    v403 -> v399
    v404 -> v398
    call fn10()
    v22 = iconst.i64 0
    v23 = call fn11()
    v24 = iconst.i8 1
    call fn12(v24)  ; v24 = 1
    v25 = iconst.i64 0
    v26 = call fn13()
    v27 = load.i64 notrap aligned v13
    call fn14(v26, v27)
    v28 = iconst.i64 0
    v29 = load.i64 notrap aligned v13+8
    call fn15(v26, v29)
    v30 = iconst.i64 0
    v31 = load.i64 notrap aligned v13+16
    call fn16(v26, v31)
    v32 = iconst.i64 0
    call fn17(v23)
    v33 = iconst.i64 0
    v34 = iconst.i64 3
    v35 = call fn18()
    v36 = iconst.i64 0
    call fn19(v35, v36)  ; v36 = 0
    v37 = iconst.i64 0
    v38 = iconst.i64 1
    call fn20(v35, v38)  ; v38 = 1
    v39 = iconst.i64 0
    v40 = iconst.i64 0
    call fn21(v35, v40)  ; v40 = 0
    v41 = iconst.i64 0
    v42 = call fn22()
    v43 = call fn23()
    v44 = iconst.i64 0
    jump block1(v44)  ; v44 = 0

block1(v45: i64):
    v46 = icmp slt v45, v34  ; v34 = 3
    brif v46, block2, block3

block2:
    v47 = call fn24(v26, v45)
    v48 = iconst.i8 2
    call fn25(v48)  ; v48 = 2
    v49 = iconst.i64 0
    v50 = call fn26(v47)
    call fn27(v42, v50)
    v51 = iconst.i64 0
    v52 = iconst.i8 3
    call fn28(v52)  ; v52 = 3
    v53 = iconst.i64 0
    v54 = call fn29(v35, v45)
    v55 = call fn30(v47)
    v56 = iconst.i64 0
    v57 = iconst.i64 2
    v58 = icmp eq v54, v56  ; v56 = 0
    v59 = icmp eq v55, v57  ; v57 = 2
    v60 = band v58, v59
    v61 = iconst.i8 0
    v62 = icmp eq v60, v61  ; v61 = 0
    brif v62, block4, block5

block4:
    v64 = call fn31(v47)
    jump block6(v64)

block5:
    v65 = iconst.i64 0
    jump block6(v65)  ; v65 = 0

block6(v63: i64):
    call fn32(v43, v63)
    v66 = iconst.i64 0
    v67 = iconst.i64 1
    v68 = iadd.i64 v45, v67  ; v67 = 1
    jump block1(v68)

block3:
    call fn33(v23)
    v69 = iconst.i64 0
    v70 = f64const 0x1.0624dd2f1a9fcp-9
    v301 -> v70
    v407 -> v70
    v296 -> v301
    v297 -> v301
    v298 -> v301
    v299 -> v301
    v300 -> v301
    v408 -> v301
    v409 -> v301
    v410 -> v301
    v302 -> v299
    v303 -> v298
    v304 -> v297
    v71 = iconst.i64 0
    v364 -> v71
    v72 = symbol_value.i64 gv1
    v73 = iconst.i64 166
    v74 = call fn34(v72, v73)  ; v73 = 166
    v75 = iconst.i64 0
    v76 = call fn35()
    v77 = iconst.i8 4
    call fn36(v77)  ; v77 = 4
    v78 = iconst.i64 0
    v79 = iconst.i64 0
    jump block7(v79)  ; v79 = 0

block7(v80: i64):
    v81 = icmp slt v80, v34  ; v34 = 3
    brif v81, block8, block9

block8:
    v82 = call fn37(v26, v80)
    v83 = call fn38(v82)
    call fn39(v76, v83)
    v84 = iconst.i64 0
    v85 = iconst.i64 1
    v86 = iadd.i64 v80, v85  ; v85 = 1
    jump block7(v86)

block9:
    call fn40(v23)
    v87 = iconst.i64 0
    v88 = iconst.i64 0
    v89 = iconst.i64 1
    jump block10(v88, v71)  ; v88 = 0, v71 = 0

block10(v90: i64, v97: i64):
    v351 -> v90
    v352 -> v90
    v353 -> v90
    v354 -> v90
    v355 -> v90
    v356 -> v90
    v360 -> v90
    v361 -> v90
    v357 -> v355
    v358 -> v354
    v359 -> v353
    v271 -> v97
    v272 -> v97
    v273 -> v97
    v274 -> v97
    v324 -> v97
    v331 -> v97
    v340 -> v97
    v341 -> v97
    v275 -> v273
    v276 -> v272
    v277 -> v271
    v91 = icmp slt v90, v89  ; v89 = 1
    brif v91, block11, block13

block11:
    v92 = iconst.i64 0
    v93 = iconst.i64 0
    call fn41()
    v94 = iconst.i64 0
    v95 = iconst.i8 6
    call fn42(v95)  ; v95 = 6
    v96 = iconst.i64 0
    call fn43(v97)
    v98 = iconst.i64 0
    v99 = iconst.i8 1
    call fn44(v99)  ; v99 = 1
    v100 = iconst.i64 0
    call fn45(v102, v26)
    v104 = iconst.i64 0
    call fn46(v103, v26)
    v105 = iconst.i64 0
    v106 = load.i64 notrap aligned v13
    v107 = load.i64 notrap aligned v13+8
    v108 = load.i64 notrap aligned v13+16
    v109 = iconst.i64 1
    call fn47(v109)  ; v109 = 1
    v110 = iconst.i64 0
    v111 = iconst.i8 0
    v112 = call fn48(v102, v106, v111)  ; v111 = 0
    v113 = iconst.i8 0
    v114 = call fn49(v112, v107, v113)  ; v113 = 0
    v115 = call fn50(v114)
    v116 = iconst.i8 0
    v117 = call fn51(v115, v108, v116)  ; v116 = 0
    v118 = iconst.i8 0
    v119 = call fn52(v117, v103, v118)  ; v118 = 0
    v120 = iconst.i8 0
    v121 = call fn53(v119, v119, v120)  ; v120 = 0
    v122 = iconst.i64 -1
    v123 = iconst.i64 0
    v124 = call fn54(v121, v122, v123)  ; v122 = -1, v123 = 0
    v125 = iconst.i64 0
    call fn55(v125)  ; v125 = 0
    v126 = iconst.i64 0
    v127 = f64const 0x1.0000000000000p0
    v128 = iconst.i64 1
    v129 = call fn56(v127, v128)  ; v127 = 0x1.0000000000000p0, v128 = 1
    v130 = call fn57(v124)
    v131 = call fn58(v121)
    v132 = fcvt_from_sint.f64 v130
    v133 = fcvt_from_sint.f64 v131
    v134 = fdiv v132, v133
    v135 = iconst.i8 0
    v136 = call fn59(v129, v134, v135)  ; v135 = 0
    v137 = call fn60(v121)
    v138 = call fn61(v136, v137)
    v139 = call fn62(v138)
    v140 = iconst.i8 0
    v141 = call fn63(v139, v119, v140)  ; v140 = 0
    v142 = call fn64(v141, v119)
    v143 = iconst.i8 0
    v144 = call fn65(v139, v119, v143)  ; v143 = 0
    v145 = call fn66(v144, v119)
    v146 = iconst.i8 0
    v147 = call fn67(v142, v145, v146)  ; v146 = 0
    v148 = call fn68(v147, v117)
    v149 = iconst.i64 -2
    v150 = iconst.i64 -1
    v151 = call fn69(v108, v149, v150)  ; v149 = -2, v150 = -1
    v152 = iconst.i8 0
    v153 = call fn70(v148, v151, v152)  ; v152 = 0
    v154 = iconst.i64 -2
    v155 = iconst.i64 -1
    v156 = call fn71(v115, v154, v155)  ; v154 = -2, v155 = -1
    v157 = iconst.i8 0
    v158 = call fn72(v156, v148, v157)  ; v157 = 0
    v159 = call fn73(v158, v108)
    v160 = call fn74(v153, v114)
    v161 = call fn75(v160, v112)
    v162 = call fn76(v160, v107)
    v163 = iconst.i64 -2
    v164 = iconst.i64 -1
    v165 = call fn77(v102, v163, v164)  ; v163 = -2, v164 = -1
    v166 = iconst.i8 0
    v167 = call fn78(v165, v161, v166)  ; v166 = 0
    v168 = call fn79(v167, v106)
    v169 = call fn80()
    v170 = call fn81()
    v171 = iconst.i8 5
    call fn82(v171)  ; v171 = 5
    v172 = iconst.i64 0
    v173 = iconst.i64 0
    jump block15(v173)  ; v173 = 0

block15(v174: i64):
    v175 = icmp slt v174, v34  ; v34 = 3
    brif v175, block16, block17

block16:
    v176 = call fn83(v26, v174)
    v177 = call fn84(v176)
    call fn85(v169, v177)
    v178 = iconst.i64 0
    v179 = iconst.i64 1
    v180 = iadd.i64 v174, v179  ; v179 = 1
    jump block15(v180)

block17:
    call fn86(v170)
    v181 = iconst.i64 0
    v182 = iconst.i64 0
    jump block18(v182, v182)  ; v182 = 0, v182 = 0

block18(v183: i64, v190: i64):
    v184 = icmp slt v183, v34  ; v34 = 3
    brif v184, block19, block22

block19:
    v185 = call fn87(v26, v183)
    v186 = icmp eq v185, v106
    brif v186, block20, block21(v190)

block20:
    v187 = call fn88(v169, v183)
    v188 = iconst.i8 0
    v189 = call fn89(v187, v168, v188)  ; v188 = 0
    v191 = iconst.i64 1
    v192 = iadd.i64 v190, v191  ; v191 = 1
    call fn90(v187)
    v193 = iconst.i64 0
    call fn91(v169, v183, v189)
    v194 = iconst.i64 0
    jump block21(v192)

block21(v197: i64):
    v195 = iconst.i64 1
    v196 = iadd.i64 v183, v195  ; v195 = 1
    jump block18(v196, v197)

block22:
    v198 = iconst.i64 0
    v199 = icmp.i64 ne v190, v198  ; v198 = 0
    v200 = symbol_value.i64 gv2
    call fn92(v199, v200)
    v201 = iconst.i64 0
    v202 = iconst.i64 0
    jump block23(v202, v202)  ; v202 = 0, v202 = 0

block23(v203: i64, v210: i64):
    v204 = icmp slt v203, v34  ; v34 = 3
    brif v204, block24, block27

block24:
    v205 = call fn93(v26, v203)
    v206 = icmp eq v205, v107
    brif v206, block25, block26(v210)

block25:
    v207 = call fn94(v169, v203)
    v208 = iconst.i8 0
    v209 = call fn95(v207, v162, v208)  ; v208 = 0
    v211 = iconst.i64 1
    v212 = iadd.i64 v210, v211  ; v211 = 1
    call fn96(v207)
    v213 = iconst.i64 0
    call fn97(v169, v203, v209)
    v214 = iconst.i64 0
    jump block26(v212)

block26(v217: i64):
    v215 = iconst.i64 1
    v216 = iadd.i64 v203, v215  ; v215 = 1
    jump block23(v216, v217)

block27:
    v218 = iconst.i64 0
    v219 = icmp.i64 ne v210, v218  ; v218 = 0
    v220 = symbol_value.i64 gv3
    call fn98(v219, v220)
    v221 = iconst.i64 0
    v222 = iconst.i64 0
    jump block28(v222, v222)  ; v222 = 0, v222 = 0

block28(v223: i64, v230: i64):
    v224 = icmp slt v223, v34  ; v34 = 3
    brif v224, block29, block32

block29:
    v225 = call fn99(v26, v223)
    v226 = icmp eq v225, v108
    brif v226, block30, block31(v230)

block30:
    v227 = call fn100(v169, v223)
    v228 = iconst.i8 0
    v229 = call fn101(v227, v159, v228)  ; v228 = 0
    v231 = iconst.i64 1
    v232 = iadd.i64 v230, v231  ; v231 = 1
    call fn102(v227)
    v233 = iconst.i64 0
    call fn103(v169, v223, v229)
    v234 = iconst.i64 0
    jump block31(v232)

block31(v237: i64):
    v235 = iconst.i64 1
    v236 = iadd.i64 v223, v235  ; v235 = 1
    jump block28(v236, v237)

block32:
    v238 = iconst.i64 0
    v239 = icmp.i64 ne v230, v238  ; v238 = 0
    v240 = symbol_value.i64 gv4
    call fn104(v239, v240)
    v241 = iconst.i64 0
    call fn105(v136)
    v242 = iconst.i64 0
    call fn106(v137)
    v243 = iconst.i64 0
    call fn107(v138)
    v244 = iconst.i64 0
    call fn108(v139)
    v245 = iconst.i64 0
    call fn109(v141)
    v246 = iconst.i64 0
    call fn110(v142)
    v247 = iconst.i64 0
    call fn111(v144)
    v248 = iconst.i64 0
    call fn112(v145)
    v249 = iconst.i64 0
    call fn113(v147)
    v250 = iconst.i64 0
    call fn114(v148)
    v251 = iconst.i64 0
    call fn115(v151)
    v252 = iconst.i64 0
    call fn116(v153)
    v253 = iconst.i64 0
    call fn117(v156)
    v254 = iconst.i64 0
    call fn118(v158)
    v255 = iconst.i64 0
    call fn119(v159)
    v256 = iconst.i64 0
    call fn120(v160)
    v257 = iconst.i64 0
    call fn121(v161)
    v258 = iconst.i64 0
    call fn122(v162)
    v259 = iconst.i64 0
    call fn123(v165)
    v260 = iconst.i64 0
    call fn124(v167)
    v261 = iconst.i64 0
    call fn125(v168)
    v262 = iconst.i64 0
    call fn126(v112)
    v263 = iconst.i64 0
    call fn127(v114)
    v264 = iconst.i64 0
    call fn128(v115)
    v265 = iconst.i64 0
    call fn129(v117)
    v266 = iconst.i64 0
    call fn130(v119)
    v267 = iconst.i64 0
    call fn131(v121)
    v268 = iconst.i64 0
    v269 = iconst.i8 0
    call fn132(v269)  ; v269 = 0
    v270 = iconst.i64 0
    v278 = iconst.i64 1
    v279 = iadd.i64 v97, v278  ; v278 = 1
    v280 = iconst.i64 2
    v281 = srem v279, v280  ; v280 = 2
    v282 = iconst.i64 0
    v283 = icmp eq v281, v282  ; v282 = 0
    v295 -> v283
    v284 = iconst.i64 0
    jump block33(v284)  ; v284 = 0

block33(v285: i64):
    v286 = icmp slt v285, v34  ; v34 = 3
    brif v286, block34, block35

block34:
    v287 = call fn133(v76, v285)
    v288 = call fn134(v169, v285)
    v289 = call fn135(v287)
    v290 = call fn136(v287, v288, v289)
    call fn137(v288)
    v291 = iconst.i64 0
    v292 = iconst.i64 1
    v293 = iadd.i64 v285, v292  ; v292 = 1
    jump block33(v293)

block35:
    call fn138(v169)
    v294 = iconst.i64 0
    brif.i8 v283, block36, block37

block36:
    v305 = f64const 0x1.e666666666666p-1
    v306 = f64const 0.0
    v307 = f64const 0x1.47ae147ae147bp-7
    v308 = iconst.i8 1
    v309 = f64const 0x1.ccccccccccccdp-1
    v310 = f64const 0x1.e666666666666p-1
    v311 = f64const 0x1.5798ee2308c3ap-27
    v312 = iconst.i64 0
    jump block38(v312)  ; v312 = 0

block38(v313: i64):
    v314 = icmp slt v313, v34  ; v34 = 3
    brif v314, block39, block40

block39:
    v315 = call fn139(v26, v313)
    v316 = call fn140(v76, v313)
    v317 = call fn141(v42, v313)
    v318 = call fn142(v43, v313)
    v319 = call fn143(v35, v313)
    v320 = fcvt_from_sint.f64 v319
    v321 = f64const 0x1.4000000000000p2
    v322 = f64const 0x1.0000000000000p0
    v323 = fmul.f64 v301, v322  ; v301 = 0x1.0624dd2f1a9fcp-9, v322 = 0x1.0000000000000p0
    v325 = iconst.i64 1
    v326 = iadd.i64 v324, v325  ; v325 = 1
    v327 = fcvt_from_sint.f64 v326
    call fn144(v315, v316, v317, v318, v320, v301, v323, v305, v309, v310, v311, v307, v308, v321, v327)  ; v301 = 0x1.0624dd2f1a9fcp-9, v305 = 0x1.e666666666666p-1, v309 = 0x1.ccccccccccccdp-1, v310 = 0x1.e666666666666p-1, v311 = 0x1.5798ee2308c3ap-27, v307 = 0x1.47ae147ae147bp-7, v308 = 1, v321 = 0x1.4000000000000p2
    v328 = iconst.i64 0
    v329 = iconst.i64 1
    v330 = iadd.i64 v313, v329  ; v329 = 1
    jump block38(v330)

block40:
    v332 = iconst.i64 0
    jump block41(v332)  ; v332 = 0

block41(v333: i64):
    v334 = icmp slt v333, v34  ; v34 = 3
    brif v334, block42, block43

block42:
    v335 = call fn145(v76, v333)
    v336 = call fn146(v335)
    v337 = call fn147(v335, v336)
    v338 = iconst.i64 1
    v339 = iadd.i64 v333, v338  ; v338 = 1
    jump block41(v339)

block43:
    jump block37

block37:
    v342 = iconst.i64 1
    v343 = iadd.i64 v97, v342  ; v342 = 1
    call fn148(v124)
    v344 = iconst.i64 0
    v345 = iconst.i64 0
    call fn149()
    v346 = iconst.i64 0
    call fn150(v23)
    v347 = iconst.i64 0
    call fn151()
    v348 = iconst.i64 0
    call fn152(v343)
    v349 = iconst.i64 0
    call fn153(v343)
    v350 = iconst.i64 0
    jump block12

block12:
    v362 = iconst.i64 1
    v363 = iadd.i64 v90, v362  ; v362 = 1
    jump block10(v363, v343)

block13:
    call fn154(v26)
    v411 = iconst.i64 0
    v412 = iconst.i64 0
    jump block44(v412)  ; v412 = 0

block44(v413: i64):
    v414 = icmp slt v413, v34  ; v34 = 3
    brif v414, block45, block46

block45:
    v415 = call fn155(v42, v413)
    call fn156(v415)
    v416 = iconst.i64 0
    v417 = call fn157(v43, v413)
    call fn158(v417)
    v418 = iconst.i64 0
    v419 = iconst.i64 1
    v420 = iadd.i64 v413, v419  ; v419 = 1
    jump block44(v420)

block46:
    call fn159(v42)
    v421 = iconst.i64 0
    call fn160(v43)
    v422 = iconst.i64 0
    v423 = iconst.i64 0
    jump block47(v423)  ; v423 = 0

block47(v424: i64):
    v425 = icmp slt v424, v34  ; v34 = 3
    brif v425, block48, block49

block48:
    v426 = call fn161(v76, v424)
    call fn162(v426)
    v427 = iconst.i64 0
    v428 = iconst.i64 1
    v429 = iadd.i64 v424, v428  ; v428 = 1
    jump block47(v429)

block49:
    call fn163(v76)
    v430 = iconst.i64 0
    v433 = load.i64 notrap aligned v13+16
    v434 = call fn164(v433)
    call fn165(v434)
    v435 = iconst.i64 0
    call fn166(v434)
    v436 = iconst.i64 0
    call fn167(v17)
    v439 = iconst.i64 0
    call fn168(v21)
    v442 = iconst.i64 0
    v443 = iconst.i32 0
    return v443  ; v443 = 0
}
